2023-07-27T03:40:16.6686320Z Requested labels: ubuntu-latest
2023-07-27T03:40:16.6686675Z Job defined at: dctii/selenium-test/.github/workflows/bdd-to-pages.yml@refs/heads/main
2023-07-27T03:40:16.6686777Z Waiting for a runner to pick up this job...
2023-07-27T03:40:16.8429248Z Job is waiting for a hosted runner to come online.
2023-07-27T03:40:20.2949159Z Job is about to start running on the hosted runner: GitHub Actions 1 (hosted)
2023-07-27T03:40:22.5573630Z Current runner version: '2.306.0'
2023-07-27T03:40:22.5604988Z ##[group]Operating System
2023-07-27T03:40:22.5605958Z Ubuntu
2023-07-27T03:40:22.5606276Z 22.04.2
2023-07-27T03:40:22.5606543Z LTS
2023-07-27T03:40:22.5606881Z ##[endgroup]
2023-07-27T03:40:22.5607264Z ##[group]Runner Image
2023-07-27T03:40:22.5607599Z Image: ubuntu-22.04
2023-07-27T03:40:22.5607951Z Version: 20230724.1.0
2023-07-27T03:40:22.5608517Z Included Software: https://github.com/actions/runner-images/blob/ubuntu22/20230724.1/images/linux/Ubuntu2204-Readme.md
2023-07-27T03:40:22.5609200Z Image Release: https://github.com/actions/runner-images/releases/tag/ubuntu22%2F20230724.1
2023-07-27T03:40:22.5609723Z ##[endgroup]
2023-07-27T03:40:22.5610122Z ##[group]Runner Image Provisioner
2023-07-27T03:40:22.5610440Z 2.0.238.1
2023-07-27T03:40:22.5610780Z ##[endgroup]
2023-07-27T03:40:22.5611605Z ##[group]GITHUB_TOKEN Permissions
2023-07-27T03:40:22.5612231Z Contents: read
2023-07-27T03:40:22.5612527Z Metadata: read
2023-07-27T03:40:22.5613074Z Pages: write
2023-07-27T03:40:22.5613515Z ##[endgroup]
2023-07-27T03:40:22.5617503Z Secret source: Actions
2023-07-27T03:40:22.5617983Z Prepare workflow directory
2023-07-27T03:40:22.6492320Z Prepare all required actions
2023-07-27T03:40:22.6685707Z Getting action download info
2023-07-27T03:40:22.8930324Z Download action repository 'actions/checkout@v3' (SHA:c85c95e3d7251135ab7dc9ce3241c5835cc595a9)
2023-07-27T03:40:23.2513628Z Download action repository 'actions/setup-python@v4' (SHA:61a6322f88396a6271a6ee3565807d608ecaddd1)
2023-07-27T03:40:23.6421778Z Complete job name: bdd-test
2023-07-27T03:40:23.7374340Z ##[group]Run actions/checkout@v3
2023-07-27T03:40:23.7374696Z with:
2023-07-27T03:40:23.7375002Z   repository: dctii/selenium-test
2023-07-27T03:40:23.7375573Z   token: ***
2023-07-27T03:40:23.7375828Z   ssh-strict: true
2023-07-27T03:40:23.7376140Z   persist-credentials: true
2023-07-27T03:40:23.7376433Z   clean: true
2023-07-27T03:40:23.7376728Z   sparse-checkout-cone-mode: true
2023-07-27T03:40:23.7377067Z   fetch-depth: 1
2023-07-27T03:40:23.7377331Z   lfs: false
2023-07-27T03:40:23.7377573Z   submodules: false
2023-07-27T03:40:23.7377866Z   set-safe-directory: true
2023-07-27T03:40:23.7378142Z env:
2023-07-27T03:40:23.7378426Z   TEST_RESULTS_DIR: allure-results
2023-07-27T03:40:23.7378745Z   ALLURE_REPORT_DIR: allure-report
2023-07-27T03:40:23.7379036Z ##[endgroup]
2023-07-27T03:40:24.0097188Z Syncing repository: dctii/selenium-test
2023-07-27T03:40:24.0098989Z ##[group]Getting Git version info
2023-07-27T03:40:24.0099686Z Working directory is '/home/runner/work/selenium-test/selenium-test'
2023-07-27T03:40:24.0100250Z [command]/usr/bin/git version
2023-07-27T03:40:24.0225687Z git version 2.41.0
2023-07-27T03:40:24.0252915Z ##[endgroup]
2023-07-27T03:40:24.0272234Z Temporarily overriding HOME='/home/runner/work/_temp/d8729f21-94d1-4cb2-bf81-a6e9bd4d64ce' before making global git config changes
2023-07-27T03:40:24.0272768Z Adding repository directory to the temporary git global config as a safe directory
2023-07-27T03:40:24.0278617Z [command]/usr/bin/git config --global --add safe.directory /home/runner/work/selenium-test/selenium-test
2023-07-27T03:40:24.0323819Z Deleting the contents of '/home/runner/work/selenium-test/selenium-test'
2023-07-27T03:40:24.0330157Z ##[group]Initializing the repository
2023-07-27T03:40:24.0334964Z [command]/usr/bin/git init /home/runner/work/selenium-test/selenium-test
2023-07-27T03:40:24.0412578Z hint: Using 'master' as the name for the initial branch. This default branch name
2023-07-27T03:40:24.0413389Z hint: is subject to change. To configure the initial branch name to use in all
2023-07-27T03:40:24.0414568Z hint: of your new repositories, which will suppress this warning, call:
2023-07-27T03:40:24.0415052Z hint: 
2023-07-27T03:40:24.0416044Z hint: 	git config --global init.defaultBranch <name>
2023-07-27T03:40:24.0416527Z hint: 
2023-07-27T03:40:24.0417422Z hint: Names commonly chosen instead of 'master' are 'main', 'trunk' and
2023-07-27T03:40:24.0418091Z hint: 'development'. The just-created branch can be renamed via this command:
2023-07-27T03:40:24.0419228Z hint: 
2023-07-27T03:40:24.0419713Z hint: 	git branch -m <name>
2023-07-27T03:40:24.0431419Z Initialized empty Git repository in /home/runner/work/selenium-test/selenium-test/.git/
2023-07-27T03:40:24.0442848Z [command]/usr/bin/git remote add origin https://github.com/dctii/selenium-test
2023-07-27T03:40:24.0487381Z ##[endgroup]
2023-07-27T03:40:24.0488059Z ##[group]Disabling automatic garbage collection
2023-07-27T03:40:24.0491617Z [command]/usr/bin/git config --local gc.auto 0
2023-07-27T03:40:24.0526516Z ##[endgroup]
2023-07-27T03:40:24.0527161Z ##[group]Setting up auth
2023-07-27T03:40:24.0534155Z [command]/usr/bin/git config --local --name-only --get-regexp core\.sshCommand
2023-07-27T03:40:24.0569612Z [command]/usr/bin/git submodule foreach --recursive sh -c "git config --local --name-only --get-regexp 'core\.sshCommand' && git config --local --unset-all 'core.sshCommand' || :"
2023-07-27T03:40:24.0929345Z [command]/usr/bin/git config --local --name-only --get-regexp http\.https\:\/\/github\.com\/\.extraheader
2023-07-27T03:40:24.0965939Z [command]/usr/bin/git submodule foreach --recursive sh -c "git config --local --name-only --get-regexp 'http\.https\:\/\/github\.com\/\.extraheader' && git config --local --unset-all 'http.https://github.com/.extraheader' || :"
2023-07-27T03:40:24.1187224Z [command]/usr/bin/git config --local http.https://github.com/.extraheader AUTHORIZATION: basic ***
2023-07-27T03:40:24.1238080Z ##[endgroup]
2023-07-27T03:40:24.1239086Z ##[group]Fetching the repository
2023-07-27T03:40:24.1240147Z [command]/usr/bin/git -c protocol.version=2 fetch --no-tags --prune --progress --no-recurse-submodules --depth=1 origin +c80341d63eb4dc0a03bc7af9c1368b2f0d06e9c7:refs/remotes/origin/main
2023-07-27T03:40:24.3500485Z remote: Enumerating objects: 39, done.        
2023-07-27T03:40:24.3501220Z remote: Counting objects:   2% (1/39)        
2023-07-27T03:40:24.3501628Z remote: Counting objects:   5% (2/39)        
2023-07-27T03:40:24.3505828Z remote: Counting objects:   7% (3/39)        
2023-07-27T03:40:24.3506123Z remote: Counting objects:  10% (4/39)        
2023-07-27T03:40:24.3517247Z remote: Counting objects:  12% (5/39)        
2023-07-27T03:40:24.3517598Z remote: Counting objects:  15% (6/39)        
2023-07-27T03:40:24.3517908Z remote: Counting objects:  17% (7/39)        
2023-07-27T03:40:24.3518217Z remote: Counting objects:  20% (8/39)        
2023-07-27T03:40:24.3518510Z remote: Counting objects:  23% (9/39)        
2023-07-27T03:40:24.3518832Z remote: Counting objects:  25% (10/39)        
2023-07-27T03:40:24.3519140Z remote: Counting objects:  28% (11/39)        
2023-07-27T03:40:24.3519429Z remote: Counting objects:  30% (12/39)        
2023-07-27T03:40:24.3519725Z remote: Counting objects:  33% (13/39)        
2023-07-27T03:40:24.3520025Z remote: Counting objects:  35% (14/39)        
2023-07-27T03:40:24.3520313Z remote: Counting objects:  38% (15/39)        
2023-07-27T03:40:24.3520610Z remote: Counting objects:  41% (16/39)        
2023-07-27T03:40:24.3520933Z remote: Counting objects:  43% (17/39)        
2023-07-27T03:40:24.3521225Z remote: Counting objects:  46% (18/39)        
2023-07-27T03:40:24.3521538Z remote: Counting objects:  48% (19/39)        
2023-07-27T03:40:24.3521831Z remote: Counting objects:  51% (20/39)        
2023-07-27T03:40:24.3522126Z remote: Counting objects:  53% (21/39)        
2023-07-27T03:40:24.3522405Z remote: Counting objects:  56% (22/39)        
2023-07-27T03:40:24.3522699Z remote: Counting objects:  58% (23/39)        
2023-07-27T03:40:24.3523005Z remote: Counting objects:  61% (24/39)        
2023-07-27T03:40:24.3523298Z remote: Counting objects:  64% (25/39)        
2023-07-27T03:40:24.3523581Z remote: Counting objects:  66% (26/39)        
2023-07-27T03:40:24.3523873Z remote: Counting objects:  69% (27/39)        
2023-07-27T03:40:24.3524169Z remote: Counting objects:  71% (28/39)        
2023-07-27T03:40:24.3524459Z remote: Counting objects:  74% (29/39)        
2023-07-27T03:40:24.3525023Z remote: Counting objects:  76% (30/39)        
2023-07-27T03:40:24.3525573Z remote: Counting objects:  79% (31/39)        
2023-07-27T03:40:24.3525855Z remote: Counting objects:  82% (32/39)        
2023-07-27T03:40:24.3526147Z remote: Counting objects:  84% (33/39)        
2023-07-27T03:40:24.3526443Z remote: Counting objects:  87% (34/39)        
2023-07-27T03:40:24.3526723Z remote: Counting objects:  89% (35/39)        
2023-07-27T03:40:24.3527021Z remote: Counting objects:  92% (36/39)        
2023-07-27T03:40:24.3527326Z remote: Counting objects:  94% (37/39)        
2023-07-27T03:40:24.3527646Z remote: Counting objects:  97% (38/39)        
2023-07-27T03:40:24.3527928Z remote: Counting objects: 100% (39/39)        
2023-07-27T03:40:24.3528291Z remote: Counting objects: 100% (39/39), done.        
2023-07-27T03:40:24.3528628Z remote: Compressing objects:   2% (1/35)        
2023-07-27T03:40:24.3528941Z remote: Compressing objects:   5% (2/35)        
2023-07-27T03:40:24.3529263Z remote: Compressing objects:   8% (3/35)        
2023-07-27T03:40:24.3529579Z remote: Compressing objects:  11% (4/35)        
2023-07-27T03:40:24.3529880Z remote: Compressing objects:  14% (5/35)        
2023-07-27T03:40:24.3530188Z remote: Compressing objects:  17% (6/35)        
2023-07-27T03:40:24.3530503Z remote: Compressing objects:  20% (7/35)        
2023-07-27T03:40:24.3530800Z remote: Compressing objects:  22% (8/35)        
2023-07-27T03:40:24.3531111Z remote: Compressing objects:  25% (9/35)        
2023-07-27T03:40:24.3531616Z remote: Compressing objects:  28% (10/35)        
2023-07-27T03:40:24.3531946Z remote: Compressing objects:  31% (11/35)        
2023-07-27T03:40:24.3532252Z remote: Compressing objects:  34% (12/35)        
2023-07-27T03:40:24.3532571Z remote: Compressing objects:  37% (13/35)        
2023-07-27T03:40:24.3532882Z remote: Compressing objects:  40% (14/35)        
2023-07-27T03:40:24.3533183Z remote: Compressing objects:  42% (15/35)        
2023-07-27T03:40:24.3533502Z remote: Compressing objects:  45% (16/35)        
2023-07-27T03:40:24.3533812Z remote: Compressing objects:  48% (17/35)        
2023-07-27T03:40:24.3534115Z remote: Compressing objects:  51% (18/35)        
2023-07-27T03:40:24.3534424Z remote: Compressing objects:  54% (19/35)        
2023-07-27T03:40:24.3534735Z remote: Compressing objects:  57% (20/35)        
2023-07-27T03:40:24.3535048Z remote: Compressing objects:  60% (21/35)        
2023-07-27T03:40:24.3535351Z remote: Compressing objects:  62% (22/35)        
2023-07-27T03:40:25.2247589Z remote: Compressing objects:  65% (23/35)        
2023-07-27T03:40:25.2248061Z remote: Compressing objects:  68% (24/35)        
2023-07-27T03:40:25.2263465Z remote: Compressing objects:  71% (25/35)        
2023-07-27T03:40:25.2263795Z remote: Compressing objects:  74% (26/35)        
2023-07-27T03:40:25.2265261Z remote: Compressing objects:  77% (27/35)        
2023-07-27T03:40:25.2265911Z remote: Compressing objects:  80% (28/35)        
2023-07-27T03:40:25.2266422Z remote: Compressing objects:  82% (29/35)        
2023-07-27T03:40:25.2267563Z remote: Compressing objects:  85% (30/35)        
2023-07-27T03:40:25.2267857Z remote: Compressing objects:  88% (31/35)        
2023-07-27T03:40:25.2268175Z remote: Compressing objects:  91% (32/35)        
2023-07-27T03:40:25.2268459Z remote: Compressing objects:  94% (33/35)        
2023-07-27T03:40:25.2271227Z remote: Compressing objects:  97% (34/35)        
2023-07-27T03:40:25.2271709Z remote: Compressing objects: 100% (35/35)        
2023-07-27T03:40:25.2272152Z remote: Compressing objects: 100% (35/35), done.        
2023-07-27T03:40:27.1798796Z remote: Total 39 (delta 1), reused 30 (delta 0), pack-reused 0        
2023-07-27T03:40:27.7819603Z From https://github.com/dctii/selenium-test
2023-07-27T03:40:27.7820303Z  * [new ref]         c80341d63eb4dc0a03bc7af9c1368b2f0d06e9c7 -> origin/main
2023-07-27T03:40:27.7851161Z ##[endgroup]
2023-07-27T03:40:27.7851711Z ##[group]Determining the checkout info
2023-07-27T03:40:27.7853442Z ##[endgroup]
2023-07-27T03:40:27.7853943Z ##[group]Checking out the ref
2023-07-27T03:40:27.7859840Z [command]/usr/bin/git checkout --progress --force -B main refs/remotes/origin/main
2023-07-27T03:40:28.1650908Z Switched to a new branch 'main'
2023-07-27T03:40:28.1656653Z branch 'main' set up to track 'origin/main'.
2023-07-27T03:40:28.1666068Z ##[endgroup]
2023-07-27T03:40:28.1717295Z [command]/usr/bin/git log -1 --format='%H'
2023-07-27T03:40:28.1748536Z 'c80341d63eb4dc0a03bc7af9c1368b2f0d06e9c7'
2023-07-27T03:40:28.2057812Z ##[group]Run actions/setup-python@v4
2023-07-27T03:40:28.2058083Z with:
2023-07-27T03:40:28.2058300Z   python-version: 3.11
2023-07-27T03:40:28.2058522Z   check-latest: false
2023-07-27T03:40:28.2058897Z   token: ***
2023-07-27T03:40:28.2059125Z   update-environment: true
2023-07-27T03:40:28.2059369Z   allow-prereleases: false
2023-07-27T03:40:28.2059589Z env:
2023-07-27T03:40:28.2059810Z   TEST_RESULTS_DIR: allure-results
2023-07-27T03:40:28.2060065Z   ALLURE_REPORT_DIR: allure-report
2023-07-27T03:40:28.2060314Z ##[endgroup]
2023-07-27T03:40:28.3764142Z ##[group]Installed versions
2023-07-27T03:40:28.3972242Z Successfully set up CPython (3.11.4)
2023-07-27T03:40:28.3972712Z ##[endgroup]
2023-07-27T03:40:28.4062895Z ##[group]Run wget https://github.com/allure-framework/allure2/releases/download/2.23.1/allure-2.23.1.tgz
2023-07-27T03:40:28.4063483Z [36;1mwget https://github.com/allure-framework/allure2/releases/download/2.23.1/allure-2.23.1.tgz[0m
2023-07-27T03:40:28.4063842Z [36;1mtar -zxvf allure-2.23.1.tgz[0m
2023-07-27T03:40:28.4064137Z [36;1msudo mv allure-2.23.1 /opt/allure[0m
2023-07-27T03:40:28.4064443Z [36;1msudo ln -s /opt/allure/bin/allure /usr/bin/allure[0m
2023-07-27T03:40:28.4126683Z shell: /usr/bin/bash -e {0}
2023-07-27T03:40:28.4126951Z env:
2023-07-27T03:40:28.4127202Z   TEST_RESULTS_DIR: allure-results
2023-07-27T03:40:28.4127485Z   ALLURE_REPORT_DIR: allure-report
2023-07-27T03:40:28.4127793Z   pythonLocation: /opt/hostedtoolcache/Python/3.11.4/x64
2023-07-27T03:40:28.4128188Z   PKG_CONFIG_PATH: /opt/hostedtoolcache/Python/3.11.4/x64/lib/pkgconfig
2023-07-27T03:40:28.4128550Z   Python_ROOT_DIR: /opt/hostedtoolcache/Python/3.11.4/x64
2023-07-27T03:40:28.4128931Z   Python2_ROOT_DIR: /opt/hostedtoolcache/Python/3.11.4/x64
2023-07-27T03:40:28.4129267Z   Python3_ROOT_DIR: /opt/hostedtoolcache/Python/3.11.4/x64
2023-07-27T03:40:28.4129590Z   LD_LIBRARY_PATH: /opt/hostedtoolcache/Python/3.11.4/x64/lib
2023-07-27T03:40:28.4129872Z ##[endgroup]
2023-07-27T03:40:28.4359200Z --2023-07-27 03:40:28--  https://github.com/allure-framework/allure2/releases/download/2.23.1/allure-2.23.1.tgz
2023-07-27T03:40:28.4417712Z Resolving github.com (github.com)... 140.82.114.3
2023-07-27T03:40:28.4476552Z Connecting to github.com (github.com)|140.82.114.3|:443... connected.
2023-07-27T03:40:28.5390104Z HTTP request sent, awaiting response... 302 Found
2023-07-27T03:40:28.5396138Z Location: https://objects.githubusercontent.com/github-production-release-asset-2e65be/59838788/8a7e69fa-c5c9-48e0-96b5-0ea6805a2e86?X-Amz-Algorithm=AWS4-HMAC-SHA256&X-Amz-Credential=AKIAIWNJYAX4CSVEH53A%2F20230727%2Fus-east-1%2Fs3%2Faws4_request&X-Amz-Date=20230727T034028Z&X-Amz-Expires=300&X-Amz-Signature=7b743074811a8b86bf2d4c8a0764602ebd39e5994c7313349330385190958075&X-Amz-SignedHeaders=host&actor_id=0&key_id=0&repo_id=59838788&response-content-disposition=attachment%3B%20filename%3Dallure-2.23.1.tgz&response-content-type=application%2Foctet-stream [following]
2023-07-27T03:40:28.5399433Z --2023-07-27 03:40:28--  https://objects.githubusercontent.com/github-production-release-asset-2e65be/59838788/8a7e69fa-c5c9-48e0-96b5-0ea6805a2e86?X-Amz-Algorithm=AWS4-HMAC-SHA256&X-Amz-Credential=AKIAIWNJYAX4CSVEH53A%2F20230727%2Fus-east-1%2Fs3%2Faws4_request&X-Amz-Date=20230727T034028Z&X-Amz-Expires=300&X-Amz-Signature=7b743074811a8b86bf2d4c8a0764602ebd39e5994c7313349330385190958075&X-Amz-SignedHeaders=host&actor_id=0&key_id=0&repo_id=59838788&response-content-disposition=attachment%3B%20filename%3Dallure-2.23.1.tgz&response-content-type=application%2Foctet-stream
2023-07-27T03:40:28.5544414Z Resolving objects.githubusercontent.com (objects.githubusercontent.com)... 185.199.111.133, 185.199.110.133, 185.199.108.133, ...
2023-07-27T03:40:28.5599498Z Connecting to objects.githubusercontent.com (objects.githubusercontent.com)|185.199.111.133|:443... connected.
2023-07-27T03:40:28.5974005Z HTTP request sent, awaiting response... 200 OK
2023-07-27T03:40:28.5976666Z Length: 21119403 (20M) [application/octet-stream]
2023-07-27T03:40:28.5979246Z Saving to: ‘allure-2.23.1.tgz’
2023-07-27T03:40:28.5981174Z 
2023-07-27T03:40:28.6031013Z      0K .......... .......... .......... .......... ..........  0% 9.48M 2s
2023-07-27T03:40:28.6081876Z     50K .......... .......... .......... .......... ..........  0% 9.62M 2s
2023-07-27T03:40:28.6086628Z    100K .......... .......... .......... .......... ..........  0% 90.5M 1s
2023-07-27T03:40:28.6099648Z    150K .......... .......... .......... .......... ..........  0% 37.2M 1s
2023-07-27T03:40:28.6132702Z    200K .......... .......... .......... .......... ..........  1% 14.9M 1s
2023-07-27T03:40:28.6136630Z    250K .......... .......... .......... .......... ..........  1%  114M 1s
2023-07-27T03:40:28.6141725Z    300K .......... .......... .......... .......... ..........  1%  104M 1s
2023-07-27T03:40:28.6148235Z    350K .......... .......... .......... .......... ..........  1% 74.0M 1s
2023-07-27T03:40:28.6154056Z    400K .......... .......... .......... .......... ..........  2% 79.4M 1s
2023-07-27T03:40:28.6158441Z    450K .......... .......... .......... .......... ..........  2%  113M 1s
2023-07-27T03:40:28.6187655Z    500K .......... .......... .......... .......... ..........  2% 16.9M 1s
2023-07-27T03:40:28.6192934Z    550K .......... .......... .......... .......... ..........  2% 90.7M 1s
2023-07-27T03:40:28.6199771Z    600K .......... .......... .......... .......... ..........  3% 71.3M 1s
2023-07-27T03:40:28.6202851Z    650K .......... .......... .......... .......... ..........  3%  153M 1s
2023-07-27T03:40:28.6206885Z    700K .......... .......... .......... .......... ..........  3%  148M 1s
2023-07-27T03:40:28.6209879Z    750K .......... .......... .......... .......... ..........  3%  156M 1s
2023-07-27T03:40:28.6211471Z    800K .......... .......... .......... .......... ..........  4%  323M 1s
2023-07-27T03:40:28.6215414Z    850K .......... .......... .......... .......... ..........  4%  135M 1s
2023-07-27T03:40:28.6216598Z    900K .......... .......... .......... .......... ..........  4%  346M 0s
2023-07-27T03:40:28.6219720Z    950K .......... .......... .......... .......... ..........  4%  169M 0s
2023-07-27T03:40:28.6255146Z   1000K .......... .......... .......... .......... ..........  5% 19.1M 0s
2023-07-27T03:40:28.6256187Z   1050K .......... .......... .......... .......... ..........  5% 90.9M 0s
2023-07-27T03:40:28.6256482Z   1100K .......... .......... .......... .......... ..........  5%  202M 0s
2023-07-27T03:40:28.6257185Z   1150K .......... .......... .......... .......... ..........  5%  120M 0s
2023-07-27T03:40:28.6258884Z   1200K .......... .......... .......... .......... ..........  6%  196M 0s
2023-07-27T03:40:28.6263808Z   1250K .......... .......... .......... .......... ..........  6%  103M 0s
2023-07-27T03:40:28.6266028Z   1300K .......... .......... .......... .......... ..........  6%  199M 0s
2023-07-27T03:40:28.6270182Z   1350K .......... .......... .......... .......... ..........  6%  142M 0s
2023-07-27T03:40:28.6271160Z   1400K .......... .......... .......... .......... ..........  7%  259M 0s
2023-07-27T03:40:28.6274364Z   1450K .......... .......... .......... .......... ..........  7%  146M 0s
2023-07-27T03:40:28.6278642Z   1500K .......... .......... .......... .......... ..........  7%  183M 0s
2023-07-27T03:40:28.6280791Z   1550K .......... .......... .......... .......... ..........  7%  152M 0s
2023-07-27T03:40:28.6284666Z   1600K .......... .......... .......... .......... ..........  8%  133M 0s
2023-07-27T03:40:28.6287349Z   1650K .......... .......... .......... .......... ..........  8%  157M 0s
2023-07-27T03:40:28.6291749Z   1700K .......... .......... .......... .......... ..........  8%  116M 0s
2023-07-27T03:40:28.6294429Z   1750K .......... .......... .......... .......... ..........  8%  172M 0s
2023-07-27T03:40:28.6299418Z   1800K .......... .......... .......... .......... ..........  8%  124M 0s
2023-07-27T03:40:28.6299837Z   1850K .......... .......... .......... .......... ..........  9%  298M 0s
2023-07-27T03:40:28.6304220Z   1900K .......... .......... .......... .......... ..........  9%  146M 0s
2023-07-27T03:40:28.6304851Z   1950K .......... .......... .......... .......... ..........  9%  334M 0s
2023-07-27T03:40:28.6310510Z   2000K .......... .......... .......... .......... ..........  9%  133M 0s
2023-07-27T03:40:28.6310811Z   2050K .......... .......... .......... .......... .......... 10%  327M 0s
2023-07-27T03:40:28.6312221Z   2100K .......... .......... .......... .......... .......... 10%  204M 0s
2023-07-27T03:40:28.6317480Z   2150K .......... .......... .......... .......... .......... 10%  143M 0s
2023-07-27T03:40:28.6317752Z   2200K .......... .......... .......... .......... .......... 10%  325M 0s
2023-07-27T03:40:28.6320674Z   2250K .......... .......... .......... .......... .......... 11%  181M 0s
2023-07-27T03:40:28.6324876Z   2300K .......... .......... .......... .......... .......... 11% 99.5M 0s
2023-07-27T03:40:28.6330080Z   2350K .......... .......... .......... .......... .......... 11%  109M 0s
2023-07-27T03:40:28.6332097Z   2400K .......... .......... .......... .......... .......... 11%  179M 0s
2023-07-27T03:40:28.6337042Z   2450K .......... .......... .......... .......... .......... 12%  118M 0s
2023-07-27T03:40:28.6339281Z   2500K .......... .......... .......... .......... .......... 12%  163M 0s
2023-07-27T03:40:28.6344349Z   2550K .......... .......... .......... .......... .......... 12% 99.0M 0s
2023-07-27T03:40:28.6348035Z   2600K .......... .......... .......... .......... .......... 12%  184M 0s
2023-07-27T03:40:28.6349826Z   2650K .......... .......... .......... .......... .......... 13%  161M 0s
2023-07-27T03:40:28.6354840Z   2700K .......... .......... .......... .......... .......... 13%  115M 0s
2023-07-27T03:40:28.6361444Z   2750K .......... .......... .......... .......... .......... 13%  148M 0s
2023-07-27T03:40:28.6361746Z   2800K .......... .......... .......... .......... .......... 13%  235M 0s
2023-07-27T03:40:28.6363603Z   2850K .......... .......... .......... .......... .......... 14%  124M 0s
2023-07-27T03:40:28.6366747Z   2900K .......... .......... .......... .......... .......... 14%  168M 0s
2023-07-27T03:40:28.6371486Z   2950K .......... .......... .......... .......... .......... 14% 99.1M 0s
2023-07-27T03:40:28.6374727Z   3000K .......... .......... .......... .......... .......... 14%  170M 0s
2023-07-27T03:40:28.6377186Z   3050K .......... .......... .......... .......... .......... 15%  150M 0s
2023-07-27T03:40:28.6382792Z   3100K .......... .......... .......... .......... .......... 15%  142M 0s
2023-07-27T03:40:28.6383107Z   3150K .......... .......... .......... .......... .......... 15%  315M 0s
2023-07-27T03:40:28.6384911Z   3200K .......... .......... .......... .......... .......... 15%  196M 0s
2023-07-27T03:40:28.6389916Z   3250K .......... .......... .......... .......... .......... 16%  103M 0s
2023-07-27T03:40:28.6394076Z   3300K .......... .......... .......... .......... .......... 16%  170M 0s
2023-07-27T03:40:28.6394732Z   3350K .......... .......... .......... .......... .......... 16%  229M 0s
2023-07-27T03:40:28.6402288Z   3400K .......... .......... .......... .......... .......... 16%  133M 0s
2023-07-27T03:40:28.6402804Z   3450K .......... .......... .......... .......... .......... 16%  267M 0s
2023-07-27T03:40:28.6406052Z   3500K .......... .......... .......... .......... .......... 17%  154M 0s
2023-07-27T03:40:28.6407282Z   3550K .......... .......... .......... .......... .......... 17%  225M 0s
2023-07-27T03:40:28.6408464Z   3600K .......... .......... .......... .......... .......... 17%  216M 0s
2023-07-27T03:40:28.6412430Z   3650K .......... .......... .......... .......... .......... 17%  116M 0s
2023-07-27T03:40:28.6414938Z   3700K .......... .......... .......... .......... .......... 18%  158M 0s
2023-07-27T03:40:28.6418701Z   3750K .......... .......... .......... .......... .......... 18%  138M 0s
2023-07-27T03:40:28.6421775Z   3800K .......... .......... .......... .......... .......... 18%  178M 0s
2023-07-27T03:40:28.6425349Z   3850K .......... .......... .......... .......... .......... 18%  129M 0s
2023-07-27T03:40:28.6427630Z   3900K .......... .......... .......... .......... .......... 19%  183M 0s
2023-07-27T03:40:28.6431917Z   3950K .......... .......... .......... .......... .......... 19%  123M 0s
2023-07-27T03:40:28.6434983Z   4000K .......... .......... .......... .......... .......... 19%  153M 0s
2023-07-27T03:40:28.6438973Z   4050K .......... .......... .......... .......... .......... 19%  181M 0s
2023-07-27T03:40:28.6440586Z   4100K .......... .......... .......... .......... .......... 20%  171M 0s
2023-07-27T03:40:28.6445937Z   4150K .......... .......... .......... .......... .......... 20%  136M 0s
2023-07-27T03:40:28.6446651Z   4200K .......... .......... .......... .......... .......... 20%  230M 0s
2023-07-27T03:40:28.6451357Z   4250K .......... .......... .......... .......... .......... 20%  125M 0s
2023-07-27T03:40:28.6453116Z   4300K .......... .......... .......... .......... .......... 21%  166M 0s
2023-07-27T03:40:28.6458113Z   4350K .......... .......... .......... .......... .......... 21%  112M 0s
2023-07-27T03:40:28.6462199Z   4400K .......... .......... .......... .......... .......... 21%  176M 0s
2023-07-27T03:40:28.6462807Z   4450K .......... .......... .......... .......... .......... 21%  174M 0s
2023-07-27T03:40:28.6466715Z   4500K .......... .......... .......... .......... .......... 22%  142M 0s
2023-07-27T03:40:28.6469741Z   4550K .......... .......... .......... .......... .......... 22%  149M 0s
2023-07-27T03:40:28.6473869Z   4600K .......... .......... .......... .......... .......... 22%  119M 0s
2023-07-27T03:40:28.6479460Z   4650K .......... .......... .......... .......... .......... 22%  140M 0s
2023-07-27T03:40:28.6480054Z   4700K .......... .......... .......... .......... .......... 23%  170M 0s
2023-07-27T03:40:28.6483867Z   4750K .......... .......... .......... .......... .......... 23%  139M 0s
2023-07-27T03:40:28.6486842Z   4800K .......... .......... .......... .......... .......... 23%  171M 0s
2023-07-27T03:40:28.6494341Z   4850K .......... .......... .......... .......... .......... 23%  123M 0s
2023-07-27T03:40:28.6494712Z   4900K .......... .......... .......... .......... .......... 24%  321M 0s
2023-07-27T03:40:28.6495304Z   4950K .......... .......... .......... .......... .......... 24%  153M 0s
2023-07-27T03:40:28.6499977Z   5000K .......... .......... .......... .......... .......... 24%  115M 0s
2023-07-27T03:40:28.6505360Z   5050K .......... .......... .......... .......... .......... 24% 97.8M 0s
2023-07-27T03:40:28.6507325Z   5100K .......... .......... .......... .......... .......... 24%  241M 0s
2023-07-27T03:40:28.6511894Z   5150K .......... .......... .......... .......... .......... 25%  115M 0s
2023-07-27T03:40:28.6513748Z   5200K .......... .......... .......... .......... .......... 25%  192M 0s
2023-07-27T03:40:28.6517340Z   5250K .......... .......... .......... .......... .......... 25%  127M 0s
2023-07-27T03:40:28.6520799Z   5300K .......... .......... .......... .......... .......... 25%  182M 0s
2023-07-27T03:40:28.6523469Z   5350K .......... .......... .......... .......... .......... 26%  143M 0s
2023-07-27T03:40:28.6527916Z   5400K .......... .......... .......... .......... .......... 26%  111M 0s
2023-07-27T03:40:28.6531215Z   5450K .......... .......... .......... .......... .......... 26%  162M 0s
2023-07-27T03:40:28.6533314Z   5500K .......... .......... .......... .......... .......... 26%  191M 0s
2023-07-27T03:40:28.6540734Z   5550K .......... .......... .......... .......... .......... 27%  130M 0s
2023-07-27T03:40:28.6543620Z   5600K .......... .......... .......... .......... .......... 27%  338M 0s
2023-07-27T03:40:28.6545136Z   5650K .......... .......... .......... .......... .......... 27%  178M 0s
2023-07-27T03:40:28.6546501Z   5700K .......... .......... .......... .......... .......... 27%  211M 0s
2023-07-27T03:40:28.6548360Z   5750K .......... .......... .......... .......... .......... 28%  283M 0s
2023-07-27T03:40:28.6550239Z   5800K .......... .......... .......... .......... .......... 28%  196M 0s
2023-07-27T03:40:28.6552331Z   5850K .......... .......... .......... .......... .......... 28%  269M 0s
2023-07-27T03:40:28.6553556Z   5900K .......... .......... .......... .......... .......... 28%  264M 0s
2023-07-27T03:40:28.6554784Z   5950K .......... .......... .......... .......... .......... 29%  321M 0s
2023-07-27T03:40:28.6555251Z   6000K .......... .......... .......... .......... .......... 29%  199M 0s
2023-07-27T03:40:28.6559418Z   6050K .......... .......... .......... .......... .......... 29%  130M 0s
2023-07-27T03:40:28.6562015Z   6100K .......... .......... .......... .......... .......... 29%  176M 0s
2023-07-27T03:40:28.6570834Z   6150K .......... .......... .......... .......... .......... 30%  113M 0s
2023-07-27T03:40:28.6571181Z   6200K .......... .......... .......... .......... .......... 30%  293M 0s
2023-07-27T03:40:28.6571805Z   6250K .......... .......... .......... .......... .......... 30%  125M 0s
2023-07-27T03:40:28.6575918Z   6300K .......... .......... .......... .......... .......... 30%  134M 0s
2023-07-27T03:40:28.6578050Z   6350K .......... .......... .......... .......... .......... 31%  201M 0s
2023-07-27T03:40:28.6582431Z   6400K .......... .......... .......... .......... .......... 31%  111M 0s
2023-07-27T03:40:28.6585396Z   6450K .......... .......... .......... .......... .......... 31%  178M 0s
2023-07-27T03:40:28.6587924Z   6500K .......... .......... .......... .......... .......... 31%  165M 0s
2023-07-27T03:40:28.6591713Z   6550K .......... .......... .......... .......... .......... 32%  141M 0s
2023-07-27T03:40:28.6594125Z   6600K .......... .......... .......... .......... .......... 32%  171M 0s
2023-07-27T03:40:28.6597810Z   6650K .......... .......... .......... .......... .......... 32%  143M 0s
2023-07-27T03:40:28.6601189Z   6700K .......... .......... .......... .......... .......... 32%  184M 0s
2023-07-27T03:40:28.6604330Z   6750K .......... .......... .......... .......... .......... 32%  144M 0s
2023-07-27T03:40:28.6622264Z   6800K .......... .......... .......... .......... .......... 33% 89.0M 0s
2023-07-27T03:40:28.6623592Z   6850K .......... .......... .......... .......... .......... 33%  254M 0s
2023-07-27T03:40:28.6625606Z   6900K .......... .......... .......... .......... .......... 33%  350M 0s
2023-07-27T03:40:28.6627204Z   6950K .......... .......... .......... .......... .......... 33%  299M 0s
2023-07-27T03:40:28.6629000Z   7000K .......... .......... .......... .......... .......... 34%  296M 0s
2023-07-27T03:40:28.6642008Z   7050K .......... .......... .......... .......... .......... 34%  319M 0s
2023-07-27T03:40:28.6642433Z   7100K .......... .......... .......... .......... .......... 34%  357M 0s
2023-07-27T03:40:28.6642791Z   7150K .......... .......... .......... .......... .......... 34%  336M 0s
2023-07-27T03:40:28.6643158Z   7200K .......... .......... .......... .......... .......... 35%  352M 0s
2023-07-27T03:40:28.6643468Z   7250K .......... .......... .......... .......... .......... 35%  225M 0s
2023-07-27T03:40:28.6643885Z   7300K .......... .......... .......... .......... .......... 35%  271M 0s
2023-07-27T03:40:28.6644229Z   7350K .......... .......... .......... .......... .......... 35%  234M 0s
2023-07-27T03:40:28.6644529Z   7400K .......... .......... .......... .......... .......... 36%  203M 0s
2023-07-27T03:40:28.6644884Z   7450K .......... .......... .......... .......... .......... 36%  136M 0s
2023-07-27T03:40:28.6645508Z   7500K .......... .......... .......... .......... .......... 36%  108M 0s
2023-07-27T03:40:28.6650314Z   7550K .......... .......... .......... .......... .......... 36%  119M 0s
2023-07-27T03:40:28.6650644Z   7600K .......... .......... .......... .......... .......... 37%  106M 0s
2023-07-27T03:40:28.6651017Z   7650K .......... .......... .......... .......... .......... 37%  145M 0s
2023-07-27T03:40:28.6655163Z   7700K .......... .......... .......... .......... .......... 37%  104M 0s
2023-07-27T03:40:28.6659300Z   7750K .......... .......... .......... .......... .......... 37%  113M 0s
2023-07-27T03:40:28.6663774Z   7800K .......... .......... .......... .......... .......... 38%  109M 0s
2023-07-27T03:40:28.6668743Z   7850K .......... .......... .......... .......... .......... 38% 95.2M 0s
2023-07-27T03:40:28.6674250Z   7900K .......... .......... .......... .......... .......... 38%  111M 0s
2023-07-27T03:40:28.6677141Z   7950K .......... .......... .......... .......... .......... 38%  150M 0s
2023-07-27T03:40:28.6681265Z   8000K .......... .......... .......... .......... .......... 39%  108M 0s
2023-07-27T03:40:28.6685900Z   8050K .......... .......... .......... .......... .......... 39% 99.9M 0s
2023-07-27T03:40:28.6690612Z   8100K .......... .......... .......... .......... .......... 39%  112M 0s
2023-07-27T03:40:28.6694990Z   8150K .......... .......... .......... .......... .......... 39%  104M 0s
2023-07-27T03:40:28.6699756Z   8200K .......... .......... .......... .......... .......... 40%  118M 0s
2023-07-27T03:40:28.6703526Z   8250K .......... .......... .......... .......... .......... 40%  117M 0s
2023-07-27T03:40:28.6708659Z   8300K .......... .......... .......... .......... .......... 40% 94.4M 0s
2023-07-27T03:40:28.6713191Z   8350K .......... .......... .......... .......... .......... 40%  102M 0s
2023-07-27T03:40:28.6717522Z   8400K .......... .......... .......... .......... .......... 40%  114M 0s
2023-07-27T03:40:28.6722806Z   8450K .......... .......... .......... .......... .......... 41%  109M 0s
2023-07-27T03:40:28.6727006Z   8500K .......... .......... .......... .......... .......... 41%  129M 0s
2023-07-27T03:40:28.6729535Z   8550K .......... .......... .......... .......... .......... 41%  124M 0s
2023-07-27T03:40:28.6733934Z   8600K .......... .......... .......... .......... .......... 41%  116M 0s
2023-07-27T03:40:28.6738061Z   8650K .......... .......... .......... .......... .......... 42%  120M 0s
2023-07-27T03:40:28.6742951Z   8700K .......... .......... .......... .......... .......... 42%  108M 0s
2023-07-27T03:40:28.6747151Z   8750K .......... .......... .......... .......... .......... 42%  101M 0s
2023-07-27T03:40:28.6751486Z   8800K .......... .......... .......... .......... .......... 42%  118M 0s
2023-07-27T03:40:28.6755894Z   8850K .......... .......... .......... .......... .......... 43%  112M 0s
2023-07-27T03:40:28.6761860Z   8900K .......... .......... .......... .......... .......... 43%  115M 0s
2023-07-27T03:40:28.6773563Z   8950K .......... .......... .......... .......... .......... 43%  107M 0s
2023-07-27T03:40:28.6774171Z   9000K .......... .......... .......... .......... .......... 43%  227M 0s
2023-07-27T03:40:28.6774594Z   9050K .......... .......... .......... .......... .......... 44%  339M 0s
2023-07-27T03:40:28.6775039Z   9100K .......... .......... .......... .......... .......... 44%  331M 0s
2023-07-27T03:40:28.6775474Z   9150K .......... .......... .......... .......... .......... 44%  295M 0s
2023-07-27T03:40:28.6776904Z   9200K .......... .......... .......... .......... .......... 44%  303M 0s
2023-07-27T03:40:28.6777312Z   9250K .......... .......... .......... .......... .......... 45%  178M 0s
2023-07-27T03:40:28.6780482Z   9300K .......... .......... .......... .......... .......... 45%  143M 0s
2023-07-27T03:40:28.6782517Z   9350K .......... .......... .......... .......... .......... 45%  171M 0s
2023-07-27T03:40:28.6786979Z   9400K .......... .......... .......... .......... .......... 45% 95.7M 0s
2023-07-27T03:40:28.6791615Z   9450K .......... .......... .......... .......... .......... 46%  110M 0s
2023-07-27T03:40:28.6795905Z   9500K .......... .......... .......... .......... .......... 46%  114M 0s
2023-07-27T03:40:28.6800096Z   9550K .......... .......... .......... .......... .......... 46%  116M 0s
2023-07-27T03:40:28.6804530Z   9600K .......... .......... .......... .......... .......... 46%  104M 0s
2023-07-27T03:40:28.6809323Z   9650K .......... .......... .......... .......... .......... 47%  113M 0s
2023-07-27T03:40:28.6814437Z   9700K .......... .......... .......... .......... .......... 47%  109M 0s
2023-07-27T03:40:28.6817794Z   9750K .......... .......... .......... .......... .......... 47%  109M 0s
2023-07-27T03:40:28.6822553Z   9800K .......... .......... .......... .......... .......... 47%  117M 0s
2023-07-27T03:40:28.6826494Z   9850K .......... .......... .......... .......... .......... 48%  116M 0s
2023-07-27T03:40:28.6831891Z   9900K .......... .......... .......... .......... .......... 48%  114M 0s
2023-07-27T03:40:28.6835394Z   9950K .......... .......... .......... .......... .......... 48%  105M 0s
2023-07-27T03:40:28.6839800Z  10000K .......... .......... .......... .......... .......... 48%  105M 0s
2023-07-27T03:40:28.6844204Z  10050K .......... .......... .......... .......... .......... 48%  118M 0s
2023-07-27T03:40:28.6848400Z  10100K .......... .......... .......... .......... .......... 49%  114M 0s
2023-07-27T03:40:28.6852768Z  10150K .......... .......... .......... .......... .......... 49%  119M 0s
2023-07-27T03:40:28.6857057Z  10200K .......... .......... .......... .......... .......... 49%  103M 0s
2023-07-27T03:40:28.6861403Z  10250K .......... .......... .......... .......... .......... 49%  117M 0s
2023-07-27T03:40:28.6866038Z  10300K .......... .......... .......... .......... .......... 50%  107M 0s
2023-07-27T03:40:28.6870543Z  10350K .......... .......... .......... .......... .......... 50%  110M 0s
2023-07-27T03:40:28.6874815Z  10400K .......... .......... .......... .......... .......... 50%  106M 0s
2023-07-27T03:40:28.6879924Z  10450K .......... .......... .......... .......... .......... 50%  114M 0s
2023-07-27T03:40:28.6884775Z  10500K .......... .......... .......... .......... .......... 51%  112M 0s
2023-07-27T03:40:28.6887843Z  10550K .......... .......... .......... .......... .......... 51%  129M 0s
2023-07-27T03:40:28.6892225Z  10600K .......... .......... .......... .......... .......... 51% 99.5M 0s
2023-07-27T03:40:28.6896486Z  10650K .......... .......... .......... .......... .......... 51%  117M 0s
2023-07-27T03:40:28.6900718Z  10700K .......... .......... .......... .......... .......... 52%  116M 0s
2023-07-27T03:40:28.6904944Z  10750K .......... .......... .......... .......... .......... 52%  119M 0s
2023-07-27T03:40:28.6909225Z  10800K .......... .......... .......... .......... .......... 52%  105M 0s
2023-07-27T03:40:28.6913643Z  10850K .......... .......... .......... .......... .......... 52%  127M 0s
2023-07-27T03:40:28.6919107Z  10900K .......... .......... .......... .......... .......... 53%  103M 0s
2023-07-27T03:40:28.6922249Z  10950K .......... .......... .......... .......... .......... 53%  113M 0s
2023-07-27T03:40:28.6927296Z  11000K .......... .......... .......... .......... .......... 53%  110M 0s
2023-07-27T03:40:28.6932584Z  11050K .......... .......... .......... .......... .......... 53%  100M 0s
2023-07-27T03:40:28.6936453Z  11100K .......... .......... .......... .......... .......... 54% 99.0M 0s
2023-07-27T03:40:28.6940824Z  11150K .......... .......... .......... .......... .......... 54%  113M 0s
2023-07-27T03:40:28.6945953Z  11200K .......... .......... .......... .......... .......... 54%  110M 0s
2023-07-27T03:40:28.6949052Z  11250K .......... .......... .......... .......... .......... 54%  133M 0s
2023-07-27T03:40:28.6953340Z  11300K .......... .......... .......... .......... .......... 55%  119M 0s
2023-07-27T03:40:28.6957448Z  11350K .......... .......... .......... .......... .......... 55%  107M 0s
2023-07-27T03:40:28.6961747Z  11400K .......... .......... .......... .......... .......... 55%  120M 0s
2023-07-27T03:40:28.6966049Z  11450K .......... .......... .......... .......... .......... 55%  119M 0s
2023-07-27T03:40:28.6970604Z  11500K .......... .......... .......... .......... .......... 56%  112M 0s
2023-07-27T03:40:28.6974815Z  11550K .......... .......... .......... .......... .......... 56%  101M 0s
2023-07-27T03:40:28.6979104Z  11600K .......... .......... .......... .......... .......... 56%  117M 0s
2023-07-27T03:40:28.6983549Z  11650K .......... .......... .......... .......... .......... 56%  116M 0s
2023-07-27T03:40:28.6989369Z  11700K .......... .......... .......... .......... .......... 56%  113M 0s
2023-07-27T03:40:28.6991194Z  11750K .......... .......... .......... .......... .......... 57%  135M 0s
2023-07-27T03:40:28.6995559Z  11800K .......... .......... .......... .......... .......... 57%  115M 0s
2023-07-27T03:40:28.7000068Z  11850K .......... .......... .......... .......... .......... 57%  111M 0s
2023-07-27T03:40:28.7004543Z  11900K .......... .......... .......... .......... .......... 57%  116M 0s
2023-07-27T03:40:28.7008824Z  11950K .......... .......... .......... .......... .......... 58%  101M 0s
2023-07-27T03:40:28.7013254Z  12000K .......... .......... .......... .......... .......... 58%  120M 0s
2023-07-27T03:40:28.7017295Z  12050K .......... .......... .......... .......... .......... 58%  119M 0s
2023-07-27T03:40:28.7021661Z  12100K .......... .......... .......... .......... .......... 58%  116M 0s
2023-07-27T03:40:28.7025875Z  12150K .......... .......... .......... .......... .......... 59%  104M 0s
2023-07-27T03:40:28.7030400Z  12200K .......... .......... .......... .......... .......... 59%  112M 0s
2023-07-27T03:40:28.7034857Z  12250K .......... .......... .......... .......... .......... 59%  112M 0s
2023-07-27T03:40:28.7039623Z  12300K .......... .......... .......... .......... .......... 59%  110M 0s
2023-07-27T03:40:28.7044054Z  12350K .......... .......... .......... .......... .......... 60% 99.2M 0s
2023-07-27T03:40:28.7048963Z  12400K .......... .......... .......... .......... .......... 60%  103M 0s
2023-07-27T03:40:28.7053579Z  12450K .......... .......... .......... .......... .......... 60%  113M 0s
2023-07-27T03:40:28.7057811Z  12500K .......... .......... .......... .......... .......... 60%  113M 0s
2023-07-27T03:40:28.7061898Z  12550K .......... .......... .......... .......... .......... 61%  106M 0s
2023-07-27T03:40:28.7066087Z  12600K .......... .......... .......... .......... .......... 61%  121M 0s
2023-07-27T03:40:28.7070371Z  12650K .......... .......... .......... .......... .......... 61%  120M 0s
2023-07-27T03:40:28.7074839Z  12700K .......... .......... .......... .......... .......... 61%  117M 0s
2023-07-27T03:40:28.7079038Z  12750K .......... .......... .......... .......... .......... 62%  102M 0s
2023-07-27T03:40:28.7083554Z  12800K .......... .......... .......... .......... .......... 62%  112M 0s
2023-07-27T03:40:28.7088790Z  12850K .......... .......... .......... .......... .......... 62%  108M 0s
2023-07-27T03:40:28.7092704Z  12900K .......... .......... .......... .......... .......... 62%  119M 0s
2023-07-27T03:40:28.7096933Z  12950K .......... .......... .......... .......... .......... 63% 99.1M 0s
2023-07-27T03:40:28.7101743Z  13000K .......... .......... .......... .......... .......... 63%  120M 0s
2023-07-27T03:40:28.7105572Z  13050K .......... .......... .......... .......... .......... 63%  129M 0s
2023-07-27T03:40:28.7109337Z  13100K .......... .......... .......... .......... .......... 63%  124M 0s
2023-07-27T03:40:28.7113413Z  13150K .......... .......... .......... .......... .......... 64%  109M 0s
2023-07-27T03:40:28.7117788Z  13200K .......... .......... .......... .......... .......... 64%  106M 0s
2023-07-27T03:40:28.7121984Z  13250K .......... .......... .......... .......... .......... 64%  119M 0s
2023-07-27T03:40:28.7126438Z  13300K .......... .......... .......... .......... .......... 64%  113M 0s
2023-07-27T03:40:28.7130686Z  13350K .......... .......... .......... .......... .......... 64%  115M 0s
2023-07-27T03:40:28.7135296Z  13400K .......... .......... .......... .......... .......... 65%  102M 0s
2023-07-27T03:40:28.7141559Z  13450K .......... .......... .......... .......... .......... 65%  114M 0s
2023-07-27T03:40:28.7141917Z  13500K .......... .......... .......... .......... .......... 65%  219M 0s
2023-07-27T03:40:28.7146323Z  13550K .......... .......... .......... .......... .......... 65%  138M 0s
2023-07-27T03:40:28.7150285Z  13600K .......... .......... .......... .......... .......... 66%  115M 0s
2023-07-27T03:40:28.7153328Z  13650K .......... .......... .......... .......... .......... 66%  132M 0s
2023-07-27T03:40:28.7157694Z  13700K .......... .......... .......... .......... .......... 66%  114M 0s
2023-07-27T03:40:28.7162036Z  13750K .......... .......... .......... .......... .......... 66%  113M 0s
2023-07-27T03:40:28.7166789Z  13800K .......... .......... .......... .......... .......... 67% 97.9M 0s
2023-07-27T03:40:28.7170960Z  13850K .......... .......... .......... .......... .......... 67%  119M 0s
2023-07-27T03:40:28.7175165Z  13900K .......... .......... .......... .......... .......... 67%  119M 0s
2023-07-27T03:40:28.7179501Z  13950K .......... .......... .......... .......... .......... 67%  121M 0s
2023-07-27T03:40:28.7183588Z  14000K .......... .......... .......... .......... .......... 68%  107M 0s
2023-07-27T03:40:28.7187925Z  14050K .......... .......... .......... .......... .......... 68%  117M 0s
2023-07-27T03:40:28.7192431Z  14100K .......... .......... .......... .......... .......... 68%  111M 0s
2023-07-27T03:40:28.7196927Z  14150K .......... .......... .......... .......... .......... 68%  102M 0s
2023-07-27T03:40:28.7201474Z  14200K .......... .......... .......... .......... .......... 69%  114M 0s
2023-07-27T03:40:28.7206310Z  14250K .......... .......... .......... .......... .......... 69%  113M 0s
2023-07-27T03:40:28.7212059Z  14300K .......... .......... .......... .......... .......... 69%  105M 0s
2023-07-27T03:40:28.7213911Z  14350K .......... .......... .......... .......... .......... 69%  170M 0s
2023-07-27T03:40:28.7217606Z  14400K .......... .......... .......... .......... .......... 70%  133M 0s
2023-07-27T03:40:28.7221240Z  14450K .......... .......... .......... .......... .......... 70%  145M 0s
2023-07-27T03:40:28.7225167Z  14500K .......... .......... .......... .......... .......... 70%  115M 0s
2023-07-27T03:40:28.7228574Z  14550K .......... .......... .......... .......... .......... 70%  144M 0s
2023-07-27T03:40:28.7231984Z  14600K .......... .......... .......... .......... .......... 71%  151M 0s
2023-07-27T03:40:28.7235433Z  14650K .......... .......... .......... .......... .......... 71%  147M 0s
2023-07-27T03:40:28.7239155Z  14700K .......... .......... .......... .......... .......... 71%  122M 0s
2023-07-27T03:40:28.7242665Z  14750K .......... .......... .......... .......... .......... 71%  148M 0s
2023-07-27T03:40:28.7252764Z  14800K .......... .......... .......... .......... .......... 72%  155M 0s
2023-07-27T03:40:28.7253162Z  14850K .......... .......... .......... .......... .......... 72%  202M 0s
2023-07-27T03:40:28.7253589Z  14900K .......... .......... .......... .......... .......... 72%  157M 0s
2023-07-27T03:40:28.7255041Z  14950K .......... .......... .......... .......... .......... 72%  121M 0s
2023-07-27T03:40:28.7259283Z  15000K .......... .......... .......... .......... .......... 72%  148M 0s
2023-07-27T03:40:28.7260810Z  15050K .......... .......... .......... .......... .......... 73%  228M 0s
2023-07-27T03:40:28.7264610Z  15100K .......... .......... .......... .......... .......... 73%  131M 0s
2023-07-27T03:40:28.7268614Z  15150K .......... .......... .......... .......... .......... 73%  112M 0s
2023-07-27T03:40:28.7271968Z  15200K .......... .......... .......... .......... .......... 73%  152M 0s
2023-07-27T03:40:28.7275360Z  15250K .......... .......... .......... .......... .......... 74%  142M 0s
2023-07-27T03:40:28.7278750Z  15300K .......... .......... .......... .......... .......... 74%  148M 0s
2023-07-27T03:40:28.7282193Z  15350K .......... .......... .......... .......... .......... 74%  143M 0s
2023-07-27T03:40:28.7286207Z  15400K .......... .......... .......... .......... .......... 74%  140M 0s
2023-07-27T03:40:28.7288769Z  15450K .......... .......... .......... .......... .......... 75%  120M 0s
2023-07-27T03:40:28.7293603Z  15500K .......... .......... .......... .......... .......... 75%  112M 0s
2023-07-27T03:40:28.7297577Z  15550K .......... .......... .......... .......... .......... 75%  136M 0s
2023-07-27T03:40:28.7493033Z allure-2.23.1/
2023-07-27T03:40:28.7495109Z allure-2.23.1/plugins/
2023-07-27T03:40:28.7496781Z allure-2.23.1/plugins/README.txt
2023-07-27T03:40:28.7498480Z allure-2.23.1/config/
2023-07-27T03:40:28.7500398Z allure-2.23.1/config/allure.yml
2023-07-27T03:40:28.7501896Z allure-2.23.1/config/allure-cucumber.yml
2023-07-27T03:40:28.7503400Z allure-2.23.1/config/allure-junit.yml
2023-07-27T03:40:28.7504969Z allure-2.23.1/lib/
2023-07-27T03:40:28.7506213Z  15600K .......... .......... .......... .......... .......... 75%  170M 0s
2023-07-27T03:40:28.7506748Z  15650K .......... .......... .......... .......... .......... 76%  283M 0s
2023-07-27T03:40:28.7507040Z  15700K .......... .......... .......... .......... .......... 76%  347M 0s
2023-07-27T03:40:28.7507314Z  15750K .......... .......... .......... .......... .......... 76%  313M 0s
2023-07-27T03:40:28.7507569Z  15800K .......... .......... .......... .......... .......... 76%  327M 0s
2023-07-27T03:40:28.7507851Z  15850K .......... .......... .......... .......... .......... 77%  285M 0s
2023-07-27T03:40:28.7508135Z  15900K .......... .......... .......... .......... .......... 77%  347M 0s
2023-07-27T03:40:28.7508394Z  15950K .......... .......... .......... .......... .......... 77%  337M 0s
2023-07-27T03:40:28.7508670Z  16000K .......... .......... .......... .......... .......... 77%  355M 0s
2023-07-27T03:40:28.7508946Z  16050K .......... .......... .......... .......... .......... 78%  313M 0s
2023-07-27T03:40:28.7509223Z  16100K .......... .......... .......... .......... .......... 78%  340M 0s
2023-07-27T03:40:28.7509484Z  16150K .......... .......... .......... .......... .......... 78%  338M 0s
2023-07-27T03:40:28.7509790Z  16200K .......... .......... .......... .......... .......... 78%  347M 0s
2023-07-27T03:40:28.7510056Z  16250K .......... .......... .......... .......... .......... 79%  288M 0s
2023-07-27T03:40:28.7510309Z  16300K .......... .......... .......... .......... .......... 79%  342M 0s
2023-07-27T03:40:28.7510580Z  16350K .......... .......... .......... .......... .......... 79%  344M 0s
2023-07-27T03:40:28.7510850Z  16400K .......... .......... .......... .......... .......... 79%  348M 0s
2023-07-27T03:40:28.7511117Z  16450K .......... .......... .......... .......... .......... 80%  315M 0s
2023-07-27T03:40:28.7511367Z  16500K .......... .......... .......... .......... .......... 80%  275M 0s
2023-07-27T03:40:28.7511639Z  16550K .......... .......... .......... .......... .......... 80%  350M 0s
2023-07-27T03:40:28.7511910Z  16600K .......... .......... .......... .......... .......... 80%  309M 0s
2023-07-27T03:40:28.7512166Z  16650K .......... .......... .......... .......... .......... 80%  354M 0s
2023-07-27T03:40:28.7512435Z  16700K .......... .......... .......... .......... .......... 81%  346M 0s
2023-07-27T03:40:28.7512750Z  16750K .......... .......... .......... .......... .......... 81%  348M 0s
2023-07-27T03:40:28.7513016Z  16800K .......... .......... .......... .......... .......... 81%  281M 0s
2023-07-27T03:40:28.7513281Z  16850K .......... .......... .......... .......... .......... 81%  338M 0s
2023-07-27T03:40:28.7513531Z  16900K .......... .......... .......... .......... .......... 82%  315M 0s
2023-07-27T03:40:28.7513799Z  16950K .......... .......... .......... .......... .......... 82%  348M 0s
2023-07-27T03:40:28.7514071Z  17000K .......... .......... .......... .......... .......... 82%  311M 0s
2023-07-27T03:40:28.7514465Z  17050K .......... .......... .......... .......... .......... 82%  325M 0s
2023-07-27T03:40:28.7514739Z  17100K .......... .......... .......... .......... .......... 83%  276M 0s
2023-07-27T03:40:28.7515018Z  17150K .......... .......... .......... .......... .......... 83%  317M 0s
2023-07-27T03:40:28.7515287Z  17200K .......... .......... .......... .......... .......... 83%  282M 0s
2023-07-27T03:40:28.7515538Z  17250K .......... .......... .......... .......... .......... 83%  343M 0s
2023-07-27T03:40:28.7515807Z  17300K .......... .......... .......... .......... .......... 84%  351M 0s
2023-07-27T03:40:28.7516073Z  17350K .......... .......... .......... .......... .......... 84%  345M 0s
2023-07-27T03:40:28.7516361Z  17400K .......... .......... .......... .......... .......... 84%  324M 0s
2023-07-27T03:40:28.7516627Z  17450K .......... .......... .......... .......... .......... 84%  275M 0s
2023-07-27T03:40:28.7516893Z  17500K .......... .......... .......... .......... .......... 85%  348M 0s
2023-07-27T03:40:28.7517169Z  17550K .......... .......... .......... .......... .......... 85%  335M 0s
2023-07-27T03:40:28.7517537Z  17600K .......... .......... .......... .......... .......... 85%  355M 0s
2023-07-27T03:40:28.7517844Z  17650K .......... .......... .......... .......... .......... 85%  360M 0s
2023-07-27T03:40:28.7518140Z  17700K .......... .......... .......... .......... .......... 86%  345M 0s
2023-07-27T03:40:28.7518414Z  17750K .......... .......... .......... .......... .......... 86%  286M 0s
2023-07-27T03:40:28.7518665Z  17800K .......... .......... .......... .......... .......... 86%  314M 0s
2023-07-27T03:40:28.7518931Z  17850K .......... .......... .......... .......... .......... 86%  338M 0s
2023-07-27T03:40:28.7519195Z  17900K .......... .......... .......... .......... .......... 87%  339M 0s
2023-07-27T03:40:28.7519450Z  17950K .......... .......... .......... .......... .......... 87%  315M 0s
2023-07-27T03:40:28.7519718Z  18000K .......... .......... .......... .......... .......... 87%  342M 0s
2023-07-27T03:40:28.7520043Z  18050K .......... .......... .......... .......... .......... 87%  342M 0s
2023-07-27T03:40:28.7520313Z  18100K .......... .......... .......... .......... .......... 88%  349M 0s
2023-07-27T03:40:28.7520565Z  18150K .......... .......... .......... .......... .......... 88%  254M 0s
2023-07-27T03:40:28.7520856Z  18200K .......... .......... .......... .......... .......... 88%  338M 0s
2023-07-27T03:40:28.7521118Z  18250K .......... .......... .......... .......... .......... 88%  352M 0s
2023-07-27T03:40:28.7521379Z  18300K .......... .......... .......... .......... .......... 88%  338M 0s
2023-07-27T03:40:28.7521625Z  18350K .......... .......... .......... .......... .......... 89%  311M 0s
2023-07-27T03:40:28.7521891Z  18400K .......... .......... .......... .......... .......... 89%  356M 0s
2023-07-27T03:40:28.7522155Z  18450K .......... .......... .......... .......... .......... 89%  310M 0s
2023-07-27T03:40:28.7522405Z  18500K .......... .......... .......... .......... .......... 89%  354M 0s
2023-07-27T03:40:28.7522675Z  18550K .......... .......... .......... .......... .......... 90%  328M 0s
2023-07-27T03:40:28.7522948Z  18600K .......... .......... .......... .......... .......... 90%  339M 0s
2023-07-27T03:40:28.7523216Z  18650K .......... .......... .......... .......... .......... 90%  285M 0s
2023-07-27T03:40:28.7523465Z  18700K .......... .......... .......... .......... .......... 90%  353M 0s
2023-07-27T03:40:28.7523734Z  18750K .......... .......... .......... .......... .......... 91%  350M 0s
2023-07-27T03:40:28.7524004Z  18800K .......... .......... .......... .......... .......... 91%  325M 0s
2023-07-27T03:40:28.7524258Z  18850K .......... .......... .......... .......... .......... 91%  296M 0s
2023-07-27T03:40:28.7524524Z  18900K .......... .......... .......... .......... .......... 91%  324M 0s
2023-07-27T03:40:28.7524795Z  18950K .......... .......... .......... .......... .......... 92%  320M 0s
2023-07-27T03:40:28.7525343Z  19000K .......... .......... .......... .......... .......... 92%  348M 0s
2023-07-27T03:40:28.7525595Z  19050K .......... .......... .......... .......... .......... 92%  348M 0s
2023-07-27T03:40:28.7525867Z  19100K .......... .......... .......... .......... .......... 92%  356M 0s
2023-07-27T03:40:28.7526134Z  19150K .......... .......... .......... .......... .......... 93%  270M 0s
2023-07-27T03:40:28.7526383Z  19200K .......... .......... .......... .......... .......... 93%  333M 0s
2023-07-27T03:40:28.7526646Z  19250K .......... .......... .......... .......... .......... 93%  349M 0s
2023-07-27T03:40:28.7526916Z  19300K .......... .......... .......... .......... .......... 93%  353M 0s
2023-07-27T03:40:28.7527187Z  19350K .......... .......... .......... .......... .......... 94%  320M 0s
2023-07-27T03:40:28.7527441Z  19400K .......... .......... .......... .......... .......... 94%  308M 0s
2023-07-27T03:40:28.7527712Z  19450K .......... .......... .......... .......... .......... 94%  369M 0s
2023-07-27T03:40:28.7527983Z  19500K .......... .......... .......... .......... .......... 94%  357M 0s
2023-07-27T03:40:28.7528354Z  19550K .......... .......... .......... .......... .......... 95%  351M 0s
2023-07-27T03:40:28.7528623Z  19600K .......... .......... .......... .......... .......... 95%  314M 0s
2023-07-27T03:40:28.7528892Z  19650K .......... .......... .......... .......... .......... 95%  363M 0s
2023-07-27T03:40:28.7529159Z  19700K .......... .......... .......... .......... .......... 95%  327M 0s
2023-07-27T03:40:28.7529413Z  19750K .......... .......... .......... .......... .......... 96%  360M 0s
2023-07-27T03:40:28.7529678Z  19800K .......... .......... .......... .......... .......... 96%  359M 0s
2023-07-27T03:40:28.7529942Z  19850K .......... .......... .......... .......... .......... 96%  316M 0s
2023-07-27T03:40:28.7530489Z  19900K .......... .......... .......... .......... .......... 96%  360M 0s
2023-07-27T03:40:28.7530757Z  19950K .......... .......... .......... .......... .......... 96%  363M 0s
2023-07-27T03:40:28.7531035Z  20000K .......... .......... .......... .......... .......... 97%  295M 0s
2023-07-27T03:40:28.7531315Z  20050K .......... .......... .......... .......... .......... 97%  359M 0s
2023-07-27T03:40:28.7531565Z  20100K .......... .......... .......... .......... .......... 97%  356M 0s
2023-07-27T03:40:28.7531834Z  20150K .......... .......... .......... .......... .......... 97%  359M 0s
2023-07-27T03:40:28.7532106Z  20200K .......... .......... .......... .......... .......... 98%  355M 0s
2023-07-27T03:40:28.7532360Z  20250K .......... .......... .......... .......... .......... 98%  303M 0s
2023-07-27T03:40:28.7532629Z  20300K .......... .......... .......... .......... .......... 98%  362M 0s
2023-07-27T03:40:28.7532903Z  20350K .......... .......... .......... .......... .......... 98%  365M 0s
2023-07-27T03:40:28.7533167Z  20400K .......... .......... .......... .......... .......... 99%  364M 0s
2023-07-27T03:40:28.7533417Z  20450K .......... .......... .......... .......... .......... 99%  326M 0s
2023-07-27T03:40:28.7533692Z  20500K .......... .......... .......... .......... .......... 99%  315M 0s
2023-07-27T03:40:28.7533962Z  20550K .......... .......... .......... .......... .......... 99%  253M 0s
2023-07-27T03:40:28.7534219Z  20600K .......... .......... ....                            100%  330M=0.1s
2023-07-27T03:40:28.7534381Z 
2023-07-27T03:40:28.7535038Z 2023-07-27 03:40:28 (137 MB/s) - ‘allure-2.23.1.tgz’ saved [21119403/21119403]
2023-07-27T03:40:28.7535253Z 
2023-07-27T03:40:28.7535423Z allure-2.23.1/lib/config/
2023-07-27T03:40:28.7535736Z allure-2.23.1/lib/config/logback.xml
2023-07-27T03:40:28.7536101Z allure-2.23.1/lib/config/jetty-logging.properties
2023-07-27T03:40:28.7536497Z allure-2.23.1/lib/allure-commandline-2.23.1.jar
2023-07-27T03:40:28.7550688Z allure-2.23.1/lib/logback-classic-1.3.8.jar
2023-07-27T03:40:28.7571095Z allure-2.23.1/lib/jcommander-1.82.jar
2023-07-27T03:40:28.7577598Z allure-2.23.1/lib/allure-generator-2.23.1.jar
2023-07-27T03:40:28.7654641Z allure-2.23.1/lib/jackson-dataformat-xml-2.15.2.jar
2023-07-27T03:40:28.7664767Z allure-2.23.1/lib/allure-plugin-api-2.23.1.jar
2023-07-27T03:40:28.7672453Z allure-2.23.1/lib/jackson-module-jaxb-annotations-2.15.2.jar
2023-07-27T03:40:28.7675965Z allure-2.23.1/lib/jackson-annotations-2.15.2.jar
2023-07-27T03:40:28.7681688Z allure-2.23.1/lib/jackson-core-2.15.2.jar
2023-07-27T03:40:28.7726382Z allure-2.23.1/lib/jackson-dataformat-yaml-2.15.2.jar
2023-07-27T03:40:28.7730225Z allure-2.23.1/lib/jackson-databind-2.15.2.jar
2023-07-27T03:40:28.7856404Z allure-2.23.1/lib/tika-core-2.8.0.jar
2023-07-27T03:40:28.7912685Z allure-2.23.1/lib/commons-io-2.13.0.jar
2023-07-27T03:40:28.7950513Z allure-2.23.1/lib/jetty-server-9.4.51.v20230217.jar
2023-07-27T03:40:28.8012973Z allure-2.23.1/lib/logback-core-1.3.8.jar
2023-07-27T03:40:28.8073757Z allure-2.23.1/lib/allure1-model-1.0.jar
2023-07-27T03:40:28.8075769Z allure-2.23.1/lib/slf4j-api-2.0.7.jar
2023-07-27T03:40:28.8081705Z allure-2.23.1/lib/snakeyaml-2.0.jar
2023-07-27T03:40:28.8114932Z allure-2.23.1/lib/javax.servlet-api-3.1.0.jar
2023-07-27T03:40:28.8120542Z allure-2.23.1/lib/jetty-http-9.4.51.v20230217.jar
2023-07-27T03:40:28.8141513Z allure-2.23.1/lib/jetty-io-9.4.51.v20230217.jar
2023-07-27T03:40:28.8159271Z allure-2.23.1/lib/allure-model-2.23.0.jar
2023-07-27T03:40:28.8162061Z allure-2.23.1/lib/jaxb-api-2.3.1.jar
2023-07-27T03:40:28.8171511Z allure-2.23.1/lib/httpclient-4.5.14.jar
2023-07-27T03:40:28.8240534Z allure-2.23.1/lib/freemarker-2.3.32.jar
2023-07-27T03:40:28.8386869Z allure-2.23.1/lib/jetty-util-9.4.51.v20230217.jar
2023-07-27T03:40:28.8431283Z allure-2.23.1/lib/opencsv-4.6.jar
2023-07-27T03:40:28.8444753Z allure-2.23.1/lib/flexmark-ext-tables-0.62.2.jar
2023-07-27T03:40:28.8450600Z allure-2.23.1/lib/flexmark-0.62.2.jar
2023-07-27T03:40:28.8484288Z allure-2.23.1/lib/woodstox-core-6.5.1.jar
2023-07-27T03:40:28.8607732Z allure-2.23.1/lib/stax2-api-4.2.1.jar
2023-07-27T03:40:28.8622862Z allure-2.23.1/lib/jakarta.xml.bind-api-2.3.3.jar
2023-07-27T03:40:28.8632726Z allure-2.23.1/lib/jakarta.activation-api-1.2.2.jar
2023-07-27T03:40:28.8636755Z allure-2.23.1/lib/javax.activation-api-1.2.0.jar
2023-07-27T03:40:28.8640810Z allure-2.23.1/lib/properties-2.0.RC5.jar
2023-07-27T03:40:28.8644544Z allure-2.23.1/lib/jaxb-utils-1.0.jar
2023-07-27T03:40:28.8648166Z allure-2.23.1/lib/httpcore-4.4.16.jar
2023-07-27T03:40:28.8670971Z allure-2.23.1/lib/commons-beanutils-1.9.4.jar
2023-07-27T03:40:28.8692295Z allure-2.23.1/lib/commons-logging-1.2.jar
2023-07-27T03:40:28.8698295Z allure-2.23.1/lib/commons-codec-1.11.jar
2023-07-27T03:40:28.8724357Z allure-2.23.1/lib/commons-text-1.3.jar
2023-07-27T03:40:28.8740804Z allure-2.23.1/lib/commons-lang3-3.12.0.jar
2023-07-27T03:40:28.8784895Z allure-2.23.1/lib/commons-collections4-4.2.jar
2023-07-27T03:40:28.8844473Z allure-2.23.1/lib/flexmark-util-0.62.2.jar
2023-07-27T03:40:28.8846998Z allure-2.23.1/lib/flexmark-util-format-0.62.2.jar
2023-07-27T03:40:28.8857087Z allure-2.23.1/lib/flexmark-util-ast-0.62.2.jar
2023-07-27T03:40:28.8863121Z allure-2.23.1/lib/flexmark-util-builder-0.62.2.jar
2023-07-27T03:40:28.8865377Z allure-2.23.1/lib/flexmark-util-dependency-0.62.2.jar
2023-07-27T03:40:28.8867669Z allure-2.23.1/lib/flexmark-util-html-0.62.2.jar
2023-07-27T03:40:28.8870272Z allure-2.23.1/lib/flexmark-util-options-0.62.2.jar
2023-07-27T03:40:28.8873611Z allure-2.23.1/lib/flexmark-util-sequence-0.62.2.jar
2023-07-27T03:40:28.8890622Z allure-2.23.1/lib/flexmark-util-collection-0.62.2.jar
2023-07-27T03:40:28.8898289Z allure-2.23.1/lib/flexmark-util-data-0.62.2.jar
2023-07-27T03:40:28.8900637Z allure-2.23.1/lib/flexmark-util-misc-0.62.2.jar
2023-07-27T03:40:28.8904990Z allure-2.23.1/lib/flexmark-util-visitor-0.62.2.jar
2023-07-27T03:40:28.8907223Z allure-2.23.1/lib/commons-collections-3.2.2.jar
2023-07-27T03:40:28.8959842Z allure-2.23.1/lib/annotations-15.0.jar
2023-07-27T03:40:28.8960155Z allure-2.23.1/bin/
2023-07-27T03:40:28.8975239Z allure-2.23.1/bin/allure.bat
2023-07-27T03:40:28.8975580Z allure-2.23.1/bin/allure
2023-07-27T03:40:28.8976218Z allure-2.23.1/plugins/custom-logo-plugin/
2023-07-27T03:40:28.8976687Z allure-2.23.1/plugins/custom-logo-plugin/custom-logo-plugin-2.23.1.jar
2023-07-27T03:40:28.8977155Z allure-2.23.1/plugins/custom-logo-plugin/static/
2023-07-27T03:40:28.8977592Z allure-2.23.1/plugins/custom-logo-plugin/static/custom-logo.svg
2023-07-27T03:40:28.8978035Z allure-2.23.1/plugins/custom-logo-plugin/static/styles.css
2023-07-27T03:40:28.8978469Z allure-2.23.1/plugins/custom-logo-plugin/allure-plugin.yml
2023-07-27T03:40:28.8978844Z allure-2.23.1/plugins/xctest-plugin/
2023-07-27T03:40:28.8979238Z allure-2.23.1/plugins/xctest-plugin/xctest-plugin-2.23.1.jar
2023-07-27T03:40:28.8979665Z allure-2.23.1/plugins/xctest-plugin/allure-plugin.yml
2023-07-27T03:40:28.8980043Z allure-2.23.1/plugins/xctest-plugin/lib/
2023-07-27T03:40:28.8980430Z allure-2.23.1/plugins/xctest-plugin/lib/xmlwise-1.2.11.jar
2023-07-27T03:40:28.8980788Z allure-2.23.1/plugins/jira-plugin/
2023-07-27T03:40:28.8981166Z allure-2.23.1/plugins/jira-plugin/allure-plugin.yml
2023-07-27T03:40:28.8981575Z allure-2.23.1/plugins/jira-plugin/jira-plugin-2.23.1.jar
2023-07-27T03:40:28.8981946Z allure-2.23.1/plugins/jira-plugin/lib/
2023-07-27T03:40:28.8982518Z allure-2.23.1/plugins/jira-plugin/lib/allure-jira-commons-2.23.1.jar
2023-07-27T03:40:28.8982979Z allure-2.23.1/plugins/jira-plugin/lib/jackson-core-2.15.2.jar
2023-07-27T03:40:28.9022349Z allure-2.23.1/plugins/jira-plugin/lib/converter-jackson-2.9.0.jar
2023-07-27T03:40:28.9022833Z allure-2.23.1/plugins/jira-plugin/lib/retrofit-2.9.0.jar
2023-07-27T03:40:28.9032521Z allure-2.23.1/plugins/jira-plugin/lib/jackson-annotations-2.15.2.jar
2023-07-27T03:40:28.9040861Z allure-2.23.1/plugins/jira-plugin/lib/okhttp-3.14.9.jar
2023-07-27T03:40:28.9077899Z allure-2.23.1/plugins/jira-plugin/lib/okio-1.17.2.jar
2023-07-27T03:40:28.9084172Z allure-2.23.1/plugins/jira-plugin/lib/jackson-databind-2.15.2.jar
2023-07-27T03:40:28.9227380Z allure-2.23.1/plugins/packages-plugin/
2023-07-27T03:40:28.9228214Z allure-2.23.1/plugins/packages-plugin/packages-plugin-2.23.1.jar
2023-07-27T03:40:28.9228894Z allure-2.23.1/plugins/packages-plugin/static/
2023-07-27T03:40:28.9229596Z allure-2.23.1/plugins/packages-plugin/static/index.js
2023-07-27T03:40:28.9230633Z allure-2.23.1/plugins/packages-plugin/allure-plugin.yml
2023-07-27T03:40:28.9231061Z allure-2.23.1/plugins/behaviors-plugin/
2023-07-27T03:40:28.9231436Z allure-2.23.1/plugins/behaviors-plugin/static/
2023-07-27T03:40:28.9231823Z allure-2.23.1/plugins/behaviors-plugin/static/index.js
2023-07-27T03:40:28.9232302Z allure-2.23.1/plugins/behaviors-plugin/behaviors-plugin-2.23.1.jar
2023-07-27T03:40:28.9236223Z allure-2.23.1/plugins/behaviors-plugin/allure-plugin.yml
2023-07-27T03:40:28.9236880Z allure-2.23.1/plugins/xray-plugin/
2023-07-27T03:40:28.9237568Z allure-2.23.1/plugins/xray-plugin/xray-plugin-2.23.1.jar
2023-07-27T03:40:28.9238334Z allure-2.23.1/plugins/xray-plugin/allure-plugin.yml
2023-07-27T03:40:28.9238731Z allure-2.23.1/plugins/xray-plugin/lib/
2023-07-27T03:40:28.9239205Z allure-2.23.1/plugins/xray-plugin/lib/allure-jira-commons-2.23.1.jar
2023-07-27T03:40:28.9244557Z allure-2.23.1/plugins/xray-plugin/lib/jackson-core-2.15.2.jar
2023-07-27T03:40:28.9293980Z allure-2.23.1/plugins/xray-plugin/lib/converter-jackson-2.9.0.jar
2023-07-27T03:40:28.9294736Z allure-2.23.1/plugins/xray-plugin/lib/retrofit-2.9.0.jar
2023-07-27T03:40:28.9305949Z allure-2.23.1/plugins/xray-plugin/lib/jackson-annotations-2.15.2.jar
2023-07-27T03:40:28.9311532Z allure-2.23.1/plugins/xray-plugin/lib/okhttp-3.14.9.jar
2023-07-27T03:40:28.9349354Z allure-2.23.1/plugins/xray-plugin/lib/okio-1.17.2.jar
2023-07-27T03:40:28.9358159Z allure-2.23.1/plugins/xray-plugin/lib/jackson-databind-2.15.2.jar
2023-07-27T03:40:28.9496513Z allure-2.23.1/plugins/xunit-xml-plugin/
2023-07-27T03:40:28.9497263Z allure-2.23.1/plugins/xunit-xml-plugin/xunit-xml-plugin-2.23.1.jar
2023-07-27T03:40:28.9498009Z allure-2.23.1/plugins/xunit-xml-plugin/allure-plugin.yml
2023-07-27T03:40:28.9498782Z allure-2.23.1/plugins/junit-xml-plugin/
2023-07-27T03:40:28.9502104Z allure-2.23.1/plugins/junit-xml-plugin/junit-xml-plugin-2.23.1.jar
2023-07-27T03:40:28.9502760Z allure-2.23.1/plugins/junit-xml-plugin/allure-plugin.yml
2023-07-27T03:40:28.9503297Z allure-2.23.1/plugins/screen-diff-plugin/
2023-07-27T03:40:28.9503839Z allure-2.23.1/plugins/screen-diff-plugin/static/
2023-07-27T03:40:28.9504592Z allure-2.23.1/plugins/screen-diff-plugin/static/index.js
2023-07-27T03:40:28.9505039Z allure-2.23.1/plugins/screen-diff-plugin/static/styles.css
2023-07-27T03:40:28.9505482Z allure-2.23.1/plugins/screen-diff-plugin/allure-plugin.yml
2023-07-27T03:40:28.9505973Z allure-2.23.1/plugins/screen-diff-plugin/screen-diff-plugin-2.23.1.jar
2023-07-27T03:40:28.9506373Z allure-2.23.1/plugins/trx-plugin/
2023-07-27T03:40:28.9506742Z allure-2.23.1/plugins/trx-plugin/trx-plugin-2.23.1.jar
2023-07-27T03:40:28.9510464Z allure-2.23.1/plugins/trx-plugin/allure-plugin.yml
2023-07-27T03:40:28.9726711Z ##[group]Run allure --version
2023-07-27T03:40:28.9727000Z [36;1mallure --version[0m
2023-07-27T03:40:28.9782221Z shell: /usr/bin/bash -e {0}
2023-07-27T03:40:28.9782448Z env:
2023-07-27T03:40:28.9782682Z   TEST_RESULTS_DIR: allure-results
2023-07-27T03:40:28.9782959Z   ALLURE_REPORT_DIR: allure-report
2023-07-27T03:40:28.9783269Z   pythonLocation: /opt/hostedtoolcache/Python/3.11.4/x64
2023-07-27T03:40:28.9783651Z   PKG_CONFIG_PATH: /opt/hostedtoolcache/Python/3.11.4/x64/lib/pkgconfig
2023-07-27T03:40:28.9784018Z   Python_ROOT_DIR: /opt/hostedtoolcache/Python/3.11.4/x64
2023-07-27T03:40:28.9784363Z   Python2_ROOT_DIR: /opt/hostedtoolcache/Python/3.11.4/x64
2023-07-27T03:40:28.9784694Z   Python3_ROOT_DIR: /opt/hostedtoolcache/Python/3.11.4/x64
2023-07-27T03:40:28.9785033Z   LD_LIBRARY_PATH: /opt/hostedtoolcache/Python/3.11.4/x64/lib
2023-07-27T03:40:28.9785311Z ##[endgroup]
2023-07-27T03:40:29.5651233Z 2.23.1
2023-07-27T03:40:29.5825321Z ##[group]Run python3 -m venv .venv
2023-07-27T03:40:29.5825636Z [36;1mpython3 -m venv .venv[0m
2023-07-27T03:40:29.5825909Z [36;1msource .venv/bin/activate[0m
2023-07-27T03:40:29.5826204Z [36;1mpip3 install --upgrade pip setuptools wheel[0m
2023-07-27T03:40:29.5826502Z [36;1mpip3 install -r requirements.txt[0m
2023-07-27T03:40:29.5882747Z shell: /usr/bin/bash -e {0}
2023-07-27T03:40:29.5882979Z env:
2023-07-27T03:40:29.5883192Z   TEST_RESULTS_DIR: allure-results
2023-07-27T03:40:29.5883471Z   ALLURE_REPORT_DIR: allure-report
2023-07-27T03:40:29.5883789Z   pythonLocation: /opt/hostedtoolcache/Python/3.11.4/x64
2023-07-27T03:40:29.5884145Z   PKG_CONFIG_PATH: /opt/hostedtoolcache/Python/3.11.4/x64/lib/pkgconfig
2023-07-27T03:40:29.5884507Z   Python_ROOT_DIR: /opt/hostedtoolcache/Python/3.11.4/x64
2023-07-27T03:40:29.5884847Z   Python2_ROOT_DIR: /opt/hostedtoolcache/Python/3.11.4/x64
2023-07-27T03:40:29.5885327Z   Python3_ROOT_DIR: /opt/hostedtoolcache/Python/3.11.4/x64
2023-07-27T03:40:29.5885716Z   LD_LIBRARY_PATH: /opt/hostedtoolcache/Python/3.11.4/x64/lib
2023-07-27T03:40:29.5885982Z ##[endgroup]
2023-07-27T03:40:34.3616667Z Requirement already satisfied: pip in ./.venv/lib/python3.11/site-packages (23.1.2)
2023-07-27T03:40:34.5517723Z Collecting pip
2023-07-27T03:40:34.6547973Z   Downloading pip-23.2.1-py3-none-any.whl (2.1 MB)
2023-07-27T03:40:34.8363249Z      ━━━━━━━━━━━━━━━━━━━━━━━━━━━━━━━━━━━━━━━━ 2.1/2.1 MB 11.9 MB/s eta 0:00:00
2023-07-27T03:40:34.8498733Z Requirement already satisfied: setuptools in ./.venv/lib/python3.11/site-packages (65.5.0)
2023-07-27T03:40:35.1107213Z Collecting setuptools
2023-07-27T03:40:35.1189113Z   Downloading setuptools-68.0.0-py3-none-any.whl (804 kB)
2023-07-27T03:40:35.1544123Z      ━━━━━━━━━━━━━━━━━━━━━━━━━━━━━━━━━━━━━━ 804.0/804.0 kB 24.4 MB/s eta 0:00:00
2023-07-27T03:40:35.2027849Z Collecting wheel
2023-07-27T03:40:35.2108431Z   Downloading wheel-0.41.0-py3-none-any.whl (64 kB)
2023-07-27T03:40:35.2163717Z      ━━━━━━━━━━━━━━━━━━━━━━━━━━━━━━━━━━━━━━━━ 64.7/64.7 kB 17.8 MB/s eta 0:00:00
2023-07-27T03:40:35.3549591Z Installing collected packages: wheel, setuptools, pip
2023-07-27T03:40:35.4038277Z   Attempting uninstall: setuptools
2023-07-27T03:40:35.4078142Z     Found existing installation: setuptools 65.5.0
2023-07-27T03:40:35.4273463Z     Uninstalling setuptools-65.5.0:
2023-07-27T03:40:35.4381640Z       Successfully uninstalled setuptools-65.5.0
2023-07-27T03:40:35.9478604Z   Attempting uninstall: pip
2023-07-27T03:40:35.9507538Z     Found existing installation: pip 23.1.2
2023-07-27T03:40:35.9898661Z     Uninstalling pip-23.1.2:
2023-07-27T03:40:35.9965053Z       Successfully uninstalled pip-23.1.2
2023-07-27T03:40:37.2315076Z Successfully installed pip-23.2.1 setuptools-68.0.0 wheel-0.41.0
2023-07-27T03:40:38.2115644Z Collecting allure-behave==2.13.2 (from -r requirements.txt (line 1))
2023-07-27T03:40:38.3048358Z   Downloading allure_behave-2.13.2-py3-none-any.whl (7.3 kB)
2023-07-27T03:40:38.3758073Z Collecting allure-python-commons==2.13.2 (from -r requirements.txt (line 2))
2023-07-27T03:40:38.3858753Z   Downloading allure_python_commons-2.13.2-py3-none-any.whl (14 kB)
2023-07-27T03:40:38.4226287Z Collecting attrs==23.1.0 (from -r requirements.txt (line 3))
2023-07-27T03:40:38.4305513Z   Downloading attrs-23.1.0-py3-none-any.whl (61 kB)
2023-07-27T03:40:38.4466236Z      ━━━━━━━━━━━━━━━━━━━━━━━━━━━━━━━━━━━━━━━━ 61.2/61.2 kB 4.4 MB/s eta 0:00:00
2023-07-27T03:40:38.4663662Z Collecting behave==1.2.6 (from -r requirements.txt (line 4))
2023-07-27T03:40:38.4776283Z   Downloading behave-1.2.6-py2.py3-none-any.whl (136 kB)
2023-07-27T03:40:38.4934620Z      ━━━━━━━━━━━━━━━━━━━━━━━━━━━━━━━━━━━━━━━ 136.8/136.8 kB 9.9 MB/s eta 0:00:00
2023-07-27T03:40:38.5599348Z Collecting black==23.7.0 (from -r requirements.txt (line 5))
2023-07-27T03:40:38.5601680Z   Obtaining dependency information for black==23.7.0 from https://files.pythonhosted.org/packages/4d/24/06c20da91df8d0b0f67e2dd3ce0feedff0b0fa6792e24e3f83452f3c38a2/black-23.7.0-cp311-cp311-manylinux_2_17_x86_64.manylinux2014_x86_64.whl.metadata
2023-07-27T03:40:38.5684910Z   Downloading black-23.7.0-cp311-cp311-manylinux_2_17_x86_64.manylinux2014_x86_64.whl.metadata (63 kB)
2023-07-27T03:40:38.5750113Z      ━━━━━━━━━━━━━━━━━━━━━━━━━━━━━━━━━━━━━━━━ 63.4/63.4 kB 12.8 MB/s eta 0:00:00
2023-07-27T03:40:38.6151756Z Collecting certifi==2023.7.22 (from -r requirements.txt (line 6))
2023-07-27T03:40:38.6157582Z   Obtaining dependency information for certifi==2023.7.22 from https://files.pythonhosted.org/packages/4c/dd/2234eab22353ffc7d94e8d13177aaa050113286e93e7b40eae01fbf7c3d9/certifi-2023.7.22-py3-none-any.whl.metadata
2023-07-27T03:40:38.6238811Z   Downloading certifi-2023.7.22-py3-none-any.whl.metadata (2.2 kB)
2023-07-27T03:40:38.8282068Z Collecting cffi==1.15.1 (from -r requirements.txt (line 7))
2023-07-27T03:40:38.8395646Z   Downloading cffi-1.15.1-cp311-cp311-manylinux_2_17_x86_64.manylinux2014_x86_64.whl (462 kB)
2023-07-27T03:40:38.8739428Z      ━━━━━━━━━━━━━━━━━━━━━━━━━━━━━━━━━━━━━━ 462.6/462.6 kB 14.3 MB/s eta 0:00:00
2023-07-27T03:40:38.9914591Z Collecting charset-normalizer==3.2.0 (from -r requirements.txt (line 8))
2023-07-27T03:40:38.9916274Z   Obtaining dependency information for charset-normalizer==3.2.0 from https://files.pythonhosted.org/packages/bc/85/ef25d4ba14c7653c3020a1c6e1a7413e6791ef36a0ac177efa605fc2c737/charset_normalizer-3.2.0-cp311-cp311-manylinux_2_17_x86_64.manylinux2014_x86_64.whl.metadata
2023-07-27T03:40:38.9995912Z   Downloading charset_normalizer-3.2.0-cp311-cp311-manylinux_2_17_x86_64.manylinux2014_x86_64.whl.metadata (31 kB)
2023-07-27T03:40:39.0515984Z Collecting chromedriver-autoinstaller==0.6.2 (from -r requirements.txt (line 9))
2023-07-27T03:40:39.0520833Z   Obtaining dependency information for chromedriver-autoinstaller==0.6.2 from https://files.pythonhosted.org/packages/b7/17/824a202a4fdb6edda587f25878552beb0da6de70197d5f0b77b8d3781e91/chromedriver_autoinstaller-0.6.2-py3-none-any.whl.metadata
2023-07-27T03:40:39.0612784Z   Downloading chromedriver_autoinstaller-0.6.2-py3-none-any.whl.metadata (1.9 kB)
2023-07-27T03:40:39.0971381Z Collecting click==8.1.6 (from -r requirements.txt (line 10))
2023-07-27T03:40:39.0976412Z   Obtaining dependency information for click==8.1.6 from https://files.pythonhosted.org/packages/1a/70/e63223f8116931d365993d4a6b7ef653a4d920b41d03de7c59499962821f/click-8.1.6-py3-none-any.whl.metadata
2023-07-27T03:40:39.1056359Z   Downloading click-8.1.6-py3-none-any.whl.metadata (3.0 kB)
2023-07-27T03:40:39.4142825Z Collecting cryptography==41.0.2 (from -r requirements.txt (line 11))
2023-07-27T03:40:39.4144384Z   Obtaining dependency information for cryptography==41.0.2 from https://files.pythonhosted.org/packages/1a/c7/b8193a0859fed883738ae99d33fe90edf05c7e3d0fdb1726f8f53d85859e/cryptography-41.0.2-cp37-abi3-manylinux_2_28_x86_64.whl.metadata
2023-07-27T03:40:39.4223327Z   Downloading cryptography-41.0.2-cp37-abi3-manylinux_2_28_x86_64.whl.metadata (5.2 kB)
2023-07-27T03:40:39.4524592Z Collecting defusedxml==0.7.1 (from -r requirements.txt (line 12))
2023-07-27T03:40:39.4607753Z   Downloading defusedxml-0.7.1-py2.py3-none-any.whl (25 kB)
2023-07-27T03:40:39.4886962Z Collecting exceptiongroup==1.1.2 (from -r requirements.txt (line 13))
2023-07-27T03:40:39.4890926Z   Obtaining dependency information for exceptiongroup==1.1.2 from https://files.pythonhosted.org/packages/fe/17/f43b7c9ccf399d72038042ee72785c305f6c6fdc6231942f8ab99d995742/exceptiongroup-1.1.2-py3-none-any.whl.metadata
2023-07-27T03:40:39.4972196Z   Downloading exceptiongroup-1.1.2-py3-none-any.whl.metadata (6.1 kB)
2023-07-27T03:40:39.6313765Z Collecting Faker==15.0.0 (from -r requirements.txt (line 14))
2023-07-27T03:40:39.6612661Z   Downloading Faker-15.0.0-py3-none-any.whl (1.6 MB)
2023-07-27T03:40:39.7444984Z      ━━━━━━━━━━━━━━━━━━━━━━━━━━━━━━━━━━━━━━━━ 1.6/1.6 MB 20.3 MB/s eta 0:00:00
2023-07-27T03:40:39.7740040Z Collecting glob2==0.7 (from -r requirements.txt (line 15))
2023-07-27T03:40:39.7834761Z   Downloading glob2-0.7.tar.gz (10 kB)
2023-07-27T03:40:39.7897181Z   Preparing metadata (setup.py): started
2023-07-27T03:40:39.9740901Z   Preparing metadata (setup.py): finished with status 'done'
2023-07-27T03:40:39.9956213Z Collecting h11==0.14.0 (from -r requirements.txt (line 16))
2023-07-27T03:40:40.0039073Z   Downloading h11-0.14.0-py3-none-any.whl (58 kB)
2023-07-27T03:40:40.0085808Z      ━━━━━━━━━━━━━━━━━━━━━━━━━━━━━━━━━━━━━━━━ 58.3/58.3 kB 20.4 MB/s eta 0:00:00
2023-07-27T03:40:40.0338796Z Collecting idna==3.4 (from -r requirements.txt (line 17))
2023-07-27T03:40:40.0424423Z   Downloading idna-3.4-py3-none-any.whl (61 kB)
2023-07-27T03:40:40.0472540Z      ━━━━━━━━━━━━━━━━━━━━━━━━━━━━━━━━━━━━━━━━ 61.5/61.5 kB 22.3 MB/s eta 0:00:00
2023-07-27T03:40:40.1178442Z Collecting importlib-metadata==6.8.0 (from -r requirements.txt (line 18))
2023-07-27T03:40:40.1182721Z   Obtaining dependency information for importlib-metadata==6.8.0 from https://files.pythonhosted.org/packages/cc/37/db7ba97e676af155f5fcb1a35466f446eadc9104e25b83366e8088c9c926/importlib_metadata-6.8.0-py3-none-any.whl.metadata
2023-07-27T03:40:40.1266009Z   Downloading importlib_metadata-6.8.0-py3-none-any.whl.metadata (5.1 kB)
2023-07-27T03:40:40.1490571Z Collecting iniconfig==2.0.0 (from -r requirements.txt (line 19))
2023-07-27T03:40:40.1569769Z   Downloading iniconfig-2.0.0-py3-none-any.whl (5.9 kB)
2023-07-27T03:40:40.1810511Z Collecting jaraco.classes==3.3.0 (from -r requirements.txt (line 20))
2023-07-27T03:40:40.1815300Z   Obtaining dependency information for jaraco.classes==3.3.0 from https://files.pythonhosted.org/packages/c7/6b/1bc8fa93ea85146e08f0e0883bc579b7c7328364ed7df90b1628dcb36e10/jaraco.classes-3.3.0-py3-none-any.whl.metadata
2023-07-27T03:40:40.1893081Z   Downloading jaraco.classes-3.3.0-py3-none-any.whl.metadata (2.9 kB)
2023-07-27T03:40:40.2246064Z Collecting jira==3.1.1 (from -r requirements.txt (line 21))
2023-07-27T03:40:40.2343405Z   Downloading jira-3.1.1-py3-none-any.whl (67 kB)
2023-07-27T03:40:40.2392895Z      ━━━━━━━━━━━━━━━━━━━━━━━━━━━━━━━━━━━━━━━━ 67.9/67.9 kB 23.0 MB/s eta 0:00:00
2023-07-27T03:40:40.3373636Z Collecting keyring==24.2.0 (from -r requirements.txt (line 22))
2023-07-27T03:40:40.3377804Z   Obtaining dependency information for keyring==24.2.0 from https://files.pythonhosted.org/packages/0e/8f/5772801169cf62e8232721034f91f81e33b0cfa6e51d3bf6ff65c503af2a/keyring-24.2.0-py3-none-any.whl.metadata
2023-07-27T03:40:40.3471354Z   Downloading keyring-24.2.0-py3-none-any.whl.metadata (20 kB)
2023-07-27T03:40:40.3789460Z Collecting Mako==1.2.4 (from -r requirements.txt (line 23))
2023-07-27T03:40:40.3867668Z   Downloading Mako-1.2.4-py3-none-any.whl (78 kB)
2023-07-27T03:40:40.3916892Z      ━━━━━━━━━━━━━━━━━━━━━━━━━━━━━━━━━━━━━━━━ 78.7/78.7 kB 26.1 MB/s eta 0:00:00
2023-07-27T03:40:40.4727662Z Collecting MarkupSafe==2.1.3 (from -r requirements.txt (line 24))
2023-07-27T03:40:40.4732425Z   Obtaining dependency information for MarkupSafe==2.1.3 from https://files.pythonhosted.org/packages/fe/21/2eff1de472ca6c99ec3993eab11308787b9879af9ca8bbceb4868cf4f2ca/MarkupSafe-2.1.3-cp311-cp311-manylinux_2_17_x86_64.manylinux2014_x86_64.whl.metadata
2023-07-27T03:40:40.4818679Z   Downloading MarkupSafe-2.1.3-cp311-cp311-manylinux_2_17_x86_64.manylinux2014_x86_64.whl.metadata (3.0 kB)
2023-07-27T03:40:40.5169581Z Collecting more-itertools==10.0.0 (from -r requirements.txt (line 25))
2023-07-27T03:40:40.5171537Z   Obtaining dependency information for more-itertools==10.0.0 from https://files.pythonhosted.org/packages/51/6e/7c6688d94e350c006f89f84e1c6af37a857f5d302bc7a3ddf917a4470948/more_itertools-10.0.0-py3-none-any.whl.metadata
2023-07-27T03:40:40.5249984Z   Downloading more_itertools-10.0.0-py3-none-any.whl.metadata (33 kB)
2023-07-27T03:40:40.5465334Z Collecting mypy-extensions==1.0.0 (from -r requirements.txt (line 26))
2023-07-27T03:40:40.5540560Z   Downloading mypy_extensions-1.0.0-py3-none-any.whl (4.7 kB)
2023-07-27T03:40:40.5802868Z Collecting oauthlib==3.2.2 (from -r requirements.txt (line 27))
2023-07-27T03:40:40.5882665Z   Downloading oauthlib-3.2.2-py3-none-any.whl (151 kB)
2023-07-27T03:40:40.5957139Z      ━━━━━━━━━━━━━━━━━━━━━━━━━━━━━━━━━━━━━━ 151.7/151.7 kB 30.9 MB/s eta 0:00:00
2023-07-27T03:40:40.6208831Z Collecting outcome==1.2.0 (from -r requirements.txt (line 28))
2023-07-27T03:40:40.6287204Z   Downloading outcome-1.2.0-py2.py3-none-any.whl (9.7 kB)
2023-07-27T03:40:40.6655856Z Collecting packaging==23.1 (from -r requirements.txt (line 29))
2023-07-27T03:40:40.6734899Z   Downloading packaging-23.1-py3-none-any.whl (48 kB)
2023-07-27T03:40:40.6784205Z      ━━━━━━━━━━━━━━━━━━━━━━━━━━━━━━━━━━━━━━━━ 48.9/48.9 kB 16.0 MB/s eta 0:00:00
2023-07-27T03:40:40.7020086Z Collecting parse==1.19.1 (from -r requirements.txt (line 30))
2023-07-27T03:40:40.7024233Z   Obtaining dependency information for parse==1.19.1 from https://files.pythonhosted.org/packages/9c/57/6c51ccd70de3ebcfb0bb5b0eea2ac0ab13c51ab55043a7243faef9eb58ef/parse-1.19.1-py2.py3-none-any.whl.metadata
2023-07-27T03:40:40.7121267Z   Downloading parse-1.19.1-py2.py3-none-any.whl.metadata (20 kB)
2023-07-27T03:40:40.7368296Z Collecting parse-type==0.6.2 (from -r requirements.txt (line 31))
2023-07-27T03:40:40.7372644Z   Obtaining dependency information for parse-type==0.6.2 from https://files.pythonhosted.org/packages/ea/57/8a965284ef665bdb538693203ecf064232b89ba43cdab226f9e3d714ed1a/parse_type-0.6.2-py2.py3-none-any.whl.metadata
2023-07-27T03:40:40.7460799Z   Downloading parse_type-0.6.2-py2.py3-none-any.whl.metadata (12 kB)
2023-07-27T03:40:40.7734867Z Collecting pathspec==0.11.1 (from -r requirements.txt (line 32))
2023-07-27T03:40:40.7815065Z   Downloading pathspec-0.11.1-py3-none-any.whl (29 kB)
2023-07-27T03:40:40.8161408Z Collecting platformdirs==3.9.1 (from -r requirements.txt (line 33))
2023-07-27T03:40:40.8162980Z   Obtaining dependency information for platformdirs==3.9.1 from https://files.pythonhosted.org/packages/6d/a7/47b7088a28c8fe5775eb15281bf44d39facdbe4bc011a95ccb89390c2db9/platformdirs-3.9.1-py3-none-any.whl.metadata
2023-07-27T03:40:40.8239983Z   Downloading platformdirs-3.9.1-py3-none-any.whl.metadata (11 kB)
2023-07-27T03:40:40.8529114Z Collecting pluggy==1.2.0 (from -r requirements.txt (line 34))
2023-07-27T03:40:40.8530886Z   Obtaining dependency information for pluggy==1.2.0 from https://files.pythonhosted.org/packages/51/32/4a79112b8b87b21450b066e102d6608907f4c885ed7b04c3fdb085d4d6ae/pluggy-1.2.0-py3-none-any.whl.metadata
2023-07-27T03:40:40.8608310Z   Downloading pluggy-1.2.0-py3-none-any.whl.metadata (4.4 kB)
2023-07-27T03:40:40.8936822Z Collecting py==1.11.0 (from -r requirements.txt (line 35))
2023-07-27T03:40:40.9017941Z   Downloading py-1.11.0-py2.py3-none-any.whl (98 kB)
2023-07-27T03:40:40.9068897Z      ━━━━━━━━━━━━━━━━━━━━━━━━━━━━━━━━━━━━━━━━ 98.7/98.7 kB 33.5 MB/s eta 0:00:00
2023-07-27T03:40:40.9288400Z Collecting pycparser==2.21 (from -r requirements.txt (line 36))
2023-07-27T03:40:40.9364100Z   Downloading pycparser-2.21-py2.py3-none-any.whl (118 kB)
2023-07-27T03:40:40.9425190Z      ━━━━━━━━━━━━━━━━━━━━━━━━━━━━━━━━━━━━━━ 118.7/118.7 kB 29.2 MB/s eta 0:00:00
2023-07-27T03:40:40.9737598Z Collecting pyOpenSSL==23.2.0 (from -r requirements.txt (line 37))
2023-07-27T03:40:40.9739090Z   Obtaining dependency information for pyOpenSSL==23.2.0 from https://files.pythonhosted.org/packages/f0/e2/f8b4f1c67933a4907e52228241f4bd52169f3196b70af04403b29c63238a/pyOpenSSL-23.2.0-py3-none-any.whl.metadata
2023-07-27T03:40:40.9821244Z   Downloading pyOpenSSL-23.2.0-py3-none-any.whl.metadata (10 kB)
2023-07-27T03:40:41.0046832Z Collecting PySocks==1.7.1 (from -r requirements.txt (line 38))
2023-07-27T03:40:41.0126608Z   Downloading PySocks-1.7.1-py3-none-any.whl (16 kB)
2023-07-27T03:40:41.0935451Z Collecting pytest==7.4.0 (from -r requirements.txt (line 39))
2023-07-27T03:40:41.0937223Z   Obtaining dependency information for pytest==7.4.0 from https://files.pythonhosted.org/packages/33/b2/741130cbcf2bbfa852ed95a60dc311c9e232c7ed25bac3d9b8880a8df4ae/pytest-7.4.0-py3-none-any.whl.metadata
2023-07-27T03:40:41.1017152Z   Downloading pytest-7.4.0-py3-none-any.whl.metadata (8.0 kB)
2023-07-27T03:40:41.1381430Z Collecting pytest-bdd==5.0.0 (from -r requirements.txt (line 40))
2023-07-27T03:40:41.1484380Z   Downloading pytest_bdd-5.0.0-py3-none-any.whl (38 kB)
2023-07-27T03:40:41.1788424Z Collecting python-dateutil==2.8.2 (from -r requirements.txt (line 41))
2023-07-27T03:40:41.1886142Z   Downloading python_dateutil-2.8.2-py2.py3-none-any.whl (247 kB)
2023-07-27T03:40:41.1998913Z      ━━━━━━━━━━━━━━━━━━━━━━━━━━━━━━━━━━━━━━ 247.7/247.7 kB 27.4 MB/s eta 0:00:00
2023-07-27T03:40:41.2305240Z Collecting python-dotenv==1.0.0 (from -r requirements.txt (line 42))
2023-07-27T03:40:41.2388338Z   Downloading python_dotenv-1.0.0-py3-none-any.whl (19 kB)
2023-07-27T03:40:41.2907885Z Collecting requests==2.31.0 (from -r requirements.txt (line 43))
2023-07-27T03:40:41.2912217Z   Obtaining dependency information for requests==2.31.0 from https://files.pythonhosted.org/packages/70/8e/0e2d847013cb52cd35b38c009bb167a1a26b2ce6cd6965bf26b47bc0bf44/requests-2.31.0-py3-none-any.whl.metadata
2023-07-27T03:40:41.2997418Z   Downloading requests-2.31.0-py3-none-any.whl.metadata (4.6 kB)
2023-07-27T03:40:41.3247563Z Collecting requests-oauthlib==1.3.1 (from -r requirements.txt (line 44))
2023-07-27T03:40:41.3330672Z   Downloading requests_oauthlib-1.3.1-py2.py3-none-any.whl (23 kB)
2023-07-27T03:40:41.3601879Z Collecting requests-toolbelt==1.0.0 (from -r requirements.txt (line 45))
2023-07-27T03:40:41.3684130Z   Downloading requests_toolbelt-1.0.0-py2.py3-none-any.whl (54 kB)
2023-07-27T03:40:41.3726052Z      ━━━━━━━━━━━━━━━━━━━━━━━━━━━━━━━━━━━━━━━━ 54.5/54.5 kB 24.4 MB/s eta 0:00:00
2023-07-27T03:40:41.4243671Z Collecting selenium==4.1.5 (from -r requirements.txt (line 46))
2023-07-27T03:40:41.4363860Z   Downloading selenium-4.1.5-py3-none-any.whl (979 kB)
2023-07-27T03:40:41.4714347Z      ━━━━━━━━━━━━━━━━━━━━━━━━━━━━━━━━━━━━━━ 979.4/979.4 kB 29.7 MB/s eta 0:00:00
2023-07-27T03:40:41.4997454Z Collecting six==1.16.0 (from -r requirements.txt (line 47))
2023-07-27T03:40:41.5080156Z   Downloading six-1.16.0-py2.py3-none-any.whl (11 kB)
2023-07-27T03:40:41.5290260Z Collecting sniffio==1.3.0 (from -r requirements.txt (line 48))
2023-07-27T03:40:41.5368452Z   Downloading sniffio-1.3.0-py3-none-any.whl (10 kB)
2023-07-27T03:40:41.5624870Z Collecting sortedcontainers==2.4.0 (from -r requirements.txt (line 49))
2023-07-27T03:40:41.5707534Z   Downloading sortedcontainers-2.4.0-py2.py3-none-any.whl (29 kB)
2023-07-27T03:40:41.6006059Z Collecting trio==0.22.2 (from -r requirements.txt (line 50))
2023-07-27T03:40:41.6008917Z   Obtaining dependency information for trio==0.22.2 from https://files.pythonhosted.org/packages/a3/dd/b61fa61b186d3267ef3903048fbee29132963ae762fb70b08d4a3cd6f7aa/trio-0.22.2-py3-none-any.whl.metadata
2023-07-27T03:40:41.6095293Z   Downloading trio-0.22.2-py3-none-any.whl.metadata (4.7 kB)
2023-07-27T03:40:41.6326864Z Collecting trio-websocket==0.10.3 (from -r requirements.txt (line 51))
2023-07-27T03:40:41.6329738Z   Obtaining dependency information for trio-websocket==0.10.3 from https://files.pythonhosted.org/packages/a5/a6/06e2373f95c12e9e8f6b910a76c86e375348ead77ab476230640666310fb/trio_websocket-0.10.3-py3-none-any.whl.metadata
2023-07-27T03:40:41.6422221Z   Downloading trio_websocket-0.10.3-py3-none-any.whl.metadata (4.6 kB)
2023-07-27T03:40:41.6973568Z Collecting urllib3==1.26.16 (from -r requirements.txt (line 52))
2023-07-27T03:40:41.6975145Z   Obtaining dependency information for urllib3==1.26.16 from https://files.pythonhosted.org/packages/c5/05/c214b32d21c0b465506f95c4f28ccbcba15022e000b043b72b3df7728471/urllib3-1.26.16-py2.py3-none-any.whl.metadata
2023-07-27T03:40:41.7052862Z   Downloading urllib3-1.26.16-py2.py3-none-any.whl.metadata (48 kB)
2023-07-27T03:40:41.7094849Z      ━━━━━━━━━━━━━━━━━━━━━━━━━━━━━━━━━━━━━━━━ 48.4/48.4 kB 18.5 MB/s eta 0:00:00
2023-07-27T03:40:41.7313197Z Collecting urllib3-secure-extra==0.1.0 (from -r requirements.txt (line 53))
2023-07-27T03:40:41.7404374Z   Downloading urllib3_secure_extra-0.1.0-py2.py3-none-any.whl (1.4 kB)
2023-07-27T03:40:41.7773372Z Collecting webdriver-manager==3.9.1 (from -r requirements.txt (line 54))
2023-07-27T03:40:41.7778201Z   Obtaining dependency information for webdriver-manager==3.9.1 from https://files.pythonhosted.org/packages/7d/47/a719c25b777275d96e24c4f7f3612db05de4d077400fb945bffef58819c7/webdriver_manager-3.9.1-py2.py3-none-any.whl.metadata
2023-07-27T03:40:41.7935219Z   Downloading webdriver_manager-3.9.1-py2.py3-none-any.whl.metadata (11 kB)
2023-07-27T03:40:41.8161910Z Collecting wsproto==1.2.0 (from -r requirements.txt (line 55))
2023-07-27T03:40:41.8241526Z   Downloading wsproto-1.2.0-py3-none-any.whl (24 kB)
2023-07-27T03:40:41.8615390Z Collecting zipp==3.16.2 (from -r requirements.txt (line 56))
2023-07-27T03:40:41.8617465Z   Obtaining dependency information for zipp==3.16.2 from https://files.pythonhosted.org/packages/8c/08/d3006317aefe25ea79d3b76c9650afabaf6d63d1c8443b236e7405447503/zipp-3.16.2-py3-none-any.whl.metadata
2023-07-27T03:40:41.8722405Z   Downloading zipp-3.16.2-py3-none-any.whl.metadata (3.7 kB)
2023-07-27T03:40:42.1467927Z Requirement already satisfied: setuptools>=20.10.1 in ./.venv/lib/python3.11/site-packages (from jira==3.1.1->-r requirements.txt (line 21)) (68.0.0)
2023-07-27T03:40:42.2051011Z Collecting SecretStorage>=3.2 (from keyring==24.2.0->-r requirements.txt (line 22))
2023-07-27T03:40:42.2129287Z   Downloading SecretStorage-3.3.3-py3-none-any.whl (15 kB)
2023-07-27T03:40:42.2375880Z Collecting jeepney>=0.4.2 (from keyring==24.2.0->-r requirements.txt (line 22))
2023-07-27T03:40:42.2459559Z   Downloading jeepney-0.8.0-py3-none-any.whl (48 kB)
2023-07-27T03:40:42.2504411Z      ━━━━━━━━━━━━━━━━━━━━━━━━━━━━━━━━━━━━━━━━ 48.4/48.4 kB 18.1 MB/s eta 0:00:00
2023-07-27T03:40:42.9066607Z Downloading black-23.7.0-cp311-cp311-manylinux_2_17_x86_64.manylinux2014_x86_64.whl (1.6 MB)
2023-07-27T03:40:42.9515771Z    ━━━━━━━━━━━━━━━━━━━━━━━━━━━━━━━━━━━━━━━━ 1.6/1.6 MB 38.8 MB/s eta 0:00:00
2023-07-27T03:40:42.9602860Z Downloading certifi-2023.7.22-py3-none-any.whl (158 kB)
2023-07-27T03:40:42.9657418Z    ━━━━━━━━━━━━━━━━━━━━━━━━━━━━━━━━━━━━━━━━ 158.3/158.3 kB 49.5 MB/s eta 0:00:00
2023-07-27T03:40:42.9739535Z Downloading charset_normalizer-3.2.0-cp311-cp311-manylinux_2_17_x86_64.manylinux2014_x86_64.whl (199 kB)
2023-07-27T03:40:42.9792807Z    ━━━━━━━━━━━━━━━━━━━━━━━━━━━━━━━━━━━━━━━━ 199.6/199.6 kB 61.5 MB/s eta 0:00:00
2023-07-27T03:40:42.9885268Z Downloading chromedriver_autoinstaller-0.6.2-py3-none-any.whl (7.4 kB)
2023-07-27T03:40:42.9987218Z Downloading click-8.1.6-py3-none-any.whl (97 kB)
2023-07-27T03:40:43.0039809Z    ━━━━━━━━━━━━━━━━━━━━━━━━━━━━━━━━━━━━━━━━ 97.9/97.9 kB 37.4 MB/s eta 0:00:00
2023-07-27T03:40:43.0146504Z Downloading cryptography-41.0.2-cp37-abi3-manylinux_2_28_x86_64.whl (4.3 MB)
2023-07-27T03:40:43.0960249Z    ━━━━━━━━━━━━━━━━━━━━━━━━━━━━━━━━━━━━━━━━ 4.3/4.3 MB 54.6 MB/s eta 0:00:00
2023-07-27T03:40:43.1043298Z Downloading exceptiongroup-1.1.2-py3-none-any.whl (14 kB)
2023-07-27T03:40:43.1147758Z Downloading importlib_metadata-6.8.0-py3-none-any.whl (22 kB)
2023-07-27T03:40:43.1245485Z Downloading jaraco.classes-3.3.0-py3-none-any.whl (5.9 kB)
2023-07-27T03:40:43.1340231Z Downloading keyring-24.2.0-py3-none-any.whl (37 kB)
2023-07-27T03:40:43.1438762Z Downloading MarkupSafe-2.1.3-cp311-cp311-manylinux_2_17_x86_64.manylinux2014_x86_64.whl (28 kB)
2023-07-27T03:40:43.1534139Z Downloading more_itertools-10.0.0-py3-none-any.whl (55 kB)
2023-07-27T03:40:43.1575700Z    ━━━━━━━━━━━━━━━━━━━━━━━━━━━━━━━━━━━━━━━━ 55.3/55.3 kB 22.7 MB/s eta 0:00:00
2023-07-27T03:40:43.1802470Z Downloading parse-1.19.1-py2.py3-none-any.whl (18 kB)
2023-07-27T03:40:43.2001806Z Downloading parse_type-0.6.2-py2.py3-none-any.whl (26 kB)
2023-07-27T03:40:43.2102336Z Downloading platformdirs-3.9.1-py3-none-any.whl (16 kB)
2023-07-27T03:40:43.2198756Z Downloading pluggy-1.2.0-py3-none-any.whl (17 kB)
2023-07-27T03:40:43.2296864Z Downloading pyOpenSSL-23.2.0-py3-none-any.whl (59 kB)
2023-07-27T03:40:43.2340391Z    ━━━━━━━━━━━━━━━━━━━━━━━━━━━━━━━━━━━━━━━━ 59.0/59.0 kB 25.2 MB/s eta 0:00:00
2023-07-27T03:40:43.2437291Z Downloading pytest-7.4.0-py3-none-any.whl (323 kB)
2023-07-27T03:40:43.2504259Z    ━━━━━━━━━━━━━━━━━━━━━━━━━━━━━━━━━━━━━━━━ 323.6/323.6 kB 71.4 MB/s eta 0:00:00
2023-07-27T03:40:43.2598541Z Downloading requests-2.31.0-py3-none-any.whl (62 kB)
2023-07-27T03:40:43.2644336Z    ━━━━━━━━━━━━━━━━━━━━━━━━━━━━━━━━━━━━━━━━ 62.6/62.6 kB 25.9 MB/s eta 0:00:00
2023-07-27T03:40:43.2819042Z Downloading trio-0.22.2-py3-none-any.whl (400 kB)
2023-07-27T03:40:43.2901681Z    ━━━━━━━━━━━━━━━━━━━━━━━━━━━━━━━━━━━━━━━━ 400.2/400.2 kB 70.1 MB/s eta 0:00:00
2023-07-27T03:40:43.2978438Z Downloading trio_websocket-0.10.3-py3-none-any.whl (17 kB)
2023-07-27T03:40:43.3093609Z Downloading urllib3-1.26.16-py2.py3-none-any.whl (143 kB)
2023-07-27T03:40:43.3146796Z    ━━━━━━━━━━━━━━━━━━━━━━━━━━━━━━━━━━━━━━━━ 143.1/143.1 kB 45.4 MB/s eta 0:00:00
2023-07-27T03:40:43.3235288Z Downloading webdriver_manager-3.9.1-py2.py3-none-any.whl (27 kB)
2023-07-27T03:40:43.3335388Z Downloading zipp-3.16.2-py3-none-any.whl (7.2 kB)
2023-07-27T03:40:43.3828623Z Building wheels for collected packages: glob2
2023-07-27T03:40:43.3836113Z   Building wheel for glob2 (setup.py): started
2023-07-27T03:40:43.5984455Z   Building wheel for glob2 (setup.py): finished with status 'done'
2023-07-27T03:40:43.5994130Z   Created wheel for glob2: filename=glob2-0.7-py2.py3-none-any.whl size=9299 sha256=f218d344810c021b80bce5cbc205efa48d496263081c59e07be1006e8fc66252
2023-07-27T03:40:43.6000320Z   Stored in directory: /home/runner/.cache/pip/wheels/96/41/06/9f8fddc6eb1d75bde63db7f491311a4ae26905212617e06eb2
2023-07-27T03:40:43.6023621Z Successfully built glob2
2023-07-27T03:40:43.9803950Z Installing collected packages: urllib3-secure-extra, sortedcontainers, parse, glob2, zipp, urllib3, sniffio, six, python-dotenv, PySocks, pycparser, py, pluggy, platformdirs, pathspec, packaging, oauthlib, mypy-extensions, more-itertools, MarkupSafe, jeepney, iniconfig, idna, h11, exceptiongroup, defusedxml, click, chromedriver-autoinstaller, charset-normalizer, certifi, attrs, wsproto, requests, python-dateutil, pytest, parse-type, outcome, Mako, jaraco.classes, importlib-metadata, cffi, black, allure-python-commons, webdriver-manager, trio, requests-toolbelt, requests-oauthlib, pytest-bdd, Faker, cryptography, behave, trio-websocket, SecretStorage, pyOpenSSL, allure-behave, keyring, selenium, jira
2023-07-27T03:40:49.1661145Z Successfully installed Faker-15.0.0 Mako-1.2.4 MarkupSafe-2.1.3 PySocks-1.7.1 SecretStorage-3.3.3 allure-behave-2.13.2 allure-python-commons-2.13.2 attrs-23.1.0 behave-1.2.6 black-23.7.0 certifi-2023.7.22 cffi-1.15.1 charset-normalizer-3.2.0 chromedriver-autoinstaller-0.6.2 click-8.1.6 cryptography-41.0.2 defusedxml-0.7.1 exceptiongroup-1.1.2 glob2-0.7 h11-0.14.0 idna-3.4 importlib-metadata-6.8.0 iniconfig-2.0.0 jaraco.classes-3.3.0 jeepney-0.8.0 jira-3.1.1 keyring-24.2.0 more-itertools-10.0.0 mypy-extensions-1.0.0 oauthlib-3.2.2 outcome-1.2.0 packaging-23.1 parse-1.19.1 parse-type-0.6.2 pathspec-0.11.1 platformdirs-3.9.1 pluggy-1.2.0 py-1.11.0 pyOpenSSL-23.2.0 pycparser-2.21 pytest-7.4.0 pytest-bdd-5.0.0 python-dateutil-2.8.2 python-dotenv-1.0.0 requests-2.31.0 requests-oauthlib-1.3.1 requests-toolbelt-1.0.0 selenium-4.1.5 six-1.16.0 sniffio-1.3.0 sortedcontainers-2.4.0 trio-0.22.2 trio-websocket-0.10.3 urllib3-1.26.16 urllib3-secure-extra-0.1.0 webdriver-manager-3.9.1 wsproto-1.2.0 zipp-3.16.2
2023-07-27T03:40:49.4354180Z ##[group]Run source .venv/bin/activate
2023-07-27T03:40:49.4354556Z [36;1msource .venv/bin/activate[0m
2023-07-27T03:40:49.4354894Z [36;1mbehave \[0m
2023-07-27T03:40:49.4355146Z [36;1m  --verbose \[0m
2023-07-27T03:40:49.4355417Z [36;1m  --tags=@simple \[0m
2023-07-27T03:40:49.4355755Z [36;1m  --format=allure_behave.formatter:AllureFormatter \[0m
2023-07-27T03:40:49.4356091Z [36;1m  --summary \[0m
2023-07-27T03:40:49.4356382Z [36;1m  --outfile $TEST_RESULTS_DIR \[0m
2023-07-27T03:40:49.4356662Z [36;1m  --include simple[0m
2023-07-27T03:40:49.4416699Z shell: /usr/bin/bash -e {0}
2023-07-27T03:40:49.4416929Z env:
2023-07-27T03:40:49.4417173Z   TEST_RESULTS_DIR: allure-results
2023-07-27T03:40:49.4417452Z   ALLURE_REPORT_DIR: allure-report
2023-07-27T03:40:49.4417782Z   pythonLocation: /opt/hostedtoolcache/Python/3.11.4/x64
2023-07-27T03:40:49.4418139Z   PKG_CONFIG_PATH: /opt/hostedtoolcache/Python/3.11.4/x64/lib/pkgconfig
2023-07-27T03:40:49.4418763Z   Python_ROOT_DIR: /opt/hostedtoolcache/Python/3.11.4/x64
2023-07-27T03:40:49.4419095Z   Python2_ROOT_DIR: /opt/hostedtoolcache/Python/3.11.4/x64
2023-07-27T03:40:49.4419461Z   Python3_ROOT_DIR: /opt/hostedtoolcache/Python/3.11.4/x64
2023-07-27T03:40:49.4419800Z   LD_LIBRARY_PATH: /opt/hostedtoolcache/Python/3.11.4/x64/lib
2023-07-27T03:40:49.4420087Z ##[endgroup]
2023-07-27T03:40:52.1583593Z Loading config defaults from "./behave.ini"
2023-07-27T03:40:52.1583922Z Using defaults:
2023-07-27T03:40:52.1584155Z           color True
2023-07-27T03:40:52.1584391Z   show_snippets True
2023-07-27T03:40:52.1584607Z    show_skipped True
2023-07-27T03:40:52.1584829Z         dry_run False
2023-07-27T03:40:52.1585049Z     show_source True
2023-07-27T03:40:52.1585257Z    show_timings True
2023-07-27T03:40:52.1585485Z  stdout_capture True
2023-07-27T03:40:52.1585712Z  stderr_capture True
2023-07-27T03:40:52.1585927Z     log_capture True
2023-07-27T03:40:52.1586233Z  logging_format %(levelname)s:%(name)s:%(message)s
2023-07-27T03:40:52.1586543Z   logging_level 20
2023-07-27T03:40:52.1586789Z   steps_catalog False
2023-07-27T03:40:52.1587013Z         summary True
2023-07-27T03:40:52.1587230Z           junit False
2023-07-27T03:40:52.1587428Z           stage None
2023-07-27T03:40:52.1588062Z        userdata {'env': 'None', 'browser': 'chrome', 'mode': 'headless'}
2023-07-27T03:40:52.1588369Z  default_format pretty
2023-07-27T03:40:52.1588586Z    default_tags 
2023-07-27T03:40:52.1588978Z scenario_outline_annotation_schema {name} -- @{row.id} {examples.name}
2023-07-27T03:40:52.1589286Z more_formatters {}
2023-07-27T03:40:52.1589530Z Using default path "./features"
2023-07-27T03:40:52.1589948Z Trying base directory: /home/runner/work/selenium-test/selenium-test/features
2023-07-27T03:40:52.1590430Z Trying base directory: /home/runner/work/selenium-test/selenium-test
2023-07-27T03:40:52.1590759Z 1 feature passed, 0 failed, 0 skipped
2023-07-27T03:40:52.1591017Z 1 scenario passed, 0 failed, 0 skipped
2023-07-27T03:40:52.1591318Z 1 step passed, 0 failed, 0 skipped, 0 undefined
2023-07-27T03:40:52.1591570Z Took 0m0.719s
2023-07-27T03:40:52.2038581Z ##[group]Run source .venv/bin/activate \
2023-07-27T03:40:52.2038911Z [36;1msource .venv/bin/activate \[0m
2023-07-27T03:40:52.2039185Z [36;1m&& allure generate "./$TEST_RESULTS_DIR" \[0m
2023-07-27T03:40:52.2039471Z [36;1m  -o "./$ALLURE_REPORT_DIR" \[0m
2023-07-27T03:40:52.2039713Z [36;1m  --clean[0m
2023-07-27T03:40:52.2096954Z shell: /usr/bin/bash -e {0}
2023-07-27T03:40:52.2097202Z env:
2023-07-27T03:40:52.2097422Z   TEST_RESULTS_DIR: allure-results
2023-07-27T03:40:52.2097699Z   ALLURE_REPORT_DIR: allure-report
2023-07-27T03:40:52.2098022Z   pythonLocation: /opt/hostedtoolcache/Python/3.11.4/x64
2023-07-27T03:40:52.2098391Z   PKG_CONFIG_PATH: /opt/hostedtoolcache/Python/3.11.4/x64/lib/pkgconfig
2023-07-27T03:40:52.2098736Z   Python_ROOT_DIR: /opt/hostedtoolcache/Python/3.11.4/x64
2023-07-27T03:40:52.2099072Z   Python2_ROOT_DIR: /opt/hostedtoolcache/Python/3.11.4/x64
2023-07-27T03:40:52.2099432Z   Python3_ROOT_DIR: /opt/hostedtoolcache/Python/3.11.4/x64
2023-07-27T03:40:52.2099820Z   LD_LIBRARY_PATH: /opt/hostedtoolcache/Python/3.11.4/x64/lib
2023-07-27T03:40:52.2100085Z ##[endgroup]
2023-07-27T03:40:54.3044616Z Report successfully generated to ./allure-report
2023-07-27T03:40:54.3285784Z Post job cleanup.
2023-07-27T03:40:54.4873920Z Post job cleanup.
2023-07-27T03:40:54.5928719Z [command]/usr/bin/git version
2023-07-27T03:40:54.5980552Z git version 2.41.0
2023-07-27T03:40:54.6035706Z Temporarily overriding HOME='/home/runner/work/_temp/ec893da5-1d1e-4078-bb17-a43a9626a99c' before making global git config changes
2023-07-27T03:40:54.6039393Z Adding repository directory to the temporary git global config as a safe directory
2023-07-27T03:40:54.6047513Z [command]/usr/bin/git config --global --add safe.directory /home/runner/work/selenium-test/selenium-test
2023-07-27T03:40:54.6094576Z [command]/usr/bin/git config --local --name-only --get-regexp core\.sshCommand
2023-07-27T03:40:54.6147603Z [command]/usr/bin/git submodule foreach --recursive sh -c "git config --local --name-only --get-regexp 'core\.sshCommand' && git config --local --unset-all 'core.sshCommand' || :"
2023-07-27T03:40:54.6402185Z [command]/usr/bin/git config --local --name-only --get-regexp http\.https\:\/\/github\.com\/\.extraheader
2023-07-27T03:40:54.6432442Z http.https://github.com/.extraheader
2023-07-27T03:40:54.6444931Z [command]/usr/bin/git config --local --unset-all http.https://github.com/.extraheader
2023-07-27T03:40:54.6482289Z [command]/usr/bin/git submodule foreach --recursive sh -c "git config --local --name-only --get-regexp 'http\.https\:\/\/github\.com\/\.extraheader' && git config --local --unset-all 'http.https://github.com/.extraheader' || :"
2023-07-27T03:40:54.6956604Z Cleaning up orphan processes
