2023-07-27T18:37:11.4378061Z Requested labels: ubuntu-latest
2023-07-27T18:37:11.4378331Z Job defined at: dctii/selenium-test/.github/workflows/bdd-to-pages.yml@refs/heads/main
2023-07-27T18:37:11.4378426Z Waiting for a runner to pick up this job...
2023-07-27T18:37:12.0909562Z Job is waiting for a hosted runner to come online.
2023-07-27T18:37:14.9327710Z Job is about to start running on the hosted runner: GitHub Actions 1 (hosted)
2023-07-27T18:37:18.1894635Z Current runner version: '2.306.0'
2023-07-27T18:37:18.1933376Z ##[group]Operating System
2023-07-27T18:37:18.1934325Z Ubuntu
2023-07-27T18:37:18.1934856Z 22.04.2
2023-07-27T18:37:18.1935290Z LTS
2023-07-27T18:37:18.1935622Z ##[endgroup]
2023-07-27T18:37:18.1935975Z ##[group]Runner Image
2023-07-27T18:37:18.1936367Z Image: ubuntu-22.04
2023-07-27T18:37:18.1936740Z Version: 20230724.1.0
2023-07-27T18:37:18.1937497Z Included Software: https://github.com/actions/runner-images/blob/ubuntu22/20230724.1/images/linux/Ubuntu2204-Readme.md
2023-07-27T18:37:18.1938518Z Image Release: https://github.com/actions/runner-images/releases/tag/ubuntu22%2F20230724.1
2023-07-27T18:37:18.1938994Z ##[endgroup]
2023-07-27T18:37:18.1939425Z ##[group]Runner Image Provisioner
2023-07-27T18:37:18.1939928Z 2.0.238.1
2023-07-27T18:37:18.1941044Z ##[endgroup]
2023-07-27T18:37:18.1941986Z ##[group]GITHUB_TOKEN Permissions
2023-07-27T18:37:18.1942883Z Contents: read
2023-07-27T18:37:18.1943242Z Metadata: read
2023-07-27T18:37:18.1943898Z Pages: write
2023-07-27T18:37:18.1944639Z ##[endgroup]
2023-07-27T18:37:18.1950139Z Secret source: Actions
2023-07-27T18:37:18.1950691Z Prepare workflow directory
2023-07-27T18:37:18.3062308Z Prepare all required actions
2023-07-27T18:37:18.3304166Z Getting action download info
2023-07-27T18:37:18.6695275Z Download action repository 'actions/checkout@v3' (SHA:c85c95e3d7251135ab7dc9ce3241c5835cc595a9)
2023-07-27T18:37:19.3770395Z Download action repository 'actions/setup-python@v4' (SHA:61a6322f88396a6271a6ee3565807d608ecaddd1)
2023-07-27T18:37:19.9316522Z Download action repository 'actions/upload-artifact@v3' (SHA:0b7f8abb1508181956e8e162db84b466c27e18ce)
2023-07-27T18:37:20.5862082Z Complete job name: bdd-test
2023-07-27T18:37:20.7095758Z ##[group]Run actions/checkout@v3
2023-07-27T18:37:20.7096356Z with:
2023-07-27T18:37:20.7096716Z   repository: dctii/selenium-test
2023-07-27T18:37:20.7097397Z   token: ***
2023-07-27T18:37:20.7097739Z   ssh-strict: true
2023-07-27T18:37:20.7098139Z   persist-credentials: true
2023-07-27T18:37:20.7098716Z   clean: true
2023-07-27T18:37:20.7099058Z   sparse-checkout-cone-mode: true
2023-07-27T18:37:20.7099407Z   fetch-depth: 1
2023-07-27T18:37:20.7099657Z   lfs: false
2023-07-27T18:37:20.7100171Z   submodules: false
2023-07-27T18:37:20.7100555Z   set-safe-directory: true
2023-07-27T18:37:20.7100865Z env:
2023-07-27T18:37:20.7101200Z   TEST_RESULTS_DIR: allure-results
2023-07-27T18:37:20.7101596Z   ALLURE_REPORT_DIR: allure-report
2023-07-27T18:37:20.7101886Z ##[endgroup]
2023-07-27T18:37:21.1354676Z Syncing repository: dctii/selenium-test
2023-07-27T18:37:21.1356438Z ##[group]Getting Git version info
2023-07-27T18:37:21.1357081Z Working directory is '/home/runner/work/selenium-test/selenium-test'
2023-07-27T18:37:21.1357673Z [command]/usr/bin/git version
2023-07-27T18:37:21.1465484Z git version 2.41.0
2023-07-27T18:37:21.1501898Z ##[endgroup]
2023-07-27T18:37:21.1523268Z Temporarily overriding HOME='/home/runner/work/_temp/38860f28-7d3b-4905-85d3-fd4c3d456a98' before making global git config changes
2023-07-27T18:37:21.1523736Z Adding repository directory to the temporary git global config as a safe directory
2023-07-27T18:37:21.1527760Z [command]/usr/bin/git config --global --add safe.directory /home/runner/work/selenium-test/selenium-test
2023-07-27T18:37:21.1572870Z Deleting the contents of '/home/runner/work/selenium-test/selenium-test'
2023-07-27T18:37:21.1579418Z ##[group]Initializing the repository
2023-07-27T18:37:21.1584581Z [command]/usr/bin/git init /home/runner/work/selenium-test/selenium-test
2023-07-27T18:37:21.1764977Z hint: Using 'master' as the name for the initial branch. This default branch name
2023-07-27T18:37:21.1765946Z hint: is subject to change. To configure the initial branch name to use in all
2023-07-27T18:37:21.1766391Z hint: of your new repositories, which will suppress this warning, call:
2023-07-27T18:37:21.1766676Z hint: 
2023-07-27T18:37:21.1767138Z hint: 	git config --global init.defaultBranch <name>
2023-07-27T18:37:21.1767419Z hint: 
2023-07-27T18:37:21.1768210Z hint: Names commonly chosen instead of 'master' are 'main', 'trunk' and
2023-07-27T18:37:21.1770715Z hint: 'development'. The just-created branch can be renamed via this command:
2023-07-27T18:37:21.1771098Z hint: 
2023-07-27T18:37:21.1771447Z hint: 	git branch -m <name>
2023-07-27T18:37:21.1795816Z Initialized empty Git repository in /home/runner/work/selenium-test/selenium-test/.git/
2023-07-27T18:37:21.1809861Z [command]/usr/bin/git remote add origin https://github.com/dctii/selenium-test
2023-07-27T18:37:21.1882522Z ##[endgroup]
2023-07-27T18:37:21.1883109Z ##[group]Disabling automatic garbage collection
2023-07-27T18:37:21.1921310Z [command]/usr/bin/git config --local gc.auto 0
2023-07-27T18:37:21.1941836Z ##[endgroup]
2023-07-27T18:37:21.1942616Z ##[group]Setting up auth
2023-07-27T18:37:21.1956707Z [command]/usr/bin/git config --local --name-only --get-regexp core\.sshCommand
2023-07-27T18:37:21.2004339Z [command]/usr/bin/git submodule foreach --recursive sh -c "git config --local --name-only --get-regexp 'core\.sshCommand' && git config --local --unset-all 'core.sshCommand' || :"
2023-07-27T18:37:21.2556000Z [command]/usr/bin/git config --local --name-only --get-regexp http\.https\:\/\/github\.com\/\.extraheader
2023-07-27T18:37:21.2590727Z [command]/usr/bin/git submodule foreach --recursive sh -c "git config --local --name-only --get-regexp 'http\.https\:\/\/github\.com\/\.extraheader' && git config --local --unset-all 'http.https://github.com/.extraheader' || :"
2023-07-27T18:37:21.2890805Z [command]/usr/bin/git config --local http.https://github.com/.extraheader AUTHORIZATION: basic ***
2023-07-27T18:37:21.2945869Z ##[endgroup]
2023-07-27T18:37:21.2947158Z ##[group]Fetching the repository
2023-07-27T18:37:21.2961063Z [command]/usr/bin/git -c protocol.version=2 fetch --no-tags --prune --progress --no-recurse-submodules --depth=1 origin +6214da5131a39f8472faec2541f490dba2f22989:refs/remotes/origin/main
2023-07-27T18:37:21.7527594Z remote: Enumerating objects: 41, done.        
2023-07-27T18:37:21.7534301Z remote: Counting objects:   2% (1/41)        
2023-07-27T18:37:21.7539725Z remote: Counting objects:   4% (2/41)        
2023-07-27T18:37:21.7542898Z remote: Counting objects:   7% (3/41)        
2023-07-27T18:37:21.7546355Z remote: Counting objects:   9% (4/41)        
2023-07-27T18:37:21.7548815Z remote: Counting objects:  12% (5/41)        
2023-07-27T18:37:21.7551149Z remote: Counting objects:  14% (6/41)        
2023-07-27T18:37:21.7553542Z remote: Counting objects:  17% (7/41)        
2023-07-27T18:37:21.7556363Z remote: Counting objects:  19% (8/41)        
2023-07-27T18:37:21.7559157Z remote: Counting objects:  21% (9/41)        
2023-07-27T18:37:21.7565061Z remote: Counting objects:  24% (10/41)        
2023-07-27T18:37:21.7568256Z remote: Counting objects:  26% (11/41)        
2023-07-27T18:37:21.7570854Z remote: Counting objects:  29% (12/41)        
2023-07-27T18:37:21.7573527Z remote: Counting objects:  31% (13/41)        
2023-07-27T18:37:21.7575907Z remote: Counting objects:  34% (14/41)        
2023-07-27T18:37:21.7578159Z remote: Counting objects:  36% (15/41)        
2023-07-27T18:37:21.7580643Z remote: Counting objects:  39% (16/41)        
2023-07-27T18:37:21.7584102Z remote: Counting objects:  41% (17/41)        
2023-07-27T18:37:21.7586892Z remote: Counting objects:  43% (18/41)        
2023-07-27T18:37:21.7589157Z remote: Counting objects:  46% (19/41)        
2023-07-27T18:37:21.7591399Z remote: Counting objects:  48% (20/41)        
2023-07-27T18:37:21.7594838Z remote: Counting objects:  51% (21/41)        
2023-07-27T18:37:21.7597188Z remote: Counting objects:  53% (22/41)        
2023-07-27T18:37:21.7599386Z remote: Counting objects:  56% (23/41)        
2023-07-27T18:37:21.7602044Z remote: Counting objects:  58% (24/41)        
2023-07-27T18:37:21.7604411Z remote: Counting objects:  60% (25/41)        
2023-07-27T18:37:21.7606562Z remote: Counting objects:  63% (26/41)        
2023-07-27T18:37:21.7609093Z remote: Counting objects:  65% (27/41)        
2023-07-27T18:37:21.7612089Z remote: Counting objects:  68% (28/41)        
2023-07-27T18:37:21.7614423Z remote: Counting objects:  70% (29/41)        
2023-07-27T18:37:21.7616619Z remote: Counting objects:  73% (30/41)        
2023-07-27T18:37:21.7618847Z remote: Counting objects:  75% (31/41)        
2023-07-27T18:37:21.7621857Z remote: Counting objects:  78% (32/41)        
2023-07-27T18:37:21.7622154Z remote: Counting objects:  80% (33/41)        
2023-07-27T18:37:21.7622416Z remote: Counting objects:  82% (34/41)        
2023-07-27T18:37:21.7622676Z remote: Counting objects:  85% (35/41)        
2023-07-27T18:37:21.7622924Z remote: Counting objects:  87% (36/41)        
2023-07-27T18:37:21.7623194Z remote: Counting objects:  90% (37/41)        
2023-07-27T18:37:21.7623649Z remote: Counting objects:  92% (38/41)        
2023-07-27T18:37:21.7623886Z remote: Counting objects:  95% (39/41)        
2023-07-27T18:37:21.7624135Z remote: Counting objects:  97% (40/41)        
2023-07-27T18:37:21.7624386Z remote: Counting objects: 100% (41/41)        
2023-07-27T18:37:21.7624645Z remote: Counting objects: 100% (41/41), done.        
2023-07-27T18:37:21.7624926Z remote: Compressing objects:   2% (1/37)        
2023-07-27T18:37:21.7625199Z remote: Compressing objects:   5% (2/37)        
2023-07-27T18:37:21.7625626Z remote: Compressing objects:   8% (3/37)        
2023-07-27T18:37:21.7625901Z remote: Compressing objects:  10% (4/37)        
2023-07-27T18:37:21.7626324Z remote: Compressing objects:  13% (5/37)        
2023-07-27T18:37:21.7626590Z remote: Compressing objects:  16% (6/37)        
2023-07-27T18:37:21.7626837Z remote: Compressing objects:  18% (7/37)        
2023-07-27T18:37:21.8316047Z remote: Compressing objects:  21% (8/37)        
2023-07-27T18:37:21.8316470Z remote: Compressing objects:  24% (9/37)        
2023-07-27T18:37:21.8316752Z remote: Compressing objects:  27% (10/37)        
2023-07-27T18:37:21.8317040Z remote: Compressing objects:  29% (11/37)        
2023-07-27T18:37:21.8318055Z remote: Compressing objects:  32% (12/37)        
2023-07-27T18:37:21.8318459Z remote: Compressing objects:  35% (13/37)        
2023-07-27T18:37:21.8318753Z remote: Compressing objects:  37% (14/37)        
2023-07-27T18:37:21.8319034Z remote: Compressing objects:  40% (15/37)        
2023-07-27T18:37:21.8319498Z remote: Compressing objects:  43% (16/37)        
2023-07-27T18:37:21.8319999Z remote: Compressing objects:  45% (17/37)        
2023-07-27T18:37:21.8320499Z remote: Compressing objects:  48% (18/37)        
2023-07-27T18:37:21.8320785Z remote: Compressing objects:  51% (19/37)        
2023-07-27T18:37:21.8321240Z remote: Compressing objects:  54% (20/37)        
2023-07-27T18:37:21.8321537Z remote: Compressing objects:  56% (21/37)        
2023-07-27T18:37:21.8321824Z remote: Compressing objects:  59% (22/37)        
2023-07-27T18:37:21.8322093Z remote: Compressing objects:  62% (23/37)        
2023-07-27T18:37:22.6357987Z remote: Compressing objects:  64% (24/37)        
2023-07-27T18:37:22.6399366Z remote: Compressing objects:  67% (25/37)        
2023-07-27T18:37:22.6399737Z remote: Compressing objects:  70% (26/37)        
2023-07-27T18:37:22.6400040Z remote: Compressing objects:  72% (27/37)        
2023-07-27T18:37:22.6400501Z remote: Compressing objects:  75% (28/37)        
2023-07-27T18:37:22.6400982Z remote: Compressing objects:  78% (29/37)        
2023-07-27T18:37:22.6401286Z remote: Compressing objects:  81% (30/37)        
2023-07-27T18:37:22.6401574Z remote: Compressing objects:  83% (31/37)        
2023-07-27T18:37:22.6401878Z remote: Compressing objects:  86% (32/37)        
2023-07-27T18:37:22.6402180Z remote: Compressing objects:  89% (33/37)        
2023-07-27T18:37:22.6402687Z remote: Compressing objects:  91% (34/37)        
2023-07-27T18:37:22.6402991Z remote: Compressing objects:  94% (35/37)        
2023-07-27T18:37:22.6403299Z remote: Compressing objects:  97% (36/37)        
2023-07-27T18:37:22.6403764Z remote: Compressing objects: 100% (37/37)        
2023-07-27T18:37:22.6404090Z remote: Compressing objects: 100% (37/37), done.        
2023-07-27T18:37:24.7820844Z remote: Total 41 (delta 2), reused 29 (delta 1), pack-reused 0        
2023-07-27T18:37:25.4464401Z From https://github.com/dctii/selenium-test
2023-07-27T18:37:25.4465571Z  * [new ref]         6214da5131a39f8472faec2541f490dba2f22989 -> origin/main
2023-07-27T18:37:25.4496718Z ##[endgroup]
2023-07-27T18:37:25.4497231Z ##[group]Determining the checkout info
2023-07-27T18:37:25.4500645Z ##[endgroup]
2023-07-27T18:37:25.4501180Z ##[group]Checking out the ref
2023-07-27T18:37:25.4506464Z [command]/usr/bin/git checkout --progress --force -B main refs/remotes/origin/main
2023-07-27T18:37:25.8746960Z Switched to a new branch 'main'
2023-07-27T18:37:25.8750735Z branch 'main' set up to track 'origin/main'.
2023-07-27T18:37:25.8761182Z ##[endgroup]
2023-07-27T18:37:25.8823788Z [command]/usr/bin/git log -1 --format='%H'
2023-07-27T18:37:25.8855901Z '6214da5131a39f8472faec2541f490dba2f22989'
2023-07-27T18:37:25.9295293Z ##[group]Run actions/setup-python@v4
2023-07-27T18:37:25.9295612Z with:
2023-07-27T18:37:25.9295835Z   python-version: 3.11
2023-07-27T18:37:25.9296080Z   check-latest: false
2023-07-27T18:37:25.9296429Z   token: ***
2023-07-27T18:37:25.9296667Z   update-environment: true
2023-07-27T18:37:25.9296930Z   allow-prereleases: false
2023-07-27T18:37:25.9297142Z env:
2023-07-27T18:37:25.9297367Z   TEST_RESULTS_DIR: allure-results
2023-07-27T18:37:25.9297638Z   ALLURE_REPORT_DIR: allure-report
2023-07-27T18:37:25.9297867Z ##[endgroup]
2023-07-27T18:37:26.1459990Z ##[group]Installed versions
2023-07-27T18:37:26.1572449Z Successfully set up CPython (3.11.4)
2023-07-27T18:37:26.1574580Z ##[endgroup]
2023-07-27T18:37:26.1751550Z ##[group]Run wget https://github.com/allure-framework/allure2/releases/download/2.23.1/allure-2.23.1.tgz
2023-07-27T18:37:26.1752106Z [36;1mwget https://github.com/allure-framework/allure2/releases/download/2.23.1/allure-2.23.1.tgz[0m
2023-07-27T18:37:26.1752439Z [36;1mtar -zxvf allure-2.23.1.tgz[0m
2023-07-27T18:37:26.1752700Z [36;1msudo mv allure-2.23.1 /opt/allure[0m
2023-07-27T18:37:26.1752994Z [36;1msudo ln -s /opt/allure/bin/allure /usr/bin/allure[0m
2023-07-27T18:37:26.1822368Z shell: /usr/bin/bash -e {0}
2023-07-27T18:37:26.1822768Z env:
2023-07-27T18:37:26.1822973Z   TEST_RESULTS_DIR: allure-results
2023-07-27T18:37:26.1823414Z   ALLURE_REPORT_DIR: allure-report
2023-07-27T18:37:26.1823706Z   pythonLocation: /opt/hostedtoolcache/Python/3.11.4/x64
2023-07-27T18:37:26.1824027Z   PKG_CONFIG_PATH: /opt/hostedtoolcache/Python/3.11.4/x64/lib/pkgconfig
2023-07-27T18:37:26.1824350Z   Python_ROOT_DIR: /opt/hostedtoolcache/Python/3.11.4/x64
2023-07-27T18:37:26.1824708Z   Python2_ROOT_DIR: /opt/hostedtoolcache/Python/3.11.4/x64
2023-07-27T18:37:26.1824996Z   Python3_ROOT_DIR: /opt/hostedtoolcache/Python/3.11.4/x64
2023-07-27T18:37:26.1825479Z   LD_LIBRARY_PATH: /opt/hostedtoolcache/Python/3.11.4/x64/lib
2023-07-27T18:37:26.1825739Z ##[endgroup]
2023-07-27T18:37:26.2102668Z --2023-07-27 18:37:26--  https://github.com/allure-framework/allure2/releases/download/2.23.1/allure-2.23.1.tgz
2023-07-27T18:37:26.2179411Z Resolving github.com (github.com)... 192.30.255.112
2023-07-27T18:37:26.2378073Z Connecting to github.com (github.com)|192.30.255.112|:443... connected.
2023-07-27T18:37:26.4318914Z HTTP request sent, awaiting response... 302 Found
2023-07-27T18:37:26.4321089Z Location: https://objects.githubusercontent.com/github-production-release-asset-2e65be/59838788/8a7e69fa-c5c9-48e0-96b5-0ea6805a2e86?X-Amz-Algorithm=AWS4-HMAC-SHA256&X-Amz-Credential=AKIAIWNJYAX4CSVEH53A%2F20230727%2Fus-east-1%2Fs3%2Faws4_request&X-Amz-Date=20230727T183726Z&X-Amz-Expires=300&X-Amz-Signature=d6c5e580b65d2a3090055872d6903232942313cff761c7f572e4a0370a191e55&X-Amz-SignedHeaders=host&actor_id=0&key_id=0&repo_id=59838788&response-content-disposition=attachment%3B%20filename%3Dallure-2.23.1.tgz&response-content-type=application%2Foctet-stream [following]
2023-07-27T18:37:26.4325703Z --2023-07-27 18:37:26--  https://objects.githubusercontent.com/github-production-release-asset-2e65be/59838788/8a7e69fa-c5c9-48e0-96b5-0ea6805a2e86?X-Amz-Algorithm=AWS4-HMAC-SHA256&X-Amz-Credential=AKIAIWNJYAX4CSVEH53A%2F20230727%2Fus-east-1%2Fs3%2Faws4_request&X-Amz-Date=20230727T183726Z&X-Amz-Expires=300&X-Amz-Signature=d6c5e580b65d2a3090055872d6903232942313cff761c7f572e4a0370a191e55&X-Amz-SignedHeaders=host&actor_id=0&key_id=0&repo_id=59838788&response-content-disposition=attachment%3B%20filename%3Dallure-2.23.1.tgz&response-content-type=application%2Foctet-stream
2023-07-27T18:37:26.4357625Z Resolving objects.githubusercontent.com (objects.githubusercontent.com)... 185.199.108.133, 185.199.109.133, 185.199.110.133, ...
2023-07-27T18:37:26.4377616Z Connecting to objects.githubusercontent.com (objects.githubusercontent.com)|185.199.108.133|:443... connected.
2023-07-27T18:37:26.7119404Z HTTP request sent, awaiting response... 200 OK
2023-07-27T18:37:26.7123806Z Length: 21119403 (20M) [application/octet-stream]
2023-07-27T18:37:26.7127822Z Saving to: â€˜allure-2.23.1.tgzâ€™
2023-07-27T18:37:26.7130083Z 
2023-07-27T18:37:26.7143348Z      0K .......... .......... .......... .......... ..........  0% 30.1M 1s
2023-07-27T18:37:26.7162994Z     50K .......... .......... .......... .......... ..........  0% 24.7M 1s
2023-07-27T18:37:26.7169430Z    100K .......... .......... .......... .......... ..........  0% 89.2M 1s
2023-07-27T18:37:26.7173240Z    150K .......... .......... .......... .......... ..........  0%  115M 0s
2023-07-27T18:37:26.7176940Z    200K .......... .......... .......... .......... ..........  1%  120M 0s
2023-07-27T18:37:26.7181884Z    250K .......... .......... .......... .......... ..........  1% 94.5M 0s
2023-07-27T18:37:26.7187680Z    300K .......... .......... .......... .......... ..........  1%  128M 0s
2023-07-27T18:37:26.7194261Z    350K .......... .......... .......... .......... ..........  1%  113M 0s
2023-07-27T18:37:26.7195043Z    400K .......... .......... .......... .......... ..........  2% 94.1M 0s
2023-07-27T18:37:26.7199014Z    450K .......... .......... .......... .......... ..........  2%  134M 0s
2023-07-27T18:37:26.7203404Z    500K .......... .......... .......... .......... ..........  2%  109M 0s
2023-07-27T18:37:26.7214330Z    550K .......... .......... .......... .......... ..........  2% 49.1M 0s
2023-07-27T18:37:26.7218270Z    600K .......... .......... .......... .......... ..........  3% 95.9M 0s
2023-07-27T18:37:26.7224530Z    650K .......... .......... .......... .......... ..........  3% 79.6M 0s
2023-07-27T18:37:26.7235609Z    700K .......... .......... .......... .......... ..........  3% 44.4M 0s
2023-07-27T18:37:26.7247345Z    750K .......... .......... .......... .......... ..........  3% 43.8M 0s
2023-07-27T18:37:26.7253371Z    800K .......... .......... .......... .......... ..........  4%  100M 0s
2023-07-27T18:37:26.7257273Z    850K .......... .......... .......... .......... ..........  4% 90.1M 0s
2023-07-27T18:37:26.7266937Z    900K .......... .......... .......... .......... ..........  4% 53.1M 0s
2023-07-27T18:37:26.7277548Z    950K .......... .......... .......... .......... ..........  4% 49.3M 0s
2023-07-27T18:37:26.7284912Z   1000K .......... .......... .......... .......... ..........  5% 61.5M 0s
2023-07-27T18:37:26.7289676Z   1050K .......... .......... .......... .......... ..........  5% 94.0M 0s
2023-07-27T18:37:26.7301144Z   1100K .......... .......... .......... .......... ..........  5% 44.2M 0s
2023-07-27T18:37:26.7309176Z   1150K .......... .......... .......... .......... ..........  5% 62.2M 0s
2023-07-27T18:37:26.7317591Z   1200K .......... .......... .......... .......... ..........  6% 55.6M 0s
2023-07-27T18:37:26.7322385Z   1250K .......... .......... .......... .......... ..........  6% 92.2M 0s
2023-07-27T18:37:26.7328245Z   1300K .......... .......... .......... .......... ..........  6% 86.8M 0s
2023-07-27T18:37:26.7338109Z   1350K .......... .......... .......... .......... ..........  6% 49.9M 0s
2023-07-27T18:37:26.7348235Z   1400K .......... .......... .......... .......... ..........  7% 46.4M 0s
2023-07-27T18:37:26.7355377Z   1450K .......... .......... .......... .......... ..........  7% 68.5M 0s
2023-07-27T18:37:26.7361368Z   1500K .......... .......... .......... .......... ..........  7% 86.9M 0s
2023-07-27T18:37:26.7375231Z   1550K .......... .......... .......... .......... ..........  7% 34.3M 0s
2023-07-27T18:37:26.7379372Z   1600K .......... .......... .......... .......... ..........  8%  115M 0s
2023-07-27T18:37:26.7389257Z   1650K .......... .......... .......... .......... ..........  8% 56.0M 0s
2023-07-27T18:37:26.7395862Z   1700K .......... .......... .......... .......... ..........  8% 83.9M 0s
2023-07-27T18:37:26.7401002Z   1750K .......... .......... .......... .......... ..........  8% 86.7M 0s
2023-07-27T18:37:26.7413655Z   1800K .......... .......... .......... .......... ..........  8% 37.7M 0s
2023-07-27T18:37:26.7418424Z   1850K .......... .......... .......... .......... ..........  9% 97.8M 0s
2023-07-27T18:37:26.7435561Z   1900K .......... .......... .......... .......... ..........  9% 29.4M 0s
2023-07-27T18:37:26.7440017Z   1950K .......... .......... .......... .......... ..........  9%  106M 0s
2023-07-27T18:37:26.7442328Z   2000K .......... .......... .......... .......... ..........  9%  159M 0s
2023-07-27T18:37:26.7447804Z   2050K .......... .......... .......... .......... .......... 10% 86.1M 0s
2023-07-27T18:37:26.7463366Z   2100K .......... .......... .......... .......... .......... 10% 32.3M 0s
2023-07-27T18:37:26.7468148Z   2150K .......... .......... .......... .......... .......... 10% 93.7M 0s
2023-07-27T18:37:26.7477860Z   2200K .......... .......... .......... .......... .......... 10% 54.7M 0s
2023-07-27T18:37:26.7481550Z   2250K .......... .......... .......... .......... .......... 11%  122M 0s
2023-07-27T18:37:26.7490564Z   2300K .......... .......... .......... .......... .......... 11% 53.2M 0s
2023-07-27T18:37:26.7504770Z   2350K .......... .......... .......... .......... .......... 11% 36.0M 0s
2023-07-27T18:37:26.7509840Z   2400K .......... .......... .......... .......... .......... 11% 80.6M 0s
2023-07-27T18:37:26.7515680Z   2450K .......... .......... .......... .......... .......... 12% 87.5M 0s
2023-07-27T18:37:26.7519578Z   2500K .......... .......... .......... .......... .......... 12%  117M 0s
2023-07-27T18:37:26.7534730Z   2550K .......... .......... .......... .......... .......... 12% 34.7M 0s
2023-07-27T18:37:26.7542301Z   2600K .......... .......... .......... .......... .......... 12% 58.5M 0s
2023-07-27T18:37:26.7552917Z   2650K .......... .......... .......... .......... .......... 13% 46.3M 0s
2023-07-27T18:37:26.7556591Z   2700K .......... .......... .......... .......... .......... 13%  121M 0s
2023-07-27T18:37:26.7562996Z   2750K .......... .......... .......... .......... .......... 13% 74.5M 0s
2023-07-27T18:37:26.7569652Z   2800K .......... .......... .......... .......... .......... 13% 76.6M 0s
2023-07-27T18:37:26.7578612Z   2850K .......... .......... .......... .......... .......... 14% 56.4M 0s
2023-07-27T18:37:26.7588564Z   2900K .......... .......... .......... .......... .......... 14% 52.8M 0s
2023-07-27T18:37:26.7593220Z   2950K .......... .......... .......... .......... .......... 14% 84.3M 0s
2023-07-27T18:37:26.7607786Z   3000K .......... .......... .......... .......... .......... 14% 34.0M 0s
2023-07-27T18:37:26.7612189Z   3050K .......... .......... .......... .......... .......... 15%  107M 0s
2023-07-27T18:37:26.7618858Z   3100K .......... .......... .......... .......... .......... 15% 70.7M 0s
2023-07-27T18:37:26.7627267Z   3150K .......... .......... .......... .......... .......... 15% 60.4M 0s
2023-07-27T18:37:26.7633965Z   3200K .......... .......... .......... .......... .......... 15% 73.3M 0s
2023-07-27T18:37:26.7644149Z   3250K .......... .......... .......... .......... .......... 16% 52.3M 0s
2023-07-27T18:37:26.7655499Z   3300K .......... .......... .......... .......... .......... 16% 40.8M 0s
2023-07-27T18:37:26.7664240Z   3350K .......... .......... .......... .......... .......... 16% 60.8M 0s
2023-07-27T18:37:26.7668719Z   3400K .......... .......... .......... .......... .......... 16% 87.8M 0s
2023-07-27T18:37:26.7679117Z   3450K .......... .......... .......... .......... .......... 16% 50.4M 0s
2023-07-27T18:37:26.7684870Z   3500K .......... .......... .......... .......... .......... 17% 78.5M 0s
2023-07-27T18:37:26.7701749Z   3550K .......... .......... .......... .......... .......... 17% 30.5M 0s
2023-07-27T18:37:26.7721868Z   3600K .......... .......... .......... .......... .......... 17% 24.3M 0s
2023-07-27T18:37:26.7735481Z   3650K .......... .......... .......... .......... .......... 17% 36.0M 0s
2023-07-27T18:37:26.7743069Z   3700K .......... .......... .......... .......... .......... 18% 60.7M 0s
2023-07-27T18:37:26.7747279Z   3750K .......... .......... .......... .......... .......... 18%  128M 0s
2023-07-27T18:37:26.7750853Z   3800K .......... .......... .......... .......... .......... 18%  114M 0s
2023-07-27T18:37:26.7754762Z   3850K .......... .......... .......... .......... .......... 18%  115M 0s
2023-07-27T18:37:26.7758541Z   3900K .......... .......... .......... .......... .......... 19%  141M 0s
2023-07-27T18:37:26.7762767Z   3950K .......... .......... .......... .......... .......... 19%  125M 0s
2023-07-27T18:37:26.7765842Z   4000K .......... .......... .......... .......... .......... 19%  135M 0s
2023-07-27T18:37:26.7804026Z   4050K .......... .......... .......... .......... .......... 19% 13.1M 0s
2023-07-27T18:37:26.8495820Z   4100K .......... .......... .......... .......... .......... 20%  779K 1s
2023-07-27T18:37:27.1084458Z   4150K .......... .......... .......... .......... .......... 20%  191K 2s
2023-07-27T18:37:27.1085352Z   4200K .......... .......... .......... .......... .......... 20% 93.0M 2s
2023-07-27T18:37:27.1085706Z   4250K .......... .......... .......... .......... .......... 20% 66.3M 1s
2023-07-27T18:37:27.1086163Z   4300K .......... .......... .......... .......... .......... 21% 68.1M 1s
2023-07-27T18:37:27.1095279Z   4350K .......... .......... .......... .......... .......... 21%  104M 1s
2023-07-27T18:37:27.1101031Z   4400K .......... .......... .......... .......... .......... 21% 43.3M 1s
2023-07-27T18:37:27.1109034Z   4450K .......... .......... .......... .......... .......... 21% 65.3M 1s
2023-07-27T18:37:27.1119357Z   4500K .......... .......... .......... .......... .......... 22% 54.3M 1s
2023-07-27T18:37:27.1140035Z   4550K .......... .......... .......... .......... .......... 22% 30.5M 1s
2023-07-27T18:37:27.1140388Z   4600K .......... .......... .......... .......... .......... 22%  196M 1s
2023-07-27T18:37:27.1140852Z   4650K .......... .......... .......... .......... .......... 22%  123M 1s
2023-07-27T18:37:27.1151056Z   4700K .......... .......... .......... .......... .......... 23% 48.1M 1s
2023-07-27T18:37:27.1160671Z   4750K .......... .......... .......... .......... .......... 23% 55.3M 1s
2023-07-27T18:37:27.1169812Z   4800K .......... .......... .......... .......... .......... 23% 71.3M 1s
2023-07-27T18:37:27.1171184Z   4850K .......... .......... .......... .......... .......... 23% 76.7M 1s
2023-07-27T18:37:27.1182406Z   4900K .......... .......... .......... .......... .......... 24% 46.2M 1s
2023-07-27T18:37:27.1189813Z   4950K .......... .......... .......... .......... .......... 24% 79.2M 1s
2023-07-27T18:37:27.1200104Z   5000K .......... .......... .......... .......... .......... 24% 46.9M 1s
2023-07-27T18:37:27.1203389Z   5050K .......... .......... .......... .......... .......... 24%  107M 1s
2023-07-27T18:37:27.1210485Z   5100K .......... .......... .......... .......... .......... 24% 65.4M 1s
2023-07-27T18:37:27.1226339Z   5150K .......... .......... .......... .......... .......... 25% 33.3M 1s
2023-07-27T18:37:27.1232674Z   5200K .......... .......... .......... .......... .......... 25% 76.3M 1s
2023-07-27T18:37:27.1239385Z   5250K .......... .......... .......... .......... .......... 25% 75.7M 1s
2023-07-27T18:37:27.1246961Z   5300K .......... .......... .......... .......... .......... 25% 60.7M 1s
2023-07-27T18:37:27.1255024Z   5350K .......... .......... .......... .......... .......... 26% 57.3M 1s
2023-07-27T18:37:27.1300402Z   5400K .......... .......... .......... .......... .......... 26% 17.8M 1s
2023-07-27T18:37:27.1300758Z   5450K .......... .......... .......... .......... .......... 26% 80.3M 1s
2023-07-27T18:37:27.1301281Z   5500K .......... .......... .......... .......... .......... 26%  274M 1s
2023-07-27T18:37:27.1301932Z   5550K .......... .......... .......... .......... .......... 27%  201M 1s
2023-07-27T18:37:27.1302916Z   5600K .......... .......... .......... .......... .......... 27%  243M 1s
2023-07-27T18:37:27.1303822Z   5650K .......... .......... .......... .......... .......... 27% 53.9M 1s
2023-07-27T18:37:27.1313270Z   5700K .......... .......... .......... .......... .......... 27% 54.8M 1s
2023-07-27T18:37:27.1319055Z   5750K .......... .......... .......... .......... .......... 28%  105M 1s
2023-07-27T18:37:27.1323045Z   5800K .......... .......... .......... .......... .......... 28% 82.5M 1s
2023-07-27T18:37:27.1337353Z   5850K .......... .......... .......... .......... .......... 28% 37.4M 1s
2023-07-27T18:37:27.1393085Z   5900K .......... .......... .......... .......... .......... 28% 8.68M 1s
2023-07-27T18:37:27.1395790Z   5950K .......... .......... .......... .......... .......... 29%  159M 1s
2023-07-27T18:37:27.1402369Z   6000K .......... .......... .......... .......... .......... 29% 83.8M 1s
2023-07-27T18:37:27.1404121Z   6050K .......... .......... .......... .......... .......... 29%  165M 1s
2023-07-27T18:37:27.1410376Z   6100K .......... .......... .......... .......... .......... 29% 85.6M 1s
2023-07-27T18:37:27.1415061Z   6150K .......... .......... .......... .......... .......... 30%  143M 1s
2023-07-27T18:37:27.1416889Z   6200K .......... .......... .......... .......... .......... 30%  140M 1s
2023-07-27T18:37:27.1418908Z   6250K .......... .......... .......... .......... .......... 30%  223M 1s
2023-07-27T18:37:27.1421460Z   6300K .......... .......... .......... .......... .......... 30%  257M 1s
2023-07-27T18:37:27.1424164Z   6350K .......... .......... .......... .......... .......... 31%  157M 1s
2023-07-27T18:37:27.1426020Z   6400K .......... .......... .......... .......... .......... 31%  215M 1s
2023-07-27T18:37:27.1434263Z   6450K .......... .......... .......... .......... .......... 31% 81.1M 1s
2023-07-27T18:37:27.1436373Z   6500K .......... .......... .......... .......... .......... 31%  114M 1s
2023-07-27T18:37:27.1447455Z   6550K .......... .......... .......... .......... .......... 32% 45.6M 1s
2023-07-27T18:37:27.1453897Z   6600K .......... .......... .......... .......... .......... 32% 74.5M 1s
2023-07-27T18:37:27.1465431Z   6650K .......... .......... .......... .......... .......... 32% 46.6M 1s
2023-07-27T18:37:27.1523717Z   6700K .......... .......... .......... .......... .......... 32% 71.2M 1s
2023-07-27T18:37:27.1524689Z   6750K .......... .......... .......... .......... .......... 32%  114M 1s
2023-07-27T18:37:27.1526538Z   6800K .......... .......... .......... .......... .......... 33% 52.6M 1s
2023-07-27T18:37:27.1527333Z   6850K .......... .......... .......... .......... .......... 33% 61.7M 1s
2023-07-27T18:37:27.1527941Z   6900K .......... .......... .......... .......... .......... 33% 49.5M 1s
2023-07-27T18:37:27.1528705Z   6950K .......... .......... .......... .......... .......... 33% 52.3M 1s
2023-07-27T18:37:27.1529543Z   7000K .......... .......... .......... .......... .......... 34%  135M 1s
2023-07-27T18:37:27.1530371Z   7050K .......... .......... .......... .......... .......... 34% 41.2M 1s
2023-07-27T18:37:27.1541462Z   7100K .......... .......... .......... .......... .......... 34% 37.0M 1s
2023-07-27T18:37:27.1545513Z   7150K .......... .......... .......... .......... .......... 34%  110M 1s
2023-07-27T18:37:27.1553540Z   7200K .......... .......... .......... .......... .......... 35% 71.1M 1s
2023-07-27T18:37:27.1557907Z   7250K .......... .......... .......... .......... .......... 35% 86.2M 1s
2023-07-27T18:37:27.1572042Z   7300K .......... .......... .......... .......... .......... 35% 34.2M 1s
2023-07-27T18:37:27.1576525Z   7350K .......... .......... .......... .......... .......... 35%  119M 1s
2023-07-27T18:37:27.1583979Z   7400K .......... .......... .......... .......... .......... 36% 58.1M 1s
2023-07-27T18:37:27.1587447Z   7450K .......... .......... .......... .......... .......... 36%  148M 1s
2023-07-27T18:37:27.1598038Z   7500K .......... .......... .......... .......... .......... 36% 45.1M 1s
2023-07-27T18:37:27.1607361Z   7550K .......... .......... .......... .......... .......... 36% 55.6M 1s
2023-07-27T18:37:27.1613192Z   7600K .......... .......... .......... .......... .......... 37% 84.5M 1s
2023-07-27T18:37:27.1622113Z   7650K .......... .......... .......... .......... .......... 37% 59.2M 1s
2023-07-27T18:37:27.1626959Z   7700K .......... .......... .......... .......... .......... 37% 83.3M 1s
2023-07-27T18:37:27.1645464Z   7750K .......... .......... .......... .......... .......... 37% 26.8M 1s
2023-07-27T18:37:27.1664636Z   7800K .......... .......... .......... .......... .......... 38% 25.1M 1s
2023-07-27T18:37:27.1697994Z   7850K .......... .......... .......... .......... .......... 38% 15.2M 1s
2023-07-27T18:37:27.1699321Z   7900K .......... .......... .......... .......... .......... 38%  156M 1s
2023-07-27T18:37:27.1705680Z   7950K .......... .......... .......... .......... .......... 38%  131M 1s
2023-07-27T18:37:27.1707392Z   8000K .......... .......... .......... .......... .......... 39%  200M 1s
2023-07-27T18:37:27.1710144Z   8050K .......... .......... .......... .......... .......... 39%  185M 1s
2023-07-27T18:37:27.1711742Z   8100K .......... .......... .......... .......... .......... 39%  187M 1s
2023-07-27T18:37:27.1714807Z   8150K .......... .......... .......... .......... .......... 39%  258M 1s
2023-07-27T18:37:27.1716678Z   8200K .......... .......... .......... .......... .......... 40%  163M 1s
2023-07-27T18:37:27.1718731Z   8250K .......... .......... .......... .......... .......... 40%  180M 1s
2023-07-27T18:37:27.1731941Z   8300K .......... .......... .......... .......... .......... 40% 40.8M 1s
2023-07-27T18:37:27.1739819Z   8350K .......... .......... .......... .......... .......... 40% 59.3M 1s
2023-07-27T18:37:27.1754593Z   8400K .......... .......... .......... .......... .......... 40% 34.5M 1s
2023-07-27T18:37:27.1757629Z   8450K .......... .......... .......... .......... .......... 41%  154M 1s
2023-07-27T18:37:27.1769997Z   8500K .......... .......... .......... .......... .......... 41% 52.0M 1s
2023-07-27T18:37:27.1774905Z   8550K .......... .......... .......... .......... .......... 41% 61.9M 1s
2023-07-27T18:37:27.1776357Z   8600K .......... .......... .......... .......... .......... 41%  169M 1s
2023-07-27T18:37:27.1778729Z   8650K .......... .......... .......... .......... .......... 42%  251M 1s
2023-07-27T18:37:27.1789780Z   8700K .......... .......... .......... .......... .......... 42% 43.3M 1s
2023-07-27T18:37:27.1798086Z   8750K .......... .......... .......... .......... .......... 42% 62.4M 1s
2023-07-27T18:37:27.1812205Z   8800K .......... .......... .......... .......... .......... 42% 34.5M 1s
2023-07-27T18:37:27.1816768Z   8850K .......... .......... .......... .......... .......... 43%  127M 1s
2023-07-27T18:37:27.1818203Z   8900K .......... .......... .......... .......... .......... 43%  188M 1s
2023-07-27T18:37:27.1827064Z   8950K .......... .......... .......... .......... .......... 43% 62.7M 1s
2023-07-27T18:37:27.1843362Z   9000K .......... .......... .......... .......... .......... 43% 28.8M 1s
2023-07-27T18:37:27.1846519Z   9050K .......... .......... .......... .......... .......... 44%  136M 1s
2023-07-27T18:37:27.1849511Z   9100K .......... .......... .......... .......... .......... 44%  208M 1s
2023-07-27T18:37:27.1860183Z   9150K .......... .......... .......... .......... .......... 44% 48.1M 1s
2023-07-27T18:37:27.1867712Z   9200K .......... .......... .......... .......... .......... 44% 57.6M 1s
2023-07-27T18:37:27.1879882Z   9250K .......... .......... .......... .......... .......... 45% 42.0M 1s
2023-07-27T18:37:27.1886422Z   9300K .......... .......... .......... .......... .......... 45% 75.6M 1s
2023-07-27T18:37:27.1890337Z   9350K .......... .......... .......... .......... .......... 45%  106M 1s
2023-07-27T18:37:27.1901868Z   9400K .......... .......... .......... .......... .......... 45% 41.9M 1s
2023-07-27T18:37:27.1907590Z   9450K .......... .......... .......... .......... .......... 46% 89.0M 1s
2023-07-27T18:37:27.1918196Z   9500K .......... .......... .......... .......... .......... 46% 49.8M 1s
2023-07-27T18:37:27.1933834Z   9550K .......... .......... .......... .......... .......... 46%  144M 1s
2023-07-27T18:37:27.1937468Z   9600K .......... .......... .......... .......... .......... 46% 32.5M 1s
2023-07-27T18:37:27.1942598Z   9650K .......... .......... .......... .......... .......... 47% 96.9M 1s
2023-07-27T18:37:27.1952293Z   9700K .......... .......... .......... .......... .......... 47% 43.4M 1s
2023-07-27T18:37:27.1959638Z   9750K .......... .......... .......... .......... .......... 47% 66.4M 1s
2023-07-27T18:37:27.1969014Z   9800K .......... .......... .......... .......... .......... 47% 51.4M 1s
2023-07-27T18:37:27.1970913Z   9850K .......... .......... .......... .......... .......... 48%  198M 1s
2023-07-27T18:37:27.1977926Z   9900K .......... .......... .......... .......... .......... 48% 72.2M 1s
2023-07-27T18:37:27.1995531Z   9950K .......... .......... .......... .......... .......... 48% 31.8M 1s
2023-07-27T18:37:27.1997501Z  10000K .......... .......... .......... .......... .......... 48%  123M 1s
2023-07-27T18:37:27.2012018Z  10050K .......... .......... .......... .......... .......... 48% 35.7M 1s
2023-07-27T18:37:27.2013858Z  10100K .......... .......... .......... .......... .......... 49%  170M 1s
2023-07-27T18:37:27.2020974Z  10150K .......... .......... .......... .......... .......... 49% 76.2M 1s
2023-07-27T18:37:27.2055915Z  10200K .......... .......... .......... .......... .......... 49% 33.1M 0s
2023-07-27T18:37:27.2108348Z  10250K .......... .......... .......... .......... .......... 49%  128M 0s
2023-07-27T18:37:27.2133901Z  10300K .......... .......... .......... .......... .......... 50% 25.0M 0s
2023-07-27T18:37:27.2135050Z  10350K .......... .......... .......... .......... .......... 50%  162M 0s
2023-07-27T18:37:27.2135728Z  10400K .......... .......... .......... .......... .......... 50%  240M 0s
2023-07-27T18:37:27.2138097Z  10450K .......... .......... .......... .......... .......... 50% 91.6M 0s
2023-07-27T18:37:27.2140828Z  10500K .......... .......... .......... .......... .......... 51% 60.3M 0s
2023-07-27T18:37:27.2143297Z  10550K .......... .......... .......... .......... .......... 51% 72.2M 0s
2023-07-27T18:37:27.2143830Z  10600K .......... .......... .......... .......... .......... 51% 75.5M 0s
2023-07-27T18:37:27.2144931Z  10650K .......... .......... .......... .......... .......... 51% 42.8M 0s
2023-07-27T18:37:27.2148562Z  10700K .......... .......... .......... .......... .......... 52% 52.3M 0s
2023-07-27T18:37:27.2150752Z  10750K .......... .......... .......... .......... .......... 52%  162M 0s
2023-07-27T18:37:27.2151880Z  10800K .......... .......... .......... .......... .......... 52% 47.4M 0s
2023-07-27T18:37:27.2152677Z  10850K .......... .......... .......... .......... .......... 52% 78.6M 0s
2023-07-27T18:37:27.2153397Z  10900K .......... .......... .......... .......... .......... 53% 51.8M 0s
2023-07-27T18:37:27.2154595Z  10950K .......... .......... .......... .......... .......... 53% 74.0M 0s
2023-07-27T18:37:27.2155940Z  11000K .......... .......... .......... .......... .......... 53%  106M 0s
2023-07-27T18:37:27.2164790Z  11050K .......... .......... .......... .......... .......... 53% 36.1M 0s
2023-07-27T18:37:27.2178666Z  11100K .......... .......... .......... .......... .......... 54% 36.5M 0s
2023-07-27T18:37:27.2184225Z  11150K .......... .......... .......... .......... .......... 54% 80.5M 0s
2023-07-27T18:37:27.2193221Z  11200K .......... .......... .......... .......... .......... 54% 57.0M 0s
2023-07-27T18:37:27.2203312Z  11250K .......... .......... .......... .......... .......... 54% 47.8M 0s
2023-07-27T18:37:27.2210463Z  11300K .......... .......... .......... .......... .......... 55% 83.1M 0s
2023-07-27T18:37:27.2211348Z  11350K .......... .......... .......... .......... .......... 55%  171M 0s
2023-07-27T18:37:27.2221481Z  11400K .......... .......... .......... .......... .......... 55% 50.9M 0s
2023-07-27T18:37:27.2245586Z  11450K .......... .......... .......... .......... .......... 55% 20.4M 0s
2023-07-27T18:37:27.2247854Z  11500K .......... .......... .......... .......... .......... 56%  166M 0s
2023-07-27T18:37:27.2252042Z  11550K .......... .......... .......... .......... .......... 56%  200M 0s
2023-07-27T18:37:27.2252808Z  11600K .......... .......... .......... .......... .......... 56%  180M 0s
2023-07-27T18:37:27.2261959Z  11650K .......... .......... .......... .......... .......... 56% 57.3M 0s
2023-07-27T18:37:27.2270482Z  11700K .......... .......... .......... .......... .......... 56% 57.4M 0s
2023-07-27T18:37:27.2273640Z  11750K .......... .......... .......... .......... .......... 57%  154M 0s
2023-07-27T18:37:27.2292013Z  11800K .......... .......... .......... .......... .......... 57% 26.8M 0s
2023-07-27T18:37:27.2295335Z  11850K .......... .......... .......... .......... .......... 57%  130M 0s
2023-07-27T18:37:27.2300063Z  11900K .......... .......... .......... .......... .......... 57%  130M 0s
2023-07-27T18:37:27.2311941Z  11950K .......... .......... .......... .......... .......... 58%  194M 0s
2023-07-27T18:37:27.2315743Z  12000K .......... .......... .......... .......... .......... 58% 39.1M 0s
2023-07-27T18:37:27.2326386Z  12050K .......... .......... .......... .......... .......... 58% 40.0M 0s
2023-07-27T18:37:27.2334317Z  12100K .......... .......... .......... .......... .......... 58% 59.9M 0s
2023-07-27T18:37:27.2341578Z  12150K .......... .......... .......... .......... .......... 59%  110M 0s
2023-07-27T18:37:27.2344471Z  12200K .......... .......... .......... .......... .......... 59%  101M 0s
2023-07-27T18:37:27.2359941Z  12250K .......... .......... .......... .......... .......... 59% 31.3M 0s
2023-07-27T18:37:27.2363292Z  12300K .......... .......... .......... .......... .......... 59%  144M 0s
2023-07-27T18:37:27.2373584Z  12350K .......... .......... .......... .......... .......... 60% 45.5M 0s
2023-07-27T18:37:27.2379079Z  12400K .......... .......... .......... .......... .......... 60% 82.3M 0s
2023-07-27T18:37:27.2385377Z  12450K .......... .......... .......... .......... .......... 60% 74.1M 0s
2023-07-27T18:37:27.2394350Z  12500K .......... .......... .......... .......... .......... 60% 58.4M 0s
2023-07-27T18:37:27.2403962Z  12550K .......... .......... .......... .......... .......... 61% 60.4M 0s
2023-07-27T18:37:27.2414018Z  12600K .......... .......... .......... .......... .......... 61% 43.4M 0s
2023-07-27T18:37:27.2416148Z  12650K .......... .......... .......... .......... .......... 61%  157M 0s
2023-07-27T18:37:27.2423154Z  12700K .......... .......... .......... .......... .......... 61% 75.5M 0s
2023-07-27T18:37:27.2434135Z  12750K .......... .......... .......... .......... .......... 62% 44.5M 0s
2023-07-27T18:37:27.2446596Z  12800K .......... .......... .......... .......... .......... 62% 37.5M 0s
2023-07-27T18:37:27.2452876Z  12850K .......... .......... .......... .......... .......... 62% 77.1M 0s
2023-07-27T18:37:27.2464125Z  12900K .......... .......... .......... .......... .......... 62% 45.0M 0s
2023-07-27T18:37:27.2469382Z  12950K .......... .......... .......... .......... .......... 63% 90.9M 0s
2023-07-27T18:37:27.2476896Z  13000K .......... .......... .......... .......... .......... 63% 62.5M 0s
2023-07-27T18:37:27.2489104Z  13050K .......... .......... .......... .......... .......... 63% 42.3M 0s
2023-07-27T18:37:27.2495283Z  13100K .......... .......... .......... .......... .......... 63%  108M 0s
2023-07-27T18:37:27.2507302Z  13150K .......... .......... .......... .......... .......... 64% 82.5M 0s
2023-07-27T18:37:27.2508045Z  13200K .......... .......... .......... .......... .......... 64% 61.7M 0s
2023-07-27T18:37:27.2516050Z  13250K .......... .......... .......... .......... .......... 64% 56.1M 0s
2023-07-27T18:37:27.2524151Z  13300K .......... .......... .......... .......... .......... 64% 62.3M 0s
2023-07-27T18:37:27.2535179Z  13350K .......... .......... .......... .......... .......... 64% 44.8M 0s
2023-07-27T18:37:27.2537841Z  13400K .......... .......... .......... .......... .......... 65%  137M 0s
2023-07-27T18:37:27.2544115Z  13450K .......... .......... .......... .......... .......... 65% 80.3M 0s
2023-07-27T18:37:27.2555529Z  13500K .......... .......... .......... .......... .......... 65% 44.1M 0s
2023-07-27T18:37:27.2579948Z  13550K .......... .......... .......... .......... .......... 65% 20.7M 0s
2023-07-27T18:37:27.2586425Z  13600K .......... .......... .......... .......... .......... 66% 68.0M 0s
2023-07-27T18:37:27.2590957Z  13650K .......... .......... .......... .......... .......... 66%  103M 0s
2023-07-27T18:37:27.2595753Z  13700K .......... .......... .......... .......... .......... 66%  102M 0s
2023-07-27T18:37:27.2601915Z  13750K .......... .......... .......... .......... .......... 66% 93.6M 0s
2023-07-27T18:37:27.2606659Z  13800K .......... .......... .......... .......... .......... 67% 85.0M 0s
2023-07-27T18:37:27.2610541Z  13850K .......... .......... .......... .......... .......... 67%  133M 0s
2023-07-27T18:37:27.2619619Z  13900K .......... .......... .......... .......... .......... 67% 54.3M 0s
2023-07-27T18:37:27.2627034Z  13950K .......... .......... .......... .......... .......... 67% 67.2M 0s
2023-07-27T18:37:27.2644089Z  14000K .......... .......... .......... .......... .......... 68% 28.1M 0s
2023-07-27T18:37:27.2649654Z  14050K .......... .......... .......... .......... .......... 68% 88.2M 0s
2023-07-27T18:37:27.2653556Z  14100K .......... .......... .......... .......... .......... 68%  115M 0s
2023-07-27T18:37:27.2659428Z  14150K .......... .......... .......... .......... .......... 68% 97.8M 0s
2023-07-27T18:37:27.2667027Z  14200K .......... .......... .......... .......... .......... 69% 59.3M 0s
2023-07-27T18:37:27.2681484Z  14250K .......... .......... .......... .......... .......... 69% 34.8M 0s
2023-07-27T18:37:27.2686032Z  14300K .......... .......... .......... .......... .......... 69% 95.0M 0s
2023-07-27T18:37:27.2690188Z  14350K .......... .......... .......... .......... .......... 69%  125M 0s
2023-07-27T18:37:27.2701969Z  14400K .......... .......... .......... .......... .......... 70% 43.9M 0s
2023-07-27T18:37:27.2710582Z  14450K .......... .......... .......... .......... .......... 70% 55.0M 0s
2023-07-27T18:37:27.2717903Z  14500K .......... .......... .......... .......... .......... 70% 60.8M 0s
2023-07-27T18:37:27.2729828Z  14550K .......... .......... .......... .......... .......... 70% 46.3M 0s
2023-07-27T18:37:27.2734268Z  14600K .......... .......... .......... .......... .......... 71% 86.6M 0s
2023-07-27T18:37:27.2746755Z  14650K .......... .......... .......... .......... .......... 71% 41.8M 0s
2023-07-27T18:37:27.2751510Z  14700K .......... .......... .......... .......... .......... 71% 96.7M 0s
2023-07-27T18:37:27.2765481Z  14750K .......... .......... .......... .......... .......... 71% 36.5M 0s
2023-07-27T18:37:27.2766885Z  14800K .......... .......... .......... .......... .......... 72%  214M 0s
2023-07-27T18:37:27.2771931Z  14850K .......... .......... .......... .......... .......... 72%  102M 0s
2023-07-27T18:37:27.2784391Z  14900K .......... .......... .......... .......... .......... 72% 39.0M 0s
2023-07-27T18:37:27.2794400Z  14950K .......... .......... .......... .......... .......... 72% 51.3M 0s
2023-07-27T18:37:27.2799233Z  15000K .......... .......... .......... .......... .......... 72%  105M 0s
2023-07-27T18:37:27.2800744Z  15050K .......... .......... .......... .......... .......... 73%  190M 0s
2023-07-27T18:37:27.2812611Z  15100K .......... .......... .......... .......... .......... 73% 39.8M 0s
2023-07-27T18:37:27.2822867Z  15150K .......... .......... .......... .......... .......... 73% 49.8M 0s
2023-07-27T18:37:27.2842635Z  15200K .......... .......... .......... .......... .......... 73% 24.6M 0s
2023-07-27T18:37:27.2854503Z  15250K .......... .......... .......... .......... .......... 74% 42.4M 0s
2023-07-27T18:37:27.2857996Z  15300K .......... .......... .......... .......... .......... 74%  117M 0s
2023-07-27T18:37:27.2864160Z  15350K .......... .......... .......... .......... .......... 74% 88.6M 0s
2023-07-27T18:37:27.2870073Z  15400K .......... .......... .......... .......... .......... 74% 76.1M 0s
2023-07-27T18:37:27.2878633Z  15450K .......... .......... .......... .......... .......... 75% 57.6M 0s
2023-07-27T18:37:27.2882393Z  15500K .......... .......... .......... .......... .......... 75%  127M 0s
2023-07-27T18:37:27.2886759Z  15550K .......... .......... .......... .......... .......... 75%  133M 0s
2023-07-27T18:37:27.2896499Z  15600K .......... .......... .......... .......... .......... 75% 47.2M 0s
2023-07-27T18:37:27.2905585Z  15650K .......... .......... .......... .......... .......... 76% 53.2M 0s
2023-07-27T18:37:27.2911284Z  15700K .......... .......... .......... .......... .......... 76%  136M 0s
2023-07-27T18:37:27.2915759Z  15750K .......... .......... .......... .......... .......... 76% 88.2M 0s
2023-07-27T18:37:27.2926235Z  15800K .......... .......... .......... .......... .......... 76% 47.3M 0s
2023-07-27T18:37:27.2936248Z  15850K .......... .......... .......... .......... .......... 77% 47.4M 0s
2023-07-27T18:37:27.2947346Z  15900K .......... .......... .......... .......... .......... 77% 45.8M 0s
2023-07-27T18:37:27.2957893Z  15950K .......... .......... .......... .......... .......... 77%  119M 0s
2023-07-27T18:37:27.2959968Z  16000K .......... .......... .......... .......... .......... 77% 52.9M 0s
2023-07-27T18:37:27.2966590Z  16050K .......... .......... .......... .......... .......... 78% 72.9M 0s
2023-07-27T18:37:27.2976304Z  16100K .......... .......... .......... .......... .......... 78% 53.2M 0s
2023-07-27T18:37:27.2988678Z  16150K .......... .......... .......... .......... .......... 78% 43.6M 0s
2023-07-27T18:37:27.2996638Z  16200K .......... .......... .......... .......... .......... 78% 54.6M 0s
2023-07-27T18:37:27.2997293Z  16250K .......... .......... .......... .......... .......... 79%  225M 0s
2023-07-27T18:37:27.3008616Z  16300K .......... .......... .......... .......... .......... 79% 49.4M 0s
2023-07-27T18:37:27.3023136Z  16350K .......... .......... .......... .......... .......... 79% 35.9M 0s
2023-07-27T18:37:27.3028173Z  16400K .......... .......... .......... .......... .......... 79% 87.5M 0s
2023-07-27T18:37:27.3033623Z  16450K .......... .......... .......... .......... .......... 80% 75.4M 0s
2023-07-27T18:37:27.3038933Z  16500K .......... .......... .......... .......... .......... 80% 87.1M 0s
2023-07-27T18:37:27.3052191Z  16550K .......... .......... .......... .......... .......... 80% 42.4M 0s
2023-07-27T18:37:27.3060189Z  16600K .......... .......... .......... .......... .......... 80% 54.9M 0s
2023-07-27T18:37:27.3070725Z  16650K .......... .......... .......... .......... .......... 80% 59.8M 0s
2023-07-27T18:37:27.3071069Z  16700K .......... .......... .......... .......... .......... 81%  191M 0s
2023-07-27T18:37:27.3078616Z  16750K .......... .......... .......... .......... .......... 81% 59.3M 0s
2023-07-27T18:37:27.3087523Z  16800K .......... .......... .......... .......... .......... 81% 55.9M 0s
2023-07-27T18:37:27.3096743Z  16850K .......... .......... .......... .......... .......... 81% 55.8M 0s
2023-07-27T18:37:27.3106610Z  16900K .......... .......... .......... .......... .......... 82% 58.7M 0s
2023-07-27T18:37:27.3110324Z  16950K .......... .......... .......... .......... .......... 82% 82.9M 0s
2023-07-27T18:37:27.3120762Z  17000K .......... .......... .......... .......... .......... 82% 49.7M 0s
2023-07-27T18:37:27.3131510Z  17050K .......... .......... .......... .......... .......... 82% 49.0M 0s
2023-07-27T18:37:27.3138903Z  17100K .......... .......... .......... .......... .......... 83% 63.4M 0s
2023-07-27T18:37:27.3149713Z  17150K .......... .......... .......... .......... .......... 83% 43.2M 0s
2023-07-27T18:37:27.3156738Z  17200K .......... .......... .......... .......... .......... 83% 69.8M 0s
2023-07-27T18:37:27.3162200Z  17250K .......... .......... .......... .......... .......... 83% 90.1M 0s
2023-07-27T18:37:27.3169876Z  17300K .......... .......... .......... .......... .......... 84% 56.9M 0s
2023-07-27T18:37:27.3177881Z  17350K .......... .......... .......... .......... .......... 84% 64.4M 0s
2023-07-27T18:37:27.3184112Z  17400K .......... .......... .......... .......... .......... 84% 74.7M 0s
2023-07-27T18:37:27.3195035Z  17450K .......... .......... .......... .......... .......... 84% 45.2M 0s
2023-07-27T18:37:27.3201776Z  17500K .......... .......... .......... .......... .......... 85% 78.1M 0s
2023-07-27T18:37:27.3212663Z  17550K .......... .......... .......... .......... .......... 85% 45.0M 0s
2023-07-27T18:37:27.3221816Z  17600K .......... .......... .......... .......... .......... 85% 57.0M 0s
2023-07-27T18:37:27.3223752Z  17650K .......... .......... .......... .......... .......... 85%  169M 0s
2023-07-27T18:37:27.3231017Z  17700K .......... .......... .......... .......... .......... 86% 67.1M 0s
2023-07-27T18:37:27.3242482Z  17750K .......... .......... .......... .......... .......... 86% 42.5M 0s
2023-07-27T18:37:27.3257522Z  17800K .......... .......... .......... .......... .......... 86% 32.9M 0s
2023-07-27T18:37:27.3265134Z  17850K .......... .......... .......... .......... .......... 86% 67.7M 0s
2023-07-27T18:37:27.3266841Z  17900K .......... .......... .......... .......... .......... 87%  174M 0s
2023-07-27T18:37:27.3274443Z  17950K .......... .......... .......... .......... .......... 87% 66.8M 0s
2023-07-27T18:37:27.3284932Z  18000K .......... .......... .......... .......... .......... 87% 47.6M 0s
2023-07-27T18:37:27.3295623Z  18050K .......... .......... .......... .......... .......... 87% 45.3M 0s
2023-07-27T18:37:27.3305190Z  18100K .......... .......... .......... .......... .......... 88% 57.7M 0s
2023-07-27T18:37:27.3308913Z  18150K .......... .......... .......... .......... .......... 88%  111M 0s
2023-07-27T18:37:27.3318018Z  18200K .......... .......... .......... .......... .......... 88% 54.5M 0s
2023-07-27T18:37:27.3323855Z  18250K .......... .......... .......... .......... .......... 88% 77.5M 0s
2023-07-27T18:37:27.3335807Z  18300K .......... .......... .......... .......... .......... 88% 43.1M 0s
2023-07-27T18:37:27.3336136Z  18350K .......... .......... .......... .......... .......... 89%  307M 0s
2023-07-27T18:37:27.3346895Z  18400K .......... .......... .......... .......... .......... 89% 45.5M 0s
2023-07-27T18:37:27.3357750Z  18450K .......... .......... .......... .......... .......... 89% 46.4M 0s
2023-07-27T18:37:27.3371195Z  18500K .......... .......... .......... .......... .......... 89% 42.1M 0s
2023-07-27T18:37:27.3380606Z  18550K .......... .......... .......... .......... .......... 90% 47.2M 0s
2023-07-27T18:37:27.3387149Z  18600K .......... .......... .......... .......... .......... 90% 60.8M 0s
2023-07-27T18:37:27.3392179Z  18650K .......... .......... .......... .......... .......... 90%  100M 0s
2023-07-27T18:37:27.3404172Z  18700K .......... .......... .......... .......... .......... 90% 42.1M 0s
2023-07-27T18:37:27.3408866Z  18750K .......... .......... .......... .......... .......... 91% 98.1M 0s
2023-07-27T18:37:27.3415066Z  18800K .......... .......... .......... .......... .......... 91% 80.3M 0s
2023-07-27T18:37:27.3420030Z  18850K .......... .......... .......... .......... .......... 91% 93.5M 0s
2023-07-27T18:37:27.3431182Z  18900K .......... .......... .......... .......... .......... 91% 43.9M 0s
2023-07-27T18:37:27.3437317Z  18950K .......... .......... .......... .......... .......... 92% 78.5M 0s
2023-07-27T18:37:27.3444020Z  19000K .......... .......... .......... .......... .......... 92% 77.4M 0s
2023-07-27T18:37:27.3462634Z  19050K .......... .......... .......... .......... .......... 92% 26.8M 0s
2023-07-27T18:37:27.3466453Z  19100K .......... .......... .......... .......... .......... 92%  174M 0s
2023-07-27T18:37:27.3470703Z  19150K .......... .......... .......... .......... .......... 93%  164M 0s
2023-07-27T18:37:27.3474981Z  19200K .......... .......... .......... .......... .......... 93% 90.7M 0s
2023-07-27T18:37:27.3485642Z  19250K .......... .......... .......... .......... .......... 93% 41.0M 0s
2023-07-27T18:37:27.3537435Z  19300K .......... .......... .......... .......... .......... 93% 12.7M 0s
2023-07-27T18:37:27.3539740Z  19350K .......... .......... .......... .......... .......... 94%  219M 0s
2023-07-27T18:37:27.3541576Z  19400K .......... .......... .......... .......... .......... 94%  232M 0s
2023-07-27T18:37:27.3544012Z  19450K .......... .......... .......... .......... .......... 94%  273M 0s
2023-07-27T18:37:27.3544653Z  19500K .......... .......... .......... .......... .......... 94%  275M 0s
2023-07-27T18:37:27.3544998Z  19550K .......... .......... .......... .......... .......... 95%  128M 0s
2023-07-27T18:37:27.3545291Z  19600K .......... .......... .......... .......... .......... 95%  282M 0s
2023-07-27T18:37:27.3549177Z  19650K .......... .......... .......... .......... .......... 95% 41.3M 0s
2023-07-27T18:37:27.3562496Z  19700K .......... .......... .......... .......... .......... 95% 40.7M 0s
2023-07-27T18:37:27.3565393Z  19750K .......... .......... .......... .......... .......... 96%  123M 0s
2023-07-27T18:37:27.3569671Z  19800K .......... .......... .......... .......... .......... 96% 98.9M 0s
2023-07-27T18:37:27.3581102Z  19850K .......... .......... .......... .......... .......... 96% 45.7M 0s
2023-07-27T18:37:27.3593061Z  19900K .......... .......... .......... .......... .......... 96% 40.7M 0s
2023-07-27T18:37:27.3596596Z  19950K .......... .......... .......... .......... .......... 96%  131M 0s
2023-07-27T18:37:27.3629778Z  20000K .......... .......... .......... .......... .......... 97% 33.7M 0s
2023-07-27T18:37:27.3632632Z  20050K .......... .......... .......... .......... .......... 97%  194M 0s
2023-07-27T18:37:27.3642461Z  20100K .......... .......... .......... .......... .......... 97% 17.0M 0s
2023-07-27T18:37:27.3644084Z  20150K .......... .......... .......... .......... .......... 97%  248M 0s
2023-07-27T18:37:27.3646347Z  20200K .......... .......... .......... .......... .......... 98%  216M 0s
2023-07-27T18:37:27.3648622Z  20250K .......... .......... .......... .......... .......... 98%  296M 0s
2023-07-27T18:37:27.3676606Z  20300K .......... .......... .......... .......... .......... 98% 17.3M 0s
2023-07-27T18:37:27.3678570Z  20350K .......... .......... .......... .......... .......... 98%  277M 0s
2023-07-27T18:37:27.3679887Z  20400K .......... .......... .......... .......... .......... 99%  249M 0s
2023-07-27T18:37:27.3723512Z  20450K .......... .......... .......... .......... .......... 99% 11.4M 0s
2023-07-27T18:37:27.3729570Z  20500K .......... .......... .......... .......... .......... 99% 74.8M 0s
2023-07-27T18:37:27.3736744Z  20550K .......... .......... .......... .......... .......... 99% 75.1M 0s
2023-07-27T18:37:27.3743040Z  20600K .......... .......... ....                            100% 49.4M=0.7s
2023-07-27T18:37:27.3744692Z 
2023-07-27T18:37:27.3748016Z 2023-07-27 18:37:27 (30.5 MB/s) - â€˜allure-2.23.1.tgzâ€™ saved [21119403/21119403]
2023-07-27T18:37:27.3749164Z 
2023-07-27T18:37:27.3802256Z allure-2.23.1/
2023-07-27T18:37:27.3803258Z allure-2.23.1/plugins/
2023-07-27T18:37:27.3804864Z allure-2.23.1/plugins/README.txt
2023-07-27T18:37:27.3806579Z allure-2.23.1/config/
2023-07-27T18:37:27.3808112Z allure-2.23.1/config/allure.yml
2023-07-27T18:37:27.3809807Z allure-2.23.1/config/allure-cucumber.yml
2023-07-27T18:37:27.3811139Z allure-2.23.1/config/allure-junit.yml
2023-07-27T18:37:27.3812995Z allure-2.23.1/lib/
2023-07-27T18:37:27.3814301Z allure-2.23.1/lib/config/
2023-07-27T18:37:27.3818637Z allure-2.23.1/lib/config/logback.xml
2023-07-27T18:37:27.3820554Z allure-2.23.1/lib/config/jetty-logging.properties
2023-07-27T18:37:27.3822427Z allure-2.23.1/lib/allure-commandline-2.23.1.jar
2023-07-27T18:37:27.3824547Z allure-2.23.1/lib/logback-classic-1.3.8.jar
2023-07-27T18:37:27.3849227Z allure-2.23.1/lib/jcommander-1.82.jar
2023-07-27T18:37:27.3856935Z allure-2.23.1/lib/allure-generator-2.23.1.jar
2023-07-27T18:37:27.3949049Z allure-2.23.1/lib/jackson-dataformat-xml-2.15.2.jar
2023-07-27T18:37:27.3964611Z allure-2.23.1/lib/allure-plugin-api-2.23.1.jar
2023-07-27T18:37:27.3975791Z allure-2.23.1/lib/jackson-module-jaxb-annotations-2.15.2.jar
2023-07-27T18:37:27.3980256Z allure-2.23.1/lib/jackson-annotations-2.15.2.jar
2023-07-27T18:37:27.3987525Z allure-2.23.1/lib/jackson-core-2.15.2.jar
2023-07-27T18:37:27.4034820Z allure-2.23.1/lib/jackson-dataformat-yaml-2.15.2.jar
2023-07-27T18:37:27.4038101Z allure-2.23.1/lib/jackson-databind-2.15.2.jar
2023-07-27T18:37:27.4179885Z allure-2.23.1/lib/tika-core-2.8.0.jar
2023-07-27T18:37:27.4241011Z allure-2.23.1/lib/commons-io-2.13.0.jar
2023-07-27T18:37:27.4284188Z allure-2.23.1/lib/jetty-server-9.4.51.v20230217.jar
2023-07-27T18:37:27.4349894Z allure-2.23.1/lib/logback-core-1.3.8.jar
2023-07-27T18:37:27.4404280Z allure-2.23.1/lib/allure1-model-1.0.jar
2023-07-27T18:37:27.4407473Z allure-2.23.1/lib/slf4j-api-2.0.7.jar
2023-07-27T18:37:27.4412994Z allure-2.23.1/lib/snakeyaml-2.0.jar
2023-07-27T18:37:27.4439607Z allure-2.23.1/lib/javax.servlet-api-3.1.0.jar
2023-07-27T18:37:27.4450134Z allure-2.23.1/lib/jetty-http-9.4.51.v20230217.jar
2023-07-27T18:37:27.4475901Z allure-2.23.1/lib/jetty-io-9.4.51.v20230217.jar
2023-07-27T18:37:27.4493129Z allure-2.23.1/lib/allure-model-2.23.0.jar
2023-07-27T18:37:27.4496115Z allure-2.23.1/lib/jaxb-api-2.3.1.jar
2023-07-27T18:37:27.4516852Z allure-2.23.1/lib/httpclient-4.5.14.jar
2023-07-27T18:37:27.4584182Z allure-2.23.1/lib/freemarker-2.3.32.jar
2023-07-27T18:37:27.4738008Z allure-2.23.1/lib/jetty-util-9.4.51.v20230217.jar
2023-07-27T18:37:27.4789471Z allure-2.23.1/lib/opencsv-4.6.jar
2023-07-27T18:37:27.4808534Z allure-2.23.1/lib/flexmark-ext-tables-0.62.2.jar
2023-07-27T18:37:27.4816612Z allure-2.23.1/lib/flexmark-0.62.2.jar
2023-07-27T18:37:27.4857184Z allure-2.23.1/lib/woodstox-core-6.5.1.jar
2023-07-27T18:37:27.5006786Z allure-2.23.1/lib/stax2-api-4.2.1.jar
2023-07-27T18:37:27.5027784Z allure-2.23.1/lib/jakarta.xml.bind-api-2.3.3.jar
2023-07-27T18:37:27.5047607Z allure-2.23.1/lib/jakarta.activation-api-1.2.2.jar
2023-07-27T18:37:27.5048562Z allure-2.23.1/lib/javax.activation-api-1.2.0.jar
2023-07-27T18:37:27.5054911Z allure-2.23.1/lib/properties-2.0.RC5.jar
2023-07-27T18:37:27.5057008Z allure-2.23.1/lib/jaxb-utils-1.0.jar
2023-07-27T18:37:27.5057799Z allure-2.23.1/lib/httpcore-4.4.16.jar
2023-07-27T18:37:27.5097102Z allure-2.23.1/lib/commons-beanutils-1.9.4.jar
2023-07-27T18:37:27.5121051Z allure-2.23.1/lib/commons-logging-1.2.jar
2023-07-27T18:37:27.5125864Z allure-2.23.1/lib/commons-codec-1.11.jar
2023-07-27T18:37:27.5150129Z allure-2.23.1/lib/commons-text-1.3.jar
2023-07-27T18:37:27.5165127Z allure-2.23.1/lib/commons-lang3-3.12.0.jar
2023-07-27T18:37:27.5214876Z allure-2.23.1/lib/commons-collections4-4.2.jar
2023-07-27T18:37:27.5277512Z allure-2.23.1/lib/flexmark-util-0.62.2.jar
2023-07-27T18:37:27.5280884Z allure-2.23.1/lib/flexmark-util-format-0.62.2.jar
2023-07-27T18:37:27.5289471Z allure-2.23.1/lib/flexmark-util-ast-0.62.2.jar
2023-07-27T18:37:27.5294437Z allure-2.23.1/lib/flexmark-util-builder-0.62.2.jar
2023-07-27T18:37:27.5296979Z allure-2.23.1/lib/flexmark-util-dependency-0.62.2.jar
2023-07-27T18:37:27.5299560Z allure-2.23.1/lib/flexmark-util-html-0.62.2.jar
2023-07-27T18:37:27.5303159Z allure-2.23.1/lib/flexmark-util-options-0.62.2.jar
2023-07-27T18:37:27.5306021Z allure-2.23.1/lib/flexmark-util-sequence-0.62.2.jar
2023-07-27T18:37:27.5321899Z allure-2.23.1/lib/flexmark-util-collection-0.62.2.jar
2023-07-27T18:37:27.5329604Z allure-2.23.1/lib/flexmark-util-data-0.62.2.jar
2023-07-27T18:37:27.5333626Z allure-2.23.1/lib/flexmark-util-misc-0.62.2.jar
2023-07-27T18:37:27.5337919Z allure-2.23.1/lib/flexmark-util-visitor-0.62.2.jar
2023-07-27T18:37:27.5341401Z allure-2.23.1/lib/commons-collections-3.2.2.jar
2023-07-27T18:37:27.5394051Z allure-2.23.1/lib/annotations-15.0.jar
2023-07-27T18:37:27.5396817Z allure-2.23.1/bin/
2023-07-27T18:37:27.5399227Z allure-2.23.1/bin/allure.bat
2023-07-27T18:37:27.5402174Z allure-2.23.1/bin/allure
2023-07-27T18:37:27.5404668Z allure-2.23.1/plugins/custom-logo-plugin/
2023-07-27T18:37:27.5408567Z allure-2.23.1/plugins/custom-logo-plugin/custom-logo-plugin-2.23.1.jar
2023-07-27T18:37:27.5411557Z allure-2.23.1/plugins/custom-logo-plugin/static/
2023-07-27T18:37:27.5414538Z allure-2.23.1/plugins/custom-logo-plugin/static/custom-logo.svg
2023-07-27T18:37:27.5417984Z allure-2.23.1/plugins/custom-logo-plugin/static/styles.css
2023-07-27T18:37:27.5419820Z allure-2.23.1/plugins/custom-logo-plugin/allure-plugin.yml
2023-07-27T18:37:27.5421598Z allure-2.23.1/plugins/xctest-plugin/
2023-07-27T18:37:27.5423397Z allure-2.23.1/plugins/xctest-plugin/xctest-plugin-2.23.1.jar
2023-07-27T18:37:27.5425598Z allure-2.23.1/plugins/xctest-plugin/allure-plugin.yml
2023-07-27T18:37:27.5427707Z allure-2.23.1/plugins/xctest-plugin/lib/
2023-07-27T18:37:27.5429477Z allure-2.23.1/plugins/xctest-plugin/lib/xmlwise-1.2.11.jar
2023-07-27T18:37:27.5431463Z allure-2.23.1/plugins/jira-plugin/
2023-07-27T18:37:27.5433601Z allure-2.23.1/plugins/jira-plugin/allure-plugin.yml
2023-07-27T18:37:27.5435361Z allure-2.23.1/plugins/jira-plugin/jira-plugin-2.23.1.jar
2023-07-27T18:37:27.5437306Z allure-2.23.1/plugins/jira-plugin/lib/
2023-07-27T18:37:27.5439241Z allure-2.23.1/plugins/jira-plugin/lib/allure-jira-commons-2.23.1.jar
2023-07-27T18:37:27.5441628Z allure-2.23.1/plugins/jira-plugin/lib/jackson-core-2.15.2.jar
2023-07-27T18:37:27.5488545Z allure-2.23.1/plugins/jira-plugin/lib/converter-jackson-2.9.0.jar
2023-07-27T18:37:27.5492340Z allure-2.23.1/plugins/jira-plugin/lib/retrofit-2.9.0.jar
2023-07-27T18:37:27.5502758Z allure-2.23.1/plugins/jira-plugin/lib/jackson-annotations-2.15.2.jar
2023-07-27T18:37:27.5509687Z allure-2.23.1/plugins/jira-plugin/lib/okhttp-3.14.9.jar
2023-07-27T18:37:27.5547416Z allure-2.23.1/plugins/jira-plugin/lib/okio-1.17.2.jar
2023-07-27T18:37:27.5552950Z allure-2.23.1/plugins/jira-plugin/lib/jackson-databind-2.15.2.jar
2023-07-27T18:37:27.5691074Z allure-2.23.1/plugins/packages-plugin/
2023-07-27T18:37:27.5693591Z allure-2.23.1/plugins/packages-plugin/packages-plugin-2.23.1.jar
2023-07-27T18:37:27.5695958Z allure-2.23.1/plugins/packages-plugin/static/
2023-07-27T18:37:27.5698235Z allure-2.23.1/plugins/packages-plugin/static/index.js
2023-07-27T18:37:27.5700672Z allure-2.23.1/plugins/packages-plugin/allure-plugin.yml
2023-07-27T18:37:27.5702892Z allure-2.23.1/plugins/behaviors-plugin/
2023-07-27T18:37:27.5705051Z allure-2.23.1/plugins/behaviors-plugin/static/
2023-07-27T18:37:27.5707182Z allure-2.23.1/plugins/behaviors-plugin/static/index.js
2023-07-27T18:37:27.5709546Z allure-2.23.1/plugins/behaviors-plugin/behaviors-plugin-2.23.1.jar
2023-07-27T18:37:27.5712190Z allure-2.23.1/plugins/behaviors-plugin/allure-plugin.yml
2023-07-27T18:37:27.5714277Z allure-2.23.1/plugins/xray-plugin/
2023-07-27T18:37:27.5716380Z allure-2.23.1/plugins/xray-plugin/xray-plugin-2.23.1.jar
2023-07-27T18:37:27.5718724Z allure-2.23.1/plugins/xray-plugin/allure-plugin.yml
2023-07-27T18:37:27.5721083Z allure-2.23.1/plugins/xray-plugin/lib/
2023-07-27T18:37:27.5724744Z allure-2.23.1/plugins/xray-plugin/lib/allure-jira-commons-2.23.1.jar
2023-07-27T18:37:27.5728319Z allure-2.23.1/plugins/xray-plugin/lib/jackson-core-2.15.2.jar
2023-07-27T18:37:27.5769184Z allure-2.23.1/plugins/xray-plugin/lib/converter-jackson-2.9.0.jar
2023-07-27T18:37:27.5774395Z allure-2.23.1/plugins/xray-plugin/lib/retrofit-2.9.0.jar
2023-07-27T18:37:27.5785056Z allure-2.23.1/plugins/xray-plugin/lib/jackson-annotations-2.15.2.jar
2023-07-27T18:37:27.5789420Z allure-2.23.1/plugins/xray-plugin/lib/okhttp-3.14.9.jar
2023-07-27T18:37:27.5823701Z allure-2.23.1/plugins/xray-plugin/lib/okio-1.17.2.jar
2023-07-27T18:37:27.5831286Z allure-2.23.1/plugins/xray-plugin/lib/jackson-databind-2.15.2.jar
2023-07-27T18:37:27.5966662Z allure-2.23.1/plugins/xunit-xml-plugin/
2023-07-27T18:37:27.5969365Z allure-2.23.1/plugins/xunit-xml-plugin/xunit-xml-plugin-2.23.1.jar
2023-07-27T18:37:27.5971922Z allure-2.23.1/plugins/xunit-xml-plugin/allure-plugin.yml
2023-07-27T18:37:27.5974002Z allure-2.23.1/plugins/junit-xml-plugin/
2023-07-27T18:37:27.5976075Z allure-2.23.1/plugins/junit-xml-plugin/junit-xml-plugin-2.23.1.jar
2023-07-27T18:37:27.5978564Z allure-2.23.1/plugins/junit-xml-plugin/allure-plugin.yml
2023-07-27T18:37:27.5980850Z allure-2.23.1/plugins/screen-diff-plugin/
2023-07-27T18:37:27.5984662Z allure-2.23.1/plugins/screen-diff-plugin/static/
2023-07-27T18:37:27.5987599Z allure-2.23.1/plugins/screen-diff-plugin/static/index.js
2023-07-27T18:37:27.5989801Z allure-2.23.1/plugins/screen-diff-plugin/static/styles.css
2023-07-27T18:37:27.5991861Z allure-2.23.1/plugins/screen-diff-plugin/allure-plugin.yml
2023-07-27T18:37:27.5993985Z allure-2.23.1/plugins/screen-diff-plugin/screen-diff-plugin-2.23.1.jar
2023-07-27T18:37:27.5996001Z allure-2.23.1/plugins/trx-plugin/
2023-07-27T18:37:27.5997992Z allure-2.23.1/plugins/trx-plugin/trx-plugin-2.23.1.jar
2023-07-27T18:37:27.6000142Z allure-2.23.1/plugins/trx-plugin/allure-plugin.yml
2023-07-27T18:37:27.6256604Z ##[group]Run allure --version
2023-07-27T18:37:27.6256879Z [36;1mallure --version[0m
2023-07-27T18:37:27.6319879Z shell: /usr/bin/bash -e {0}
2023-07-27T18:37:27.6320103Z env:
2023-07-27T18:37:27.6320441Z   TEST_RESULTS_DIR: allure-results
2023-07-27T18:37:27.6320694Z   ALLURE_REPORT_DIR: allure-report
2023-07-27T18:37:27.6320983Z   pythonLocation: /opt/hostedtoolcache/Python/3.11.4/x64
2023-07-27T18:37:27.6321487Z   PKG_CONFIG_PATH: /opt/hostedtoolcache/Python/3.11.4/x64/lib/pkgconfig
2023-07-27T18:37:27.6321955Z   Python_ROOT_DIR: /opt/hostedtoolcache/Python/3.11.4/x64
2023-07-27T18:37:27.6322253Z   Python2_ROOT_DIR: /opt/hostedtoolcache/Python/3.11.4/x64
2023-07-27T18:37:27.6322560Z   Python3_ROOT_DIR: /opt/hostedtoolcache/Python/3.11.4/x64
2023-07-27T18:37:27.6322848Z   LD_LIBRARY_PATH: /opt/hostedtoolcache/Python/3.11.4/x64/lib
2023-07-27T18:37:27.6323093Z ##[endgroup]
2023-07-27T18:37:28.5217101Z 2.23.1
2023-07-27T18:37:28.5405480Z ##[group]Run python3 -m venv .venv
2023-07-27T18:37:28.5406243Z [36;1mpython3 -m venv .venv[0m
2023-07-27T18:37:28.5406483Z [36;1msource .venv/bin/activate[0m
2023-07-27T18:37:28.5406961Z [36;1mpip3 install --upgrade pip setuptools wheel[0m
2023-07-27T18:37:28.5407469Z [36;1mpip3 install -r requirements.txt[0m
2023-07-27T18:37:28.5475804Z shell: /usr/bin/bash -e {0}
2023-07-27T18:37:28.5476032Z env:
2023-07-27T18:37:28.5476238Z   TEST_RESULTS_DIR: allure-results
2023-07-27T18:37:28.5476504Z   ALLURE_REPORT_DIR: allure-report
2023-07-27T18:37:28.5476810Z   pythonLocation: /opt/hostedtoolcache/Python/3.11.4/x64
2023-07-27T18:37:28.5477163Z   PKG_CONFIG_PATH: /opt/hostedtoolcache/Python/3.11.4/x64/lib/pkgconfig
2023-07-27T18:37:28.5477505Z   Python_ROOT_DIR: /opt/hostedtoolcache/Python/3.11.4/x64
2023-07-27T18:37:28.5477915Z   Python2_ROOT_DIR: /opt/hostedtoolcache/Python/3.11.4/x64
2023-07-27T18:37:28.5478238Z   Python3_ROOT_DIR: /opt/hostedtoolcache/Python/3.11.4/x64
2023-07-27T18:37:28.5478772Z   LD_LIBRARY_PATH: /opt/hostedtoolcache/Python/3.11.4/x64/lib
2023-07-27T18:37:28.5479027Z ##[endgroup]
2023-07-27T18:37:34.8310938Z Requirement already satisfied: pip in ./.venv/lib/python3.11/site-packages (23.1.2)
2023-07-27T18:37:35.0501114Z Collecting pip
2023-07-27T18:37:35.1698176Z   Downloading pip-23.2.1-py3-none-any.whl (2.1 MB)
2023-07-27T18:37:35.2784184Z      â”â”â”â”â”â”â”â”â”â”â”â”â”â”â”â”â”â”â”â”â”â”â”â”â”â”â”â”â”â”â”â”â”â”â”â”â”â”â”â” 2.1/2.1 MB 19.8 MB/s eta 0:00:00
2023-07-27T18:37:35.2933516Z Requirement already satisfied: setuptools in ./.venv/lib/python3.11/site-packages (65.5.0)
2023-07-27T18:37:35.6301659Z Collecting setuptools
2023-07-27T18:37:35.6357291Z   Downloading setuptools-68.0.0-py3-none-any.whl (804 kB)
2023-07-27T18:37:35.6511030Z      â”â”â”â”â”â”â”â”â”â”â”â”â”â”â”â”â”â”â”â”â”â”â”â”â”â”â”â”â”â”â”â”â”â”â”â”â”â” 804.0/804.0 kB 66.7 MB/s eta 0:00:00
2023-07-27T18:37:35.7107520Z Collecting wheel
2023-07-27T18:37:35.7165460Z   Downloading wheel-0.41.0-py3-none-any.whl (64 kB)
2023-07-27T18:37:35.7232632Z      â”â”â”â”â”â”â”â”â”â”â”â”â”â”â”â”â”â”â”â”â”â”â”â”â”â”â”â”â”â”â”â”â”â”â”â”â”â”â”â” 64.7/64.7 kB 15.3 MB/s eta 0:00:00
2023-07-27T18:37:35.8928400Z Installing collected packages: wheel, setuptools, pip
2023-07-27T18:37:35.9531223Z   Attempting uninstall: setuptools
2023-07-27T18:37:35.9568438Z     Found existing installation: setuptools 65.5.0
2023-07-27T18:37:35.9822782Z     Uninstalling setuptools-65.5.0:
2023-07-27T18:37:35.9955107Z       Successfully uninstalled setuptools-65.5.0
2023-07-27T18:37:36.6073757Z   Attempting uninstall: pip
2023-07-27T18:37:36.6107065Z     Found existing installation: pip 23.1.2
2023-07-27T18:37:36.6623974Z     Uninstalling pip-23.1.2:
2023-07-27T18:37:36.6705300Z       Successfully uninstalled pip-23.1.2
2023-07-27T18:37:38.1802485Z Successfully installed pip-23.2.1 setuptools-68.0.0 wheel-0.41.0
2023-07-27T18:37:39.2704349Z Collecting allure-behave==2.13.2 (from -r requirements.txt (line 1))
2023-07-27T18:37:39.3782169Z   Downloading allure_behave-2.13.2-py3-none-any.whl (7.3 kB)
2023-07-27T18:37:39.4344075Z Collecting allure-python-commons==2.13.2 (from -r requirements.txt (line 2))
2023-07-27T18:37:39.4392956Z   Downloading allure_python_commons-2.13.2-py3-none-any.whl (14 kB)
2023-07-27T18:37:39.4711769Z Collecting attrs==23.1.0 (from -r requirements.txt (line 3))
2023-07-27T18:37:39.4762964Z   Downloading attrs-23.1.0-py3-none-any.whl (61 kB)
2023-07-27T18:37:39.5151469Z      â”â”â”â”â”â”â”â”â”â”â”â”â”â”â”â”â”â”â”â”â”â”â”â”â”â”â”â”â”â”â”â”â”â”â”â”â”â”â”â” 61.2/61.2 kB 1.4 MB/s eta 0:00:00
2023-07-27T18:37:39.5333190Z Collecting behave==1.2.6 (from -r requirements.txt (line 4))
2023-07-27T18:37:39.5396214Z   Downloading behave-1.2.6-py2.py3-none-any.whl (136 kB)
2023-07-27T18:37:39.5620885Z      â”â”â”â”â”â”â”â”â”â”â”â”â”â”â”â”â”â”â”â”â”â”â”â”â”â”â”â”â”â”â”â”â”â”â”â”â”â”â” 136.8/136.8 kB 6.5 MB/s eta 0:00:00
2023-07-27T18:37:39.6374940Z Collecting black==23.7.0 (from -r requirements.txt (line 5))
2023-07-27T18:37:39.6377557Z   Obtaining dependency information for black==23.7.0 from https://files.pythonhosted.org/packages/4d/24/06c20da91df8d0b0f67e2dd3ce0feedff0b0fa6792e24e3f83452f3c38a2/black-23.7.0-cp311-cp311-manylinux_2_17_x86_64.manylinux2014_x86_64.whl.metadata
2023-07-27T18:37:39.6436210Z   Downloading black-23.7.0-cp311-cp311-manylinux_2_17_x86_64.manylinux2014_x86_64.whl.metadata (63 kB)
2023-07-27T18:37:39.6503844Z      â”â”â”â”â”â”â”â”â”â”â”â”â”â”â”â”â”â”â”â”â”â”â”â”â”â”â”â”â”â”â”â”â”â”â”â”â”â”â”â” 63.4/63.4 kB 14.4 MB/s eta 0:00:00
2023-07-27T18:37:39.6919734Z Collecting certifi==2023.7.22 (from -r requirements.txt (line 6))
2023-07-27T18:37:39.6925240Z   Obtaining dependency information for certifi==2023.7.22 from https://files.pythonhosted.org/packages/4c/dd/2234eab22353ffc7d94e8d13177aaa050113286e93e7b40eae01fbf7c3d9/certifi-2023.7.22-py3-none-any.whl.metadata
2023-07-27T18:37:39.6972911Z   Downloading certifi-2023.7.22-py3-none-any.whl.metadata (2.2 kB)
2023-07-27T18:37:39.9527900Z Collecting cffi==1.15.1 (from -r requirements.txt (line 7))
2023-07-27T18:37:39.9599971Z   Downloading cffi-1.15.1-cp311-cp311-manylinux_2_17_x86_64.manylinux2014_x86_64.whl (462 kB)
2023-07-27T18:37:39.9731966Z      â”â”â”â”â”â”â”â”â”â”â”â”â”â”â”â”â”â”â”â”â”â”â”â”â”â”â”â”â”â”â”â”â”â”â”â”â”â” 462.6/462.6 kB 44.1 MB/s eta 0:00:00
2023-07-27T18:37:40.1263380Z Collecting charset-normalizer==3.2.0 (from -r requirements.txt (line 8))
2023-07-27T18:37:40.1266554Z   Obtaining dependency information for charset-normalizer==3.2.0 from https://files.pythonhosted.org/packages/bc/85/ef25d4ba14c7653c3020a1c6e1a7413e6791ef36a0ac177efa605fc2c737/charset_normalizer-3.2.0-cp311-cp311-manylinux_2_17_x86_64.manylinux2014_x86_64.whl.metadata
2023-07-27T18:37:40.1325593Z   Downloading charset_normalizer-3.2.0-cp311-cp311-manylinux_2_17_x86_64.manylinux2014_x86_64.whl.metadata (31 kB)
2023-07-27T18:37:40.1742893Z Collecting chromedriver-autoinstaller==0.6.2 (from -r requirements.txt (line 9))
2023-07-27T18:37:40.1749258Z   Obtaining dependency information for chromedriver-autoinstaller==0.6.2 from https://files.pythonhosted.org/packages/b7/17/824a202a4fdb6edda587f25878552beb0da6de70197d5f0b77b8d3781e91/chromedriver_autoinstaller-0.6.2-py3-none-any.whl.metadata
2023-07-27T18:37:40.1801414Z   Downloading chromedriver_autoinstaller-0.6.2-py3-none-any.whl.metadata (1.9 kB)
2023-07-27T18:37:40.2222962Z Collecting click==8.1.6 (from -r requirements.txt (line 10))
2023-07-27T18:37:40.2225986Z   Obtaining dependency information for click==8.1.6 from https://files.pythonhosted.org/packages/1a/70/e63223f8116931d365993d4a6b7ef653a4d920b41d03de7c59499962821f/click-8.1.6-py3-none-any.whl.metadata
2023-07-27T18:37:40.2272585Z   Downloading click-8.1.6-py3-none-any.whl.metadata (3.0 kB)
2023-07-27T18:37:40.6326699Z Collecting cryptography==41.0.2 (from -r requirements.txt (line 11))
2023-07-27T18:37:40.6328894Z   Obtaining dependency information for cryptography==41.0.2 from https://files.pythonhosted.org/packages/1a/c7/b8193a0859fed883738ae99d33fe90edf05c7e3d0fdb1726f8f53d85859e/cryptography-41.0.2-cp37-abi3-manylinux_2_28_x86_64.whl.metadata
2023-07-27T18:37:40.6378501Z   Downloading cryptography-41.0.2-cp37-abi3-manylinux_2_28_x86_64.whl.metadata (5.2 kB)
2023-07-27T18:37:40.6644227Z Collecting defusedxml==0.7.1 (from -r requirements.txt (line 12))
2023-07-27T18:37:40.6699808Z   Downloading defusedxml-0.7.1-py2.py3-none-any.whl (25 kB)
2023-07-27T18:37:40.7020535Z Collecting exceptiongroup==1.1.2 (from -r requirements.txt (line 13))
2023-07-27T18:37:40.7026947Z   Obtaining dependency information for exceptiongroup==1.1.2 from https://files.pythonhosted.org/packages/fe/17/f43b7c9ccf399d72038042ee72785c305f6c6fdc6231942f8ab99d995742/exceptiongroup-1.1.2-py3-none-any.whl.metadata
2023-07-27T18:37:40.7077745Z   Downloading exceptiongroup-1.1.2-py3-none-any.whl.metadata (6.1 kB)
2023-07-27T18:37:40.8806375Z Collecting Faker==15.0.0 (from -r requirements.txt (line 14))
2023-07-27T18:37:40.8883145Z   Downloading Faker-15.0.0-py3-none-any.whl (1.6 MB)
2023-07-27T18:37:40.9166232Z      â”â”â”â”â”â”â”â”â”â”â”â”â”â”â”â”â”â”â”â”â”â”â”â”â”â”â”â”â”â”â”â”â”â”â”â”â”â”â”â” 1.6/1.6 MB 66.6 MB/s eta 0:00:00
2023-07-27T18:37:40.9477504Z Collecting glob2==0.7 (from -r requirements.txt (line 15))
2023-07-27T18:37:40.9553852Z   Downloading glob2-0.7.tar.gz (10 kB)
2023-07-27T18:37:40.9649264Z   Preparing metadata (setup.py): started
2023-07-27T18:37:41.2444158Z   Preparing metadata (setup.py): finished with status 'done'
2023-07-27T18:37:41.2727992Z Collecting h11==0.14.0 (from -r requirements.txt (line 16))
2023-07-27T18:37:41.2787986Z   Downloading h11-0.14.0-py3-none-any.whl (58 kB)
2023-07-27T18:37:41.2881137Z      â”â”â”â”â”â”â”â”â”â”â”â”â”â”â”â”â”â”â”â”â”â”â”â”â”â”â”â”â”â”â”â”â”â”â”â”â”â”â”â” 58.3/58.3 kB 8.0 MB/s eta 0:00:00
2023-07-27T18:37:41.3141995Z Collecting idna==3.4 (from -r requirements.txt (line 17))
2023-07-27T18:37:41.3220265Z   Downloading idna-3.4-py3-none-any.whl (61 kB)
2023-07-27T18:37:41.3289002Z      â”â”â”â”â”â”â”â”â”â”â”â”â”â”â”â”â”â”â”â”â”â”â”â”â”â”â”â”â”â”â”â”â”â”â”â”â”â”â”â” 61.5/61.5 kB 13.1 MB/s eta 0:00:00
2023-07-27T18:37:41.4154161Z Collecting importlib-metadata==6.8.0 (from -r requirements.txt (line 18))
2023-07-27T18:37:41.4157477Z   Obtaining dependency information for importlib-metadata==6.8.0 from https://files.pythonhosted.org/packages/cc/37/db7ba97e676af155f5fcb1a35466f446eadc9104e25b83366e8088c9c926/importlib_metadata-6.8.0-py3-none-any.whl.metadata
2023-07-27T18:37:41.4203812Z   Downloading importlib_metadata-6.8.0-py3-none-any.whl.metadata (5.1 kB)
2023-07-27T18:37:41.4419643Z Collecting iniconfig==2.0.0 (from -r requirements.txt (line 19))
2023-07-27T18:37:41.4472681Z   Downloading iniconfig-2.0.0-py3-none-any.whl (5.9 kB)
2023-07-27T18:37:41.4721546Z Collecting jaraco.classes==3.3.0 (from -r requirements.txt (line 20))
2023-07-27T18:37:41.4724679Z   Obtaining dependency information for jaraco.classes==3.3.0 from https://files.pythonhosted.org/packages/c7/6b/1bc8fa93ea85146e08f0e0883bc579b7c7328364ed7df90b1628dcb36e10/jaraco.classes-3.3.0-py3-none-any.whl.metadata
2023-07-27T18:37:41.4774822Z   Downloading jaraco.classes-3.3.0-py3-none-any.whl.metadata (2.9 kB)
2023-07-27T18:37:41.5164766Z Collecting jira==3.1.1 (from -r requirements.txt (line 21))
2023-07-27T18:37:41.5228823Z   Downloading jira-3.1.1-py3-none-any.whl (67 kB)
2023-07-27T18:37:41.5300756Z      â”â”â”â”â”â”â”â”â”â”â”â”â”â”â”â”â”â”â”â”â”â”â”â”â”â”â”â”â”â”â”â”â”â”â”â”â”â”â”â” 67.9/67.9 kB 13.3 MB/s eta 0:00:00
2023-07-27T18:37:41.6392165Z Collecting keyring==24.2.0 (from -r requirements.txt (line 22))
2023-07-27T18:37:41.6394092Z   Obtaining dependency information for keyring==24.2.0 from https://files.pythonhosted.org/packages/0e/8f/5772801169cf62e8232721034f91f81e33b0cfa6e51d3bf6ff65c503af2a/keyring-24.2.0-py3-none-any.whl.metadata
2023-07-27T18:37:41.6444819Z   Downloading keyring-24.2.0-py3-none-any.whl.metadata (20 kB)
2023-07-27T18:37:41.6791067Z Collecting Mako==1.2.4 (from -r requirements.txt (line 23))
2023-07-27T18:37:41.6839933Z   Downloading Mako-1.2.4-py3-none-any.whl (78 kB)
2023-07-27T18:37:41.6907034Z      â”â”â”â”â”â”â”â”â”â”â”â”â”â”â”â”â”â”â”â”â”â”â”â”â”â”â”â”â”â”â”â”â”â”â”â”â”â”â”â” 78.7/78.7 kB 18.2 MB/s eta 0:00:00
2023-07-27T18:37:41.7870080Z Collecting MarkupSafe==2.1.3 (from -r requirements.txt (line 24))
2023-07-27T18:37:41.7879201Z   Obtaining dependency information for MarkupSafe==2.1.3 from https://files.pythonhosted.org/packages/fe/21/2eff1de472ca6c99ec3993eab11308787b9879af9ca8bbceb4868cf4f2ca/MarkupSafe-2.1.3-cp311-cp311-manylinux_2_17_x86_64.manylinux2014_x86_64.whl.metadata
2023-07-27T18:37:41.7929621Z   Downloading MarkupSafe-2.1.3-cp311-cp311-manylinux_2_17_x86_64.manylinux2014_x86_64.whl.metadata (3.0 kB)
2023-07-27T18:37:41.8383920Z Collecting more-itertools==10.0.0 (from -r requirements.txt (line 25))
2023-07-27T18:37:41.8388108Z   Obtaining dependency information for more-itertools==10.0.0 from https://files.pythonhosted.org/packages/51/6e/7c6688d94e350c006f89f84e1c6af37a857f5d302bc7a3ddf917a4470948/more_itertools-10.0.0-py3-none-any.whl.metadata
2023-07-27T18:37:41.8463670Z   Downloading more_itertools-10.0.0-py3-none-any.whl.metadata (33 kB)
2023-07-27T18:37:41.8718093Z Collecting mypy-extensions==1.0.0 (from -r requirements.txt (line 26))
2023-07-27T18:37:41.8775850Z   Downloading mypy_extensions-1.0.0-py3-none-any.whl (4.7 kB)
2023-07-27T18:37:41.9093986Z Collecting oauthlib==3.2.2 (from -r requirements.txt (line 27))
2023-07-27T18:37:41.9155291Z   Downloading oauthlib-3.2.2-py3-none-any.whl (151 kB)
2023-07-27T18:37:41.9248847Z      â”â”â”â”â”â”â”â”â”â”â”â”â”â”â”â”â”â”â”â”â”â”â”â”â”â”â”â”â”â”â”â”â”â”â”â”â”â” 151.7/151.7 kB 26.0 MB/s eta 0:00:00
2023-07-27T18:37:41.9491327Z Collecting outcome==1.2.0 (from -r requirements.txt (line 28))
2023-07-27T18:37:41.9543381Z   Downloading outcome-1.2.0-py2.py3-none-any.whl (9.7 kB)
2023-07-27T18:37:41.9947586Z Collecting packaging==23.1 (from -r requirements.txt (line 29))
2023-07-27T18:37:42.0000733Z   Downloading packaging-23.1-py3-none-any.whl (48 kB)
2023-07-27T18:37:42.0094202Z      â”â”â”â”â”â”â”â”â”â”â”â”â”â”â”â”â”â”â”â”â”â”â”â”â”â”â”â”â”â”â”â”â”â”â”â”â”â”â”â” 48.9/48.9 kB 6.0 MB/s eta 0:00:00
2023-07-27T18:37:42.0372776Z Collecting parse==1.19.1 (from -r requirements.txt (line 30))
2023-07-27T18:37:42.0374792Z   Obtaining dependency information for parse==1.19.1 from https://files.pythonhosted.org/packages/9c/57/6c51ccd70de3ebcfb0bb5b0eea2ac0ab13c51ab55043a7243faef9eb58ef/parse-1.19.1-py2.py3-none-any.whl.metadata
2023-07-27T18:37:42.0425615Z   Downloading parse-1.19.1-py2.py3-none-any.whl.metadata (20 kB)
2023-07-27T18:37:42.0729208Z Collecting parse-type==0.6.2 (from -r requirements.txt (line 31))
2023-07-27T18:37:42.0730836Z   Obtaining dependency information for parse-type==0.6.2 from https://files.pythonhosted.org/packages/ea/57/8a965284ef665bdb538693203ecf064232b89ba43cdab226f9e3d714ed1a/parse_type-0.6.2-py2.py3-none-any.whl.metadata
2023-07-27T18:37:42.0799862Z   Downloading parse_type-0.6.2-py2.py3-none-any.whl.metadata (12 kB)
2023-07-27T18:37:42.1232599Z Collecting pathspec==0.11.1 (from -r requirements.txt (line 32))
2023-07-27T18:37:42.1287399Z   Downloading pathspec-0.11.1-py3-none-any.whl (29 kB)
2023-07-27T18:37:42.1756215Z Collecting platformdirs==3.9.1 (from -r requirements.txt (line 33))
2023-07-27T18:37:42.1758596Z   Obtaining dependency information for platformdirs==3.9.1 from https://files.pythonhosted.org/packages/6d/a7/47b7088a28c8fe5775eb15281bf44d39facdbe4bc011a95ccb89390c2db9/platformdirs-3.9.1-py3-none-any.whl.metadata
2023-07-27T18:37:42.1806663Z   Downloading platformdirs-3.9.1-py3-none-any.whl.metadata (11 kB)
2023-07-27T18:37:42.2145409Z Collecting pluggy==1.2.0 (from -r requirements.txt (line 34))
2023-07-27T18:37:42.2150868Z   Obtaining dependency information for pluggy==1.2.0 from https://files.pythonhosted.org/packages/51/32/4a79112b8b87b21450b066e102d6608907f4c885ed7b04c3fdb085d4d6ae/pluggy-1.2.0-py3-none-any.whl.metadata
2023-07-27T18:37:42.2362970Z   Downloading pluggy-1.2.0-py3-none-any.whl.metadata (4.4 kB)
2023-07-27T18:37:42.2781096Z Collecting py==1.11.0 (from -r requirements.txt (line 35))
2023-07-27T18:37:42.2835786Z   Downloading py-1.11.0-py2.py3-none-any.whl (98 kB)
2023-07-27T18:37:42.2917947Z      â”â”â”â”â”â”â”â”â”â”â”â”â”â”â”â”â”â”â”â”â”â”â”â”â”â”â”â”â”â”â”â”â”â”â”â”â”â”â”â” 98.7/98.7 kB 17.8 MB/s eta 0:00:00
2023-07-27T18:37:42.3136196Z Collecting pycparser==2.21 (from -r requirements.txt (line 36))
2023-07-27T18:37:42.3191542Z   Downloading pycparser-2.21-py2.py3-none-any.whl (118 kB)
2023-07-27T18:37:42.3264225Z      â”â”â”â”â”â”â”â”â”â”â”â”â”â”â”â”â”â”â”â”â”â”â”â”â”â”â”â”â”â”â”â”â”â”â”â”â”â” 118.7/118.7 kB 26.5 MB/s eta 0:00:00
2023-07-27T18:37:42.3619505Z Collecting pyOpenSSL==23.2.0 (from -r requirements.txt (line 37))
2023-07-27T18:37:42.3625429Z   Obtaining dependency information for pyOpenSSL==23.2.0 from https://files.pythonhosted.org/packages/f0/e2/f8b4f1c67933a4907e52228241f4bd52169f3196b70af04403b29c63238a/pyOpenSSL-23.2.0-py3-none-any.whl.metadata
2023-07-27T18:37:42.3736252Z   Downloading pyOpenSSL-23.2.0-py3-none-any.whl.metadata (10 kB)
2023-07-27T18:37:42.3990867Z Collecting PySocks==1.7.1 (from -r requirements.txt (line 38))
2023-07-27T18:37:42.4044032Z   Downloading PySocks-1.7.1-py3-none-any.whl (16 kB)
2023-07-27T18:37:42.5022604Z Collecting pytest==7.4.0 (from -r requirements.txt (line 39))
2023-07-27T18:37:42.5024230Z   Obtaining dependency information for pytest==7.4.0 from https://files.pythonhosted.org/packages/33/b2/741130cbcf2bbfa852ed95a60dc311c9e232c7ed25bac3d9b8880a8df4ae/pytest-7.4.0-py3-none-any.whl.metadata
2023-07-27T18:37:42.5073084Z   Downloading pytest-7.4.0-py3-none-any.whl.metadata (8.0 kB)
2023-07-27T18:37:42.5427877Z Collecting pytest-bdd==5.0.0 (from -r requirements.txt (line 40))
2023-07-27T18:37:42.5491274Z   Downloading pytest_bdd-5.0.0-py3-none-any.whl (38 kB)
2023-07-27T18:37:42.5814088Z Collecting python-dateutil==2.8.2 (from -r requirements.txt (line 41))
2023-07-27T18:37:42.5868658Z   Downloading python_dateutil-2.8.2-py2.py3-none-any.whl (247 kB)
2023-07-27T18:37:42.5965281Z      â”â”â”â”â”â”â”â”â”â”â”â”â”â”â”â”â”â”â”â”â”â”â”â”â”â”â”â”â”â”â”â”â”â”â”â”â”â” 247.7/247.7 kB 36.4 MB/s eta 0:00:00
2023-07-27T18:37:42.6322557Z Collecting python-dotenv==1.0.0 (from -r requirements.txt (line 42))
2023-07-27T18:37:42.6375704Z   Downloading python_dotenv-1.0.0-py3-none-any.whl (19 kB)
2023-07-27T18:37:42.6971621Z Collecting requests==2.31.0 (from -r requirements.txt (line 43))
2023-07-27T18:37:42.6978520Z   Obtaining dependency information for requests==2.31.0 from https://files.pythonhosted.org/packages/70/8e/0e2d847013cb52cd35b38c009bb167a1a26b2ce6cd6965bf26b47bc0bf44/requests-2.31.0-py3-none-any.whl.metadata
2023-07-27T18:37:42.7032709Z   Downloading requests-2.31.0-py3-none-any.whl.metadata (4.6 kB)
2023-07-27T18:37:42.7298591Z Collecting requests-oauthlib==1.3.1 (from -r requirements.txt (line 44))
2023-07-27T18:37:42.7443249Z   Downloading requests_oauthlib-1.3.1-py2.py3-none-any.whl (23 kB)
2023-07-27T18:37:42.7889364Z Collecting requests-toolbelt==1.0.0 (from -r requirements.txt (line 45))
2023-07-27T18:37:42.7933758Z   Downloading requests_toolbelt-1.0.0-py2.py3-none-any.whl (54 kB)
2023-07-27T18:37:42.8000074Z      â”â”â”â”â”â”â”â”â”â”â”â”â”â”â”â”â”â”â”â”â”â”â”â”â”â”â”â”â”â”â”â”â”â”â”â”â”â”â”â” 54.5/54.5 kB 11.8 MB/s eta 0:00:00
2023-07-27T18:37:42.8625223Z Collecting selenium==4.1.5 (from -r requirements.txt (line 46))
2023-07-27T18:37:42.8698928Z   Downloading selenium-4.1.5-py3-none-any.whl (979 kB)
2023-07-27T18:37:42.8882539Z      â”â”â”â”â”â”â”â”â”â”â”â”â”â”â”â”â”â”â”â”â”â”â”â”â”â”â”â”â”â”â”â”â”â”â”â”â”â” 979.4/979.4 kB 65.4 MB/s eta 0:00:00
2023-07-27T18:37:42.9213529Z Collecting six==1.16.0 (from -r requirements.txt (line 47))
2023-07-27T18:37:42.9261957Z   Downloading six-1.16.0-py2.py3-none-any.whl (11 kB)
2023-07-27T18:37:42.9465046Z Collecting sniffio==1.3.0 (from -r requirements.txt (line 48))
2023-07-27T18:37:42.9511215Z   Downloading sniffio-1.3.0-py3-none-any.whl (10 kB)
2023-07-27T18:37:42.9797638Z Collecting sortedcontainers==2.4.0 (from -r requirements.txt (line 49))
2023-07-27T18:37:42.9907389Z   Downloading sortedcontainers-2.4.0-py2.py3-none-any.whl (29 kB)
2023-07-27T18:37:43.0232198Z Collecting trio==0.22.2 (from -r requirements.txt (line 50))
2023-07-27T18:37:43.0234624Z   Obtaining dependency information for trio==0.22.2 from https://files.pythonhosted.org/packages/a3/dd/b61fa61b186d3267ef3903048fbee29132963ae762fb70b08d4a3cd6f7aa/trio-0.22.2-py3-none-any.whl.metadata
2023-07-27T18:37:43.0282140Z   Downloading trio-0.22.2-py3-none-any.whl.metadata (4.7 kB)
2023-07-27T18:37:43.0527714Z Collecting trio-websocket==0.10.3 (from -r requirements.txt (line 51))
2023-07-27T18:37:43.0530708Z   Obtaining dependency information for trio-websocket==0.10.3 from https://files.pythonhosted.org/packages/a5/a6/06e2373f95c12e9e8f6b910a76c86e375348ead77ab476230640666310fb/trio_websocket-0.10.3-py3-none-any.whl.metadata
2023-07-27T18:37:43.0574109Z   Downloading trio_websocket-0.10.3-py3-none-any.whl.metadata (4.6 kB)
2023-07-27T18:37:43.1321621Z Collecting urllib3==1.26.16 (from -r requirements.txt (line 52))
2023-07-27T18:37:43.1324078Z   Obtaining dependency information for urllib3==1.26.16 from https://files.pythonhosted.org/packages/c5/05/c214b32d21c0b465506f95c4f28ccbcba15022e000b043b72b3df7728471/urllib3-1.26.16-py2.py3-none-any.whl.metadata
2023-07-27T18:37:43.1372506Z   Downloading urllib3-1.26.16-py2.py3-none-any.whl.metadata (48 kB)
2023-07-27T18:37:43.1427005Z      â”â”â”â”â”â”â”â”â”â”â”â”â”â”â”â”â”â”â”â”â”â”â”â”â”â”â”â”â”â”â”â”â”â”â”â”â”â”â”â” 48.4/48.4 kB 13.2 MB/s eta 0:00:00
2023-07-27T18:37:43.1876106Z Collecting urllib3-secure-extra==0.1.0 (from -r requirements.txt (line 53))
2023-07-27T18:37:43.1927717Z   Downloading urllib3_secure_extra-0.1.0-py2.py3-none-any.whl (1.4 kB)
2023-07-27T18:37:43.2312131Z Collecting webdriver-manager==3.9.1 (from -r requirements.txt (line 54))
2023-07-27T18:37:43.2318562Z   Obtaining dependency information for webdriver-manager==3.9.1 from https://files.pythonhosted.org/packages/7d/47/a719c25b777275d96e24c4f7f3612db05de4d077400fb945bffef58819c7/webdriver_manager-3.9.1-py2.py3-none-any.whl.metadata
2023-07-27T18:37:43.2430995Z   Downloading webdriver_manager-3.9.1-py2.py3-none-any.whl.metadata (11 kB)
2023-07-27T18:37:43.2697242Z Collecting wsproto==1.2.0 (from -r requirements.txt (line 55))
2023-07-27T18:37:43.2773994Z   Downloading wsproto-1.2.0-py3-none-any.whl (24 kB)
2023-07-27T18:37:43.3197761Z Collecting zipp==3.16.2 (from -r requirements.txt (line 56))
2023-07-27T18:37:43.3203644Z   Obtaining dependency information for zipp==3.16.2 from https://files.pythonhosted.org/packages/8c/08/d3006317aefe25ea79d3b76c9650afabaf6d63d1c8443b236e7405447503/zipp-3.16.2-py3-none-any.whl.metadata
2023-07-27T18:37:43.3254121Z   Downloading zipp-3.16.2-py3-none-any.whl.metadata (3.7 kB)
2023-07-27T18:37:43.6398567Z Requirement already satisfied: setuptools>=20.10.1 in ./.venv/lib/python3.11/site-packages (from jira==3.1.1->-r requirements.txt (line 21)) (68.0.0)
2023-07-27T18:37:43.7059275Z Collecting SecretStorage>=3.2 (from keyring==24.2.0->-r requirements.txt (line 22))
2023-07-27T18:37:43.7110399Z   Downloading SecretStorage-3.3.3-py3-none-any.whl (15 kB)
2023-07-27T18:37:43.7372317Z Collecting jeepney>=0.4.2 (from keyring==24.2.0->-r requirements.txt (line 22))
2023-07-27T18:37:43.7419951Z   Downloading jeepney-0.8.0-py3-none-any.whl (48 kB)
2023-07-27T18:37:43.7481334Z      â”â”â”â”â”â”â”â”â”â”â”â”â”â”â”â”â”â”â”â”â”â”â”â”â”â”â”â”â”â”â”â”â”â”â”â”â”â”â”â” 48.4/48.4 kB 13.5 MB/s eta 0:00:00
2023-07-27T18:37:44.5404883Z Downloading black-23.7.0-cp311-cp311-manylinux_2_17_x86_64.manylinux2014_x86_64.whl (1.6 MB)
2023-07-27T18:37:44.5759960Z    â”â”â”â”â”â”â”â”â”â”â”â”â”â”â”â”â”â”â”â”â”â”â”â”â”â”â”â”â”â”â”â”â”â”â”â”â”â”â”â” 1.6/1.6 MB 51.8 MB/s eta 0:00:00
2023-07-27T18:37:44.5819932Z Downloading certifi-2023.7.22-py3-none-any.whl (158 kB)
2023-07-27T18:37:44.5899052Z    â”â”â”â”â”â”â”â”â”â”â”â”â”â”â”â”â”â”â”â”â”â”â”â”â”â”â”â”â”â”â”â”â”â”â”â”â”â”â”â” 158.3/158.3 kB 29.6 MB/s eta 0:00:00
2023-07-27T18:37:44.5949270Z Downloading charset_normalizer-3.2.0-cp311-cp311-manylinux_2_17_x86_64.manylinux2014_x86_64.whl (199 kB)
2023-07-27T18:37:44.6021496Z    â”â”â”â”â”â”â”â”â”â”â”â”â”â”â”â”â”â”â”â”â”â”â”â”â”â”â”â”â”â”â”â”â”â”â”â”â”â”â”â” 199.6/199.6 kB 39.3 MB/s eta 0:00:00
2023-07-27T18:37:44.6070392Z Downloading chromedriver_autoinstaller-0.6.2-py3-none-any.whl (7.4 kB)
2023-07-27T18:37:44.6147705Z Downloading click-8.1.6-py3-none-any.whl (97 kB)
2023-07-27T18:37:44.6226557Z    â”â”â”â”â”â”â”â”â”â”â”â”â”â”â”â”â”â”â”â”â”â”â”â”â”â”â”â”â”â”â”â”â”â”â”â”â”â”â”â” 97.9/97.9 kB 22.5 MB/s eta 0:00:00
2023-07-27T18:37:44.6277485Z Downloading cryptography-41.0.2-cp37-abi3-manylinux_2_28_x86_64.whl (4.3 MB)
2023-07-27T18:37:44.6910311Z    â”â”â”â”â”â”â”â”â”â”â”â”â”â”â”â”â”â”â”â”â”â”â”â”â”â”â”â”â”â”â”â”â”â”â”â”â”â”â”â” 4.3/4.3 MB 71.9 MB/s eta 0:00:00
2023-07-27T18:37:44.6967207Z Downloading exceptiongroup-1.1.2-py3-none-any.whl (14 kB)
2023-07-27T18:37:44.7054890Z Downloading importlib_metadata-6.8.0-py3-none-any.whl (22 kB)
2023-07-27T18:37:44.7126129Z Downloading jaraco.classes-3.3.0-py3-none-any.whl (5.9 kB)
2023-07-27T18:37:44.7191798Z Downloading keyring-24.2.0-py3-none-any.whl (37 kB)
2023-07-27T18:37:44.7269468Z Downloading MarkupSafe-2.1.3-cp311-cp311-manylinux_2_17_x86_64.manylinux2014_x86_64.whl (28 kB)
2023-07-27T18:37:44.7352069Z Downloading more_itertools-10.0.0-py3-none-any.whl (55 kB)
2023-07-27T18:37:44.7422473Z    â”â”â”â”â”â”â”â”â”â”â”â”â”â”â”â”â”â”â”â”â”â”â”â”â”â”â”â”â”â”â”â”â”â”â”â”â”â”â”â” 55.3/55.3 kB 11.5 MB/s eta 0:00:00
2023-07-27T18:37:44.7474221Z Downloading parse-1.19.1-py2.py3-none-any.whl (18 kB)
2023-07-27T18:37:44.7553643Z Downloading parse_type-0.6.2-py2.py3-none-any.whl (26 kB)
2023-07-27T18:37:44.7626533Z Downloading platformdirs-3.9.1-py3-none-any.whl (16 kB)
2023-07-27T18:37:44.7701195Z Downloading pluggy-1.2.0-py3-none-any.whl (17 kB)
2023-07-27T18:37:44.7781077Z Downloading pyOpenSSL-23.2.0-py3-none-any.whl (59 kB)
2023-07-27T18:37:44.7844285Z    â”â”â”â”â”â”â”â”â”â”â”â”â”â”â”â”â”â”â”â”â”â”â”â”â”â”â”â”â”â”â”â”â”â”â”â”â”â”â”â” 59.0/59.0 kB 15.0 MB/s eta 0:00:00
2023-07-27T18:37:44.7891413Z Downloading pytest-7.4.0-py3-none-any.whl (323 kB)
2023-07-27T18:37:44.7984926Z    â”â”â”â”â”â”â”â”â”â”â”â”â”â”â”â”â”â”â”â”â”â”â”â”â”â”â”â”â”â”â”â”â”â”â”â”â”â”â”â” 323.6/323.6 kB 47.0 MB/s eta 0:00:00
2023-07-27T18:37:44.8036716Z Downloading requests-2.31.0-py3-none-any.whl (62 kB)
2023-07-27T18:37:44.8098049Z    â”â”â”â”â”â”â”â”â”â”â”â”â”â”â”â”â”â”â”â”â”â”â”â”â”â”â”â”â”â”â”â”â”â”â”â”â”â”â”â” 62.6/62.6 kB 14.5 MB/s eta 0:00:00
2023-07-27T18:37:44.8146175Z Downloading trio-0.22.2-py3-none-any.whl (400 kB)
2023-07-27T18:37:44.8247170Z    â”â”â”â”â”â”â”â”â”â”â”â”â”â”â”â”â”â”â”â”â”â”â”â”â”â”â”â”â”â”â”â”â”â”â”â”â”â”â”â” 400.2/400.2 kB 54.7 MB/s eta 0:00:00
2023-07-27T18:37:44.8295440Z Downloading trio_websocket-0.10.3-py3-none-any.whl (17 kB)
2023-07-27T18:37:44.8374335Z Downloading urllib3-1.26.16-py2.py3-none-any.whl (143 kB)
2023-07-27T18:37:44.8439793Z    â”â”â”â”â”â”â”â”â”â”â”â”â”â”â”â”â”â”â”â”â”â”â”â”â”â”â”â”â”â”â”â”â”â”â”â”â”â”â”â” 143.1/143.1 kB 33.5 MB/s eta 0:00:00
2023-07-27T18:37:44.8498503Z Downloading webdriver_manager-3.9.1-py2.py3-none-any.whl (27 kB)
2023-07-27T18:37:44.8571907Z Downloading zipp-3.16.2-py3-none-any.whl (7.2 kB)
2023-07-27T18:37:44.9192252Z Building wheels for collected packages: glob2
2023-07-27T18:37:44.9200992Z   Building wheel for glob2 (setup.py): started
2023-07-27T18:37:45.2539881Z   Building wheel for glob2 (setup.py): finished with status 'done'
2023-07-27T18:37:45.2543448Z   Created wheel for glob2: filename=glob2-0.7-py2.py3-none-any.whl size=9299 sha256=f97d85bed3e1670344153125e77a273bcf7b5a36f5c8825667ba568382e7c36f
2023-07-27T18:37:45.2545450Z   Stored in directory: /home/runner/.cache/pip/wheels/96/41/06/9f8fddc6eb1d75bde63db7f491311a4ae26905212617e06eb2
2023-07-27T18:37:45.2571554Z Successfully built glob2
2023-07-27T18:37:45.6969035Z Installing collected packages: urllib3-secure-extra, sortedcontainers, parse, glob2, zipp, urllib3, sniffio, six, python-dotenv, PySocks, pycparser, py, pluggy, platformdirs, pathspec, packaging, oauthlib, mypy-extensions, more-itertools, MarkupSafe, jeepney, iniconfig, idna, h11, exceptiongroup, defusedxml, click, chromedriver-autoinstaller, charset-normalizer, certifi, attrs, wsproto, requests, python-dateutil, pytest, parse-type, outcome, Mako, jaraco.classes, importlib-metadata, cffi, black, allure-python-commons, webdriver-manager, trio, requests-toolbelt, requests-oauthlib, pytest-bdd, Faker, cryptography, behave, trio-websocket, SecretStorage, pyOpenSSL, allure-behave, keyring, selenium, jira
2023-07-27T18:37:52.2433933Z Successfully installed Faker-15.0.0 Mako-1.2.4 MarkupSafe-2.1.3 PySocks-1.7.1 SecretStorage-3.3.3 allure-behave-2.13.2 allure-python-commons-2.13.2 attrs-23.1.0 behave-1.2.6 black-23.7.0 certifi-2023.7.22 cffi-1.15.1 charset-normalizer-3.2.0 chromedriver-autoinstaller-0.6.2 click-8.1.6 cryptography-41.0.2 defusedxml-0.7.1 exceptiongroup-1.1.2 glob2-0.7 h11-0.14.0 idna-3.4 importlib-metadata-6.8.0 iniconfig-2.0.0 jaraco.classes-3.3.0 jeepney-0.8.0 jira-3.1.1 keyring-24.2.0 more-itertools-10.0.0 mypy-extensions-1.0.0 oauthlib-3.2.2 outcome-1.2.0 packaging-23.1 parse-1.19.1 parse-type-0.6.2 pathspec-0.11.1 platformdirs-3.9.1 pluggy-1.2.0 py-1.11.0 pyOpenSSL-23.2.0 pycparser-2.21 pytest-7.4.0 pytest-bdd-5.0.0 python-dateutil-2.8.2 python-dotenv-1.0.0 requests-2.31.0 requests-oauthlib-1.3.1 requests-toolbelt-1.0.0 selenium-4.1.5 six-1.16.0 sniffio-1.3.0 sortedcontainers-2.4.0 trio-0.22.2 trio-websocket-0.10.3 urllib3-1.26.16 urllib3-secure-extra-0.1.0 webdriver-manager-3.9.1 wsproto-1.2.0 zipp-3.16.2
2023-07-27T18:37:52.5956219Z ##[group]Run source .venv/bin/activate
2023-07-27T18:37:52.5958571Z [36;1msource .venv/bin/activate[0m
2023-07-27T18:37:52.5959031Z [36;1mbehave \[0m
2023-07-27T18:37:52.5960532Z [36;1m  --verbose \[0m
2023-07-27T18:37:52.5960879Z [36;1m  --tags=@simple \[0m
2023-07-27T18:37:52.5961244Z [36;1m  --format=allure_behave.formatter:AllureFormatter \[0m
2023-07-27T18:37:52.5961748Z [36;1m  --summary \[0m
2023-07-27T18:37:52.5962125Z [36;1m  --outfile $TEST_RESULTS_DIR \[0m
2023-07-27T18:37:52.5962898Z [36;1m  --include simple[0m
2023-07-27T18:37:52.6024378Z shell: /usr/bin/bash -e {0}
2023-07-27T18:37:52.6024798Z env:
2023-07-27T18:37:52.6025248Z   TEST_RESULTS_DIR: allure-results
2023-07-27T18:37:52.6025576Z   ALLURE_REPORT_DIR: allure-report
2023-07-27T18:37:52.6025901Z   pythonLocation: /opt/hostedtoolcache/Python/3.11.4/x64
2023-07-27T18:37:52.6026393Z   PKG_CONFIG_PATH: /opt/hostedtoolcache/Python/3.11.4/x64/lib/pkgconfig
2023-07-27T18:37:52.6026955Z   Python_ROOT_DIR: /opt/hostedtoolcache/Python/3.11.4/x64
2023-07-27T18:37:52.6027293Z   Python2_ROOT_DIR: /opt/hostedtoolcache/Python/3.11.4/x64
2023-07-27T18:37:52.6027777Z   Python3_ROOT_DIR: /opt/hostedtoolcache/Python/3.11.4/x64
2023-07-27T18:37:52.6028169Z   LD_LIBRARY_PATH: /opt/hostedtoolcache/Python/3.11.4/x64/lib
2023-07-27T18:37:52.6028500Z ##[endgroup]
2023-07-27T18:37:58.2369889Z Loading config defaults from "./behave.ini"
2023-07-27T18:37:58.2370740Z Using defaults:
2023-07-27T18:37:58.2371628Z           color True
2023-07-27T18:37:58.2373261Z   show_snippets True
2023-07-27T18:37:58.2373612Z    show_skipped True
2023-07-27T18:37:58.2373989Z         dry_run False
2023-07-27T18:37:58.2374281Z     show_source True
2023-07-27T18:37:58.2374702Z    show_timings True
2023-07-27T18:37:58.2375050Z  stdout_capture True
2023-07-27T18:37:58.2375330Z  stderr_capture True
2023-07-27T18:37:58.2375676Z     log_capture True
2023-07-27T18:37:58.2376071Z  logging_format %(levelname)s:%(name)s:%(message)s
2023-07-27T18:37:58.2376454Z   logging_level 20
2023-07-27T18:37:58.2376797Z   steps_catalog False
2023-07-27T18:37:58.2377411Z         summary True
2023-07-27T18:37:58.2377840Z           junit False
2023-07-27T18:37:58.2378138Z           stage None
2023-07-27T18:37:58.2379050Z        userdata {'env': 'None', 'browser': 'chrome', 'mode': 'headless'}
2023-07-27T18:37:58.2379430Z  default_format pretty
2023-07-27T18:37:58.2379749Z    default_tags 
2023-07-27T18:37:58.2380590Z scenario_outline_annotation_schema {name} -- @{row.id} {examples.name}
2023-07-27T18:37:58.2381188Z more_formatters {}
2023-07-27T18:37:58.2381600Z Using default path "./features"
2023-07-27T18:37:58.2382163Z Trying base directory: /home/runner/work/selenium-test/selenium-test/features
2023-07-27T18:37:58.2382789Z Trying base directory: /home/runner/work/selenium-test/selenium-test
2023-07-27T18:37:58.2383016Z 
2023-07-27T18:37:58.2383160Z Failing scenarios:
2023-07-27T18:37:58.2383612Z   features/simple.feature:13  Visit a site that does not exist
2023-07-27T18:37:58.2383884Z 
2023-07-27T18:37:58.2384220Z 0 features passed, 1 failed, 0 skipped
2023-07-27T18:37:58.2384557Z 2 scenarios passed, 1 failed, 0 skipped
2023-07-27T18:37:58.2385441Z 2 steps passed, 1 failed, 0 skipped, 0 undefined
2023-07-27T18:37:58.2385781Z Took 0m0.890s
2023-07-27T18:37:58.2975072Z ##[error]Process completed with exit code 1.
2023-07-27T18:37:58.3033674Z ##[group]Run source .venv/bin/activate \
2023-07-27T18:37:58.3034026Z [36;1msource .venv/bin/activate \[0m
2023-07-27T18:37:58.3034321Z [36;1m&& allure generate "./$TEST_RESULTS_DIR" \[0m
2023-07-27T18:37:58.3034615Z [36;1m  -o "./$ALLURE_REPORT_DIR" \[0m
2023-07-27T18:37:58.3034854Z [36;1m  --clean[0m
2023-07-27T18:37:58.3099219Z shell: /usr/bin/bash -e {0}
2023-07-27T18:37:58.3099462Z env:
2023-07-27T18:37:58.3099701Z   TEST_RESULTS_DIR: allure-results
2023-07-27T18:37:58.3100138Z   ALLURE_REPORT_DIR: allure-report
2023-07-27T18:37:58.3100453Z   pythonLocation: /opt/hostedtoolcache/Python/3.11.4/x64
2023-07-27T18:37:58.3100811Z   PKG_CONFIG_PATH: /opt/hostedtoolcache/Python/3.11.4/x64/lib/pkgconfig
2023-07-27T18:37:58.3101146Z   Python_ROOT_DIR: /opt/hostedtoolcache/Python/3.11.4/x64
2023-07-27T18:37:58.3101504Z   Python2_ROOT_DIR: /opt/hostedtoolcache/Python/3.11.4/x64
2023-07-27T18:37:58.3101829Z   Python3_ROOT_DIR: /opt/hostedtoolcache/Python/3.11.4/x64
2023-07-27T18:37:58.3102207Z   LD_LIBRARY_PATH: /opt/hostedtoolcache/Python/3.11.4/x64/lib
2023-07-27T18:37:58.3102484Z ##[endgroup]
2023-07-27T18:38:02.1901619Z Report successfully generated to ./allure-report
2023-07-27T18:38:02.2145655Z ##[group]Run actions/upload-artifact@v3
2023-07-27T18:38:02.2145956Z with:
2023-07-27T18:38:02.2146163Z   name: allure-report
2023-07-27T18:38:02.2146410Z   path: ./allure-report/*
2023-07-27T18:38:02.2146667Z   if-no-files-found: warn
2023-07-27T18:38:02.2146941Z env:
2023-07-27T18:38:02.2147153Z   TEST_RESULTS_DIR: allure-results
2023-07-27T18:38:02.2147427Z   ALLURE_REPORT_DIR: allure-report
2023-07-27T18:38:02.2147749Z   pythonLocation: /opt/hostedtoolcache/Python/3.11.4/x64
2023-07-27T18:38:02.2148107Z   PKG_CONFIG_PATH: /opt/hostedtoolcache/Python/3.11.4/x64/lib/pkgconfig
2023-07-27T18:38:02.2148470Z   Python_ROOT_DIR: /opt/hostedtoolcache/Python/3.11.4/x64
2023-07-27T18:38:02.2148815Z   Python2_ROOT_DIR: /opt/hostedtoolcache/Python/3.11.4/x64
2023-07-27T18:38:02.2149142Z   Python3_ROOT_DIR: /opt/hostedtoolcache/Python/3.11.4/x64
2023-07-27T18:38:02.2149486Z   LD_LIBRARY_PATH: /opt/hostedtoolcache/Python/3.11.4/x64/lib
2023-07-27T18:38:02.2150128Z ##[endgroup]
2023-07-27T18:38:02.3548798Z With the provided path, there will be 44 files uploaded
2023-07-27T18:38:02.3559426Z Starting artifact upload
2023-07-27T18:38:02.3560517Z For more detailed logs during the artifact upload process, enable step-debugging: https://docs.github.com/actions/monitoring-and-troubleshooting-workflows/enabling-debug-logging#enabling-step-debug-logging
2023-07-27T18:38:02.3565533Z Artifact name is valid!
2023-07-27T18:38:02.5176678Z Container for artifact "allure-report" successfully created. Starting upload of file(s)
2023-07-27T18:38:06.6312037Z Total size of all the files uploaded is 984696 bytes
2023-07-27T18:38:06.6312423Z File upload process has finished. Finalizing the artifact upload
2023-07-27T18:38:06.7265670Z Artifact has been finalized. All files have been successfully uploaded!
2023-07-27T18:38:06.7268215Z 
2023-07-27T18:38:06.7271022Z The raw size of all the files that were specified for upload is 2381584 bytes
2023-07-27T18:38:06.7273333Z The size of all the files that were uploaded is 984696 bytes. This takes into account any gzip compression used to reduce the upload size, time and storage
2023-07-27T18:38:06.7273989Z 
2023-07-27T18:38:06.7274728Z Note: The size of downloaded zips can differ significantly from the reported size. For more information see: https://github.com/actions/upload-artifact#zipped-artifact-downloads 
2023-07-27T18:38:06.7275714Z 
2023-07-27T18:38:06.7308166Z Artifact allure-report has been successfully uploaded!
2023-07-27T18:38:06.7393601Z Post job cleanup.
2023-07-27T18:38:06.9357676Z Post job cleanup.
2023-07-27T18:38:07.0640630Z [command]/usr/bin/git version
2023-07-27T18:38:07.0706700Z git version 2.41.0
2023-07-27T18:38:07.0771081Z Temporarily overriding HOME='/home/runner/work/_temp/2d53f5e1-bc26-44e4-af83-395c4883b10b' before making global git config changes
2023-07-27T18:38:07.0772436Z Adding repository directory to the temporary git global config as a safe directory
2023-07-27T18:38:07.0785957Z [command]/usr/bin/git config --global --add safe.directory /home/runner/work/selenium-test/selenium-test
2023-07-27T18:38:07.0850435Z [command]/usr/bin/git config --local --name-only --get-regexp core\.sshCommand
2023-07-27T18:38:07.0907370Z [command]/usr/bin/git submodule foreach --recursive sh -c "git config --local --name-only --get-regexp 'core\.sshCommand' && git config --local --unset-all 'core.sshCommand' || :"
2023-07-27T18:38:07.1234457Z [command]/usr/bin/git config --local --name-only --get-regexp http\.https\:\/\/github\.com\/\.extraheader
2023-07-27T18:38:07.1276206Z http.https://github.com/.extraheader
2023-07-27T18:38:07.1296878Z [command]/usr/bin/git config --local --unset-all http.https://github.com/.extraheader
2023-07-27T18:38:07.1355512Z [command]/usr/bin/git submodule foreach --recursive sh -c "git config --local --name-only --get-regexp 'http\.https\:\/\/github\.com\/\.extraheader' && git config --local --unset-all 'http.https://github.com/.extraheader' || :"
2023-07-27T18:38:07.1901590Z Cleaning up orphan processes
